
45. Executing CHECK pass (checking for obvious problems).
Checking module bootrom$croc_chip.i_croc_soc.i_croc.i_bootrom...
Checking module cdc_2phase_clearable$croc_chip.i_croc_soc.i_croc.i_dmi_jtag.i_dmi_cdc.i_cdc_req...
Checking module cdc_2phase_clearable$croc_chip.i_croc_soc.i_croc.i_dmi_jtag.i_dmi_cdc.i_cdc_resp...
Checking module cdc_2phase_dst_clearable$croc_chip.i_croc_soc.i_croc.i_dmi_jtag.i_dmi_cdc.i_cdc_req.i_dst...
Checking module cdc_2phase_dst_clearable$croc_chip.i_croc_soc.i_croc.i_dmi_jtag.i_dmi_cdc.i_cdc_resp.i_dst...
Checking module cdc_2phase_src_clearable$croc_chip.i_croc_soc.i_croc.i_dmi_jtag.i_dmi_cdc.i_cdc_req.i_src...
Checking module cdc_2phase_src_clearable$croc_chip.i_croc_soc.i_croc.i_dmi_jtag.i_dmi_cdc.i_cdc_resp.i_src...
Checking module cdc_4phase_dst$croc_chip.i_croc_soc.i_croc.i_dmi_jtag.i_dmi_cdc.i_cdc_req.i_cdc_reset_ctrlr.i_cdc_reset_ctrlr_half_a.i_state_transition_cdc_dst...
Checking module cdc_4phase_dst$croc_chip.i_croc_soc.i_croc.i_dmi_jtag.i_dmi_cdc.i_cdc_req.i_cdc_reset_ctrlr.i_cdc_reset_ctrlr_half_b.i_state_transition_cdc_dst...
Checking module cdc_4phase_dst$croc_chip.i_croc_soc.i_croc.i_dmi_jtag.i_dmi_cdc.i_cdc_resp.i_cdc_reset_ctrlr.i_cdc_reset_ctrlr_half_a.i_state_transition_cdc_dst...
Checking module cdc_4phase_dst$croc_chip.i_croc_soc.i_croc.i_dmi_jtag.i_dmi_cdc.i_cdc_resp.i_cdc_reset_ctrlr.i_cdc_reset_ctrlr_half_b.i_state_transition_cdc_dst...
Checking module cdc_4phase_src$croc_chip.i_croc_soc.i_croc.i_dmi_jtag.i_dmi_cdc.i_cdc_req.i_cdc_reset_ctrlr.i_cdc_reset_ctrlr_half_a.i_state_transition_cdc_src...
Checking module cdc_4phase_src$croc_chip.i_croc_soc.i_croc.i_dmi_jtag.i_dmi_cdc.i_cdc_req.i_cdc_reset_ctrlr.i_cdc_reset_ctrlr_half_b.i_state_transition_cdc_src...
Checking module cdc_4phase_src$croc_chip.i_croc_soc.i_croc.i_dmi_jtag.i_dmi_cdc.i_cdc_resp.i_cdc_reset_ctrlr.i_cdc_reset_ctrlr_half_a.i_state_transition_cdc_src...
Checking module cdc_4phase_src$croc_chip.i_croc_soc.i_croc.i_dmi_jtag.i_dmi_cdc.i_cdc_resp.i_cdc_reset_ctrlr.i_cdc_reset_ctrlr_half_b.i_state_transition_cdc_src...
Checking module cdc_reset_ctrlr$croc_chip.i_croc_soc.i_croc.i_dmi_jtag.i_dmi_cdc.i_cdc_req.i_cdc_reset_ctrlr...
Checking module cdc_reset_ctrlr$croc_chip.i_croc_soc.i_croc.i_dmi_jtag.i_dmi_cdc.i_cdc_resp.i_cdc_reset_ctrlr...
Checking module cdc_reset_ctrlr_half$croc_chip.i_croc_soc.i_croc.i_dmi_jtag.i_dmi_cdc.i_cdc_req.i_cdc_reset_ctrlr.i_cdc_reset_ctrlr_half_a...
Checking module cdc_reset_ctrlr_half$croc_chip.i_croc_soc.i_croc.i_dmi_jtag.i_dmi_cdc.i_cdc_req.i_cdc_reset_ctrlr.i_cdc_reset_ctrlr_half_b...
Checking module cdc_reset_ctrlr_half$croc_chip.i_croc_soc.i_croc.i_dmi_jtag.i_dmi_cdc.i_cdc_resp.i_cdc_reset_ctrlr.i_cdc_reset_ctrlr_half_a...
Checking module cdc_reset_ctrlr_half$croc_chip.i_croc_soc.i_croc.i_dmi_jtag.i_dmi_cdc.i_cdc_resp.i_cdc_reset_ctrlr.i_cdc_reset_ctrlr_half_b...
Checking module clint$croc_chip.i_croc_soc.i_croc.i_clint...
Checking module core_wrap$croc_chip.i_croc_soc.i_croc.i_core_wrap...
Checking module croc_chip...
Checking module croc_domain$croc_chip.i_croc_soc.i_croc...
Checking module croc_soc$croc_chip.i_croc_soc...
Checking module cve2_cs_registers$croc_chip.i_croc_soc.i_croc.i_core_wrap.i_core.cs_registers_i...
Checking module cve2_register_file_ff$croc_chip.i_croc_soc.i_croc.i_core_wrap.i_core.register_file_i...
Checking module dm_top$croc_chip.i_croc_soc.i_croc.i_dm_top.i_dm_top...
Checking module dmi_jtag$croc_chip.i_croc_soc.i_croc.i_dmi_jtag...
Checking module gpio$croc_chip.i_croc_soc.i_croc.i_gpio...
Checking module obi_timer$croc_chip.i_croc_soc.i_croc.i_obi_timer...
Checking module obi_uart$croc_chip.i_croc_soc.i_croc.i_uart...
Checking module soc_ctrl_regs$croc_chip.i_croc_soc.i_croc.i_soc_ctrl...
Checking module sync$croc_chip.i_croc_soc.i_croc.i_clint.i_sync...
Checking module sync$croc_chip.i_croc_soc.i_croc.i_dmi_jtag.i_dmi_cdc.i_cdc_req.i_cdc_reset_ctrlr.i_cdc_reset_ctrlr_half_a.i_state_transition_cdc_dst.i_sync...
Checking module sync$croc_chip.i_croc_soc.i_croc.i_dmi_jtag.i_dmi_cdc.i_cdc_req.i_cdc_reset_ctrlr.i_cdc_reset_ctrlr_half_a.i_state_transition_cdc_src.i_sync...
Checking module sync$croc_chip.i_croc_soc.i_croc.i_dmi_jtag.i_dmi_cdc.i_cdc_req.i_cdc_reset_ctrlr.i_cdc_reset_ctrlr_half_b.i_state_transition_cdc_dst.i_sync...
Checking module sync$croc_chip.i_croc_soc.i_croc.i_dmi_jtag.i_dmi_cdc.i_cdc_req.i_cdc_reset_ctrlr.i_cdc_reset_ctrlr_half_b.i_state_transition_cdc_src.i_sync...
Checking module sync$croc_chip.i_croc_soc.i_croc.i_dmi_jtag.i_dmi_cdc.i_cdc_req.i_dst.i_sync...
Checking module sync$croc_chip.i_croc_soc.i_croc.i_dmi_jtag.i_dmi_cdc.i_cdc_req.i_src.i_sync...
Checking module sync$croc_chip.i_croc_soc.i_croc.i_dmi_jtag.i_dmi_cdc.i_cdc_resp.i_cdc_reset_ctrlr.i_cdc_reset_ctrlr_half_a.i_state_transition_cdc_dst.i_sync...
Checking module sync$croc_chip.i_croc_soc.i_croc.i_dmi_jtag.i_dmi_cdc.i_cdc_resp.i_cdc_reset_ctrlr.i_cdc_reset_ctrlr_half_a.i_state_transition_cdc_src.i_sync...
Checking module sync$croc_chip.i_croc_soc.i_croc.i_dmi_jtag.i_dmi_cdc.i_cdc_resp.i_cdc_reset_ctrlr.i_cdc_reset_ctrlr_half_b.i_state_transition_cdc_dst.i_sync...
Checking module sync$croc_chip.i_croc_soc.i_croc.i_dmi_jtag.i_dmi_cdc.i_cdc_resp.i_cdc_reset_ctrlr.i_cdc_reset_ctrlr_half_b.i_state_transition_cdc_src.i_sync...
Checking module sync$croc_chip.i_croc_soc.i_croc.i_dmi_jtag.i_dmi_cdc.i_cdc_resp.i_dst.i_sync...
Checking module sync$croc_chip.i_croc_soc.i_croc.i_dmi_jtag.i_dmi_cdc.i_cdc_resp.i_src.i_sync...
Checking module sync$croc_chip.i_croc_soc.i_croc.i_gpio.gen_gpios[0].i_sync...
Checking module sync$croc_chip.i_croc_soc.i_croc.i_gpio.gen_gpios[10].i_sync...
Checking module sync$croc_chip.i_croc_soc.i_croc.i_gpio.gen_gpios[11].i_sync...
Checking module sync$croc_chip.i_croc_soc.i_croc.i_gpio.gen_gpios[12].i_sync...
Checking module sync$croc_chip.i_croc_soc.i_croc.i_gpio.gen_gpios[13].i_sync...
Checking module sync$croc_chip.i_croc_soc.i_croc.i_gpio.gen_gpios[14].i_sync...
Checking module sync$croc_chip.i_croc_soc.i_croc.i_gpio.gen_gpios[15].i_sync...
Checking module sync$croc_chip.i_croc_soc.i_croc.i_gpio.gen_gpios[16].i_sync...
Checking module sync$croc_chip.i_croc_soc.i_croc.i_gpio.gen_gpios[17].i_sync...
Checking module sync$croc_chip.i_croc_soc.i_croc.i_gpio.gen_gpios[18].i_sync...
Checking module sync$croc_chip.i_croc_soc.i_croc.i_gpio.gen_gpios[19].i_sync...
Checking module sync$croc_chip.i_croc_soc.i_croc.i_gpio.gen_gpios[1].i_sync...
Checking module sync$croc_chip.i_croc_soc.i_croc.i_gpio.gen_gpios[20].i_sync...
Checking module sync$croc_chip.i_croc_soc.i_croc.i_gpio.gen_gpios[21].i_sync...
Checking module sync$croc_chip.i_croc_soc.i_croc.i_gpio.gen_gpios[22].i_sync...
Checking module sync$croc_chip.i_croc_soc.i_croc.i_gpio.gen_gpios[23].i_sync...
Checking module sync$croc_chip.i_croc_soc.i_croc.i_gpio.gen_gpios[24].i_sync...
Checking module sync$croc_chip.i_croc_soc.i_croc.i_gpio.gen_gpios[25].i_sync...
Checking module sync$croc_chip.i_croc_soc.i_croc.i_gpio.gen_gpios[26].i_sync...
Checking module sync$croc_chip.i_croc_soc.i_croc.i_gpio.gen_gpios[27].i_sync...
Checking module sync$croc_chip.i_croc_soc.i_croc.i_gpio.gen_gpios[28].i_sync...
Checking module sync$croc_chip.i_croc_soc.i_croc.i_gpio.gen_gpios[29].i_sync...
Checking module sync$croc_chip.i_croc_soc.i_croc.i_gpio.gen_gpios[2].i_sync...
Checking module sync$croc_chip.i_croc_soc.i_croc.i_gpio.gen_gpios[30].i_sync...
Checking module sync$croc_chip.i_croc_soc.i_croc.i_gpio.gen_gpios[31].i_sync...
Checking module sync$croc_chip.i_croc_soc.i_croc.i_gpio.gen_gpios[3].i_sync...
Checking module sync$croc_chip.i_croc_soc.i_croc.i_gpio.gen_gpios[4].i_sync...
Checking module sync$croc_chip.i_croc_soc.i_croc.i_gpio.gen_gpios[5].i_sync...
Checking module sync$croc_chip.i_croc_soc.i_croc.i_gpio.gen_gpios[6].i_sync...
Checking module sync$croc_chip.i_croc_soc.i_croc.i_gpio.gen_gpios[7].i_sync...
Checking module sync$croc_chip.i_croc_soc.i_croc.i_gpio.gen_gpios[8].i_sync...
Checking module sync$croc_chip.i_croc_soc.i_croc.i_gpio.gen_gpios[9].i_sync...
Checking module sync$croc_chip.i_croc_soc.i_croc.i_uart.i_uart_modem.i_sync_cd...
Checking module sync$croc_chip.i_croc_soc.i_croc.i_uart.i_uart_modem.i_sync_cts...
Checking module sync$croc_chip.i_croc_soc.i_croc.i_uart.i_uart_modem.i_sync_dsr...
Checking module sync$croc_chip.i_croc_soc.i_croc.i_uart.i_uart_modem.i_sync_ri...
Checking module sync$croc_chip.i_croc_soc.i_croc.i_uart.i_uart_rx.i_sync...
Checking module tc_clk_inverter$croc_chip.i_croc_soc.i_croc.i_dmi_jtag.i_dmi_jtag_tap.i_tck_inv...
Checking module tc_clk_mux2$croc_chip.i_croc_soc.i_croc.i_dmi_jtag.i_dmi_jtag_tap.i_dft_tck_mux...
Checking module tc_clk_mux2$croc_chip.i_croc_soc.i_rstgen.i_rstgen_bypass.i_tc_clk_mux2_init_no...
Checking module tc_clk_mux2$croc_chip.i_croc_soc.i_rstgen.i_rstgen_bypass.i_tc_clk_mux2_rst_n...
Checking module tc_clk_mux2$croc_chip.i_croc_soc.i_rstgen.i_rstgen_bypass.i_tc_clk_mux2_rst_no...
Checking module tc_sram_impl$croc_chip.i_croc_soc.i_user.gen_sram_banks[0].i_sram...
Warning: Wire tc_sram_impl$croc_chip.i_croc_soc.i_user.gen_sram_banks[0].i_sram.\rdata_o_9_ is used but has no driver.
Warning: Wire tc_sram_impl$croc_chip.i_croc_soc.i_user.gen_sram_banks[0].i_sram.\rdata_o_8_ is used but has no driver.
Warning: Wire tc_sram_impl$croc_chip.i_croc_soc.i_user.gen_sram_banks[0].i_sram.\rdata_o_7_ is used but has no driver.
Warning: Wire tc_sram_impl$croc_chip.i_croc_soc.i_user.gen_sram_banks[0].i_sram.\rdata_o_6_ is used but has no driver.
Warning: Wire tc_sram_impl$croc_chip.i_croc_soc.i_user.gen_sram_banks[0].i_sram.\rdata_o_63_ is used but has no driver.
Warning: Wire tc_sram_impl$croc_chip.i_croc_soc.i_user.gen_sram_banks[0].i_sram.\rdata_o_62_ is used but has no driver.
Warning: Wire tc_sram_impl$croc_chip.i_croc_soc.i_user.gen_sram_banks[0].i_sram.\rdata_o_61_ is used but has no driver.
Warning: Wire tc_sram_impl$croc_chip.i_croc_soc.i_user.gen_sram_banks[0].i_sram.\rdata_o_60_ is used but has no driver.
Warning: Wire tc_sram_impl$croc_chip.i_croc_soc.i_user.gen_sram_banks[0].i_sram.\rdata_o_5_ is used but has no driver.
Warning: Wire tc_sram_impl$croc_chip.i_croc_soc.i_user.gen_sram_banks[0].i_sram.\rdata_o_59_ is used but has no driver.
Warning: Wire tc_sram_impl$croc_chip.i_croc_soc.i_user.gen_sram_banks[0].i_sram.\rdata_o_58_ is used but has no driver.
Warning: Wire tc_sram_impl$croc_chip.i_croc_soc.i_user.gen_sram_banks[0].i_sram.\rdata_o_57_ is used but has no driver.
Warning: Wire tc_sram_impl$croc_chip.i_croc_soc.i_user.gen_sram_banks[0].i_sram.\rdata_o_56_ is used but has no driver.
Warning: Wire tc_sram_impl$croc_chip.i_croc_soc.i_user.gen_sram_banks[0].i_sram.\rdata_o_55_ is used but has no driver.
Warning: Wire tc_sram_impl$croc_chip.i_croc_soc.i_user.gen_sram_banks[0].i_sram.\rdata_o_54_ is used but has no driver.
Warning: Wire tc_sram_impl$croc_chip.i_croc_soc.i_user.gen_sram_banks[0].i_sram.\rdata_o_53_ is used but has no driver.
Warning: Wire tc_sram_impl$croc_chip.i_croc_soc.i_user.gen_sram_banks[0].i_sram.\rdata_o_52_ is used but has no driver.
Warning: Wire tc_sram_impl$croc_chip.i_croc_soc.i_user.gen_sram_banks[0].i_sram.\rdata_o_51_ is used but has no driver.
Warning: Wire tc_sram_impl$croc_chip.i_croc_soc.i_user.gen_sram_banks[0].i_sram.\rdata_o_50_ is used but has no driver.
Warning: Wire tc_sram_impl$croc_chip.i_croc_soc.i_user.gen_sram_banks[0].i_sram.\rdata_o_4_ is used but has no driver.
Warning: Wire tc_sram_impl$croc_chip.i_croc_soc.i_user.gen_sram_banks[0].i_sram.\rdata_o_49_ is used but has no driver.
Warning: Wire tc_sram_impl$croc_chip.i_croc_soc.i_user.gen_sram_banks[0].i_sram.\rdata_o_48_ is used but has no driver.
Warning: Wire tc_sram_impl$croc_chip.i_croc_soc.i_user.gen_sram_banks[0].i_sram.\rdata_o_47_ is used but has no driver.
Warning: Wire tc_sram_impl$croc_chip.i_croc_soc.i_user.gen_sram_banks[0].i_sram.\rdata_o_46_ is used but has no driver.
Warning: Wire tc_sram_impl$croc_chip.i_croc_soc.i_user.gen_sram_banks[0].i_sram.\rdata_o_45_ is used but has no driver.
Warning: Wire tc_sram_impl$croc_chip.i_croc_soc.i_user.gen_sram_banks[0].i_sram.\rdata_o_44_ is used but has no driver.
Warning: Wire tc_sram_impl$croc_chip.i_croc_soc.i_user.gen_sram_banks[0].i_sram.\rdata_o_43_ is used but has no driver.
Warning: Wire tc_sram_impl$croc_chip.i_croc_soc.i_user.gen_sram_banks[0].i_sram.\rdata_o_42_ is used but has no driver.
Warning: Wire tc_sram_impl$croc_chip.i_croc_soc.i_user.gen_sram_banks[0].i_sram.\rdata_o_41_ is used but has no driver.
Warning: Wire tc_sram_impl$croc_chip.i_croc_soc.i_user.gen_sram_banks[0].i_sram.\rdata_o_40_ is used but has no driver.
Warning: Wire tc_sram_impl$croc_chip.i_croc_soc.i_user.gen_sram_banks[0].i_sram.\rdata_o_3_ is used but has no driver.
Warning: Wire tc_sram_impl$croc_chip.i_croc_soc.i_user.gen_sram_banks[0].i_sram.\rdata_o_39_ is used but has no driver.
Warning: Wire tc_sram_impl$croc_chip.i_croc_soc.i_user.gen_sram_banks[0].i_sram.\rdata_o_38_ is used but has no driver.
Warning: Wire tc_sram_impl$croc_chip.i_croc_soc.i_user.gen_sram_banks[0].i_sram.\rdata_o_37_ is used but has no driver.
Warning: Wire tc_sram_impl$croc_chip.i_croc_soc.i_user.gen_sram_banks[0].i_sram.\rdata_o_36_ is used but has no driver.
Warning: Wire tc_sram_impl$croc_chip.i_croc_soc.i_user.gen_sram_banks[0].i_sram.\rdata_o_35_ is used but has no driver.
Warning: Wire tc_sram_impl$croc_chip.i_croc_soc.i_user.gen_sram_banks[0].i_sram.\rdata_o_34_ is used but has no driver.
Warning: Wire tc_sram_impl$croc_chip.i_croc_soc.i_user.gen_sram_banks[0].i_sram.\rdata_o_33_ is used but has no driver.
Warning: Wire tc_sram_impl$croc_chip.i_croc_soc.i_user.gen_sram_banks[0].i_sram.\rdata_o_32_ is used but has no driver.
Warning: Wire tc_sram_impl$croc_chip.i_croc_soc.i_user.gen_sram_banks[0].i_sram.\rdata_o_31_ is used but has no driver.
Warning: Wire tc_sram_impl$croc_chip.i_croc_soc.i_user.gen_sram_banks[0].i_sram.\rdata_o_30_ is used but has no driver.
Warning: Wire tc_sram_impl$croc_chip.i_croc_soc.i_user.gen_sram_banks[0].i_sram.\rdata_o_2_ is used but has no driver.
Warning: Wire tc_sram_impl$croc_chip.i_croc_soc.i_user.gen_sram_banks[0].i_sram.\rdata_o_29_ is used but has no driver.
Warning: Wire tc_sram_impl$croc_chip.i_croc_soc.i_user.gen_sram_banks[0].i_sram.\rdata_o_28_ is used but has no driver.
Warning: Wire tc_sram_impl$croc_chip.i_croc_soc.i_user.gen_sram_banks[0].i_sram.\rdata_o_27_ is used but has no driver.
Warning: Wire tc_sram_impl$croc_chip.i_croc_soc.i_user.gen_sram_banks[0].i_sram.\rdata_o_26_ is used but has no driver.
Warning: Wire tc_sram_impl$croc_chip.i_croc_soc.i_user.gen_sram_banks[0].i_sram.\rdata_o_25_ is used but has no driver.
Warning: Wire tc_sram_impl$croc_chip.i_croc_soc.i_user.gen_sram_banks[0].i_sram.\rdata_o_24_ is used but has no driver.
Warning: Wire tc_sram_impl$croc_chip.i_croc_soc.i_user.gen_sram_banks[0].i_sram.\rdata_o_23_ is used but has no driver.
Warning: Wire tc_sram_impl$croc_chip.i_croc_soc.i_user.gen_sram_banks[0].i_sram.\rdata_o_22_ is used but has no driver.
Warning: Wire tc_sram_impl$croc_chip.i_croc_soc.i_user.gen_sram_banks[0].i_sram.\rdata_o_21_ is used but has no driver.
Warning: Wire tc_sram_impl$croc_chip.i_croc_soc.i_user.gen_sram_banks[0].i_sram.\rdata_o_20_ is used but has no driver.
Warning: Wire tc_sram_impl$croc_chip.i_croc_soc.i_user.gen_sram_banks[0].i_sram.\rdata_o_1_ is used but has no driver.
Warning: Wire tc_sram_impl$croc_chip.i_croc_soc.i_user.gen_sram_banks[0].i_sram.\rdata_o_19_ is used but has no driver.
Warning: Wire tc_sram_impl$croc_chip.i_croc_soc.i_user.gen_sram_banks[0].i_sram.\rdata_o_18_ is used but has no driver.
Warning: Wire tc_sram_impl$croc_chip.i_croc_soc.i_user.gen_sram_banks[0].i_sram.\rdata_o_17_ is used but has no driver.
Warning: Wire tc_sram_impl$croc_chip.i_croc_soc.i_user.gen_sram_banks[0].i_sram.\rdata_o_16_ is used but has no driver.
Warning: Wire tc_sram_impl$croc_chip.i_croc_soc.i_user.gen_sram_banks[0].i_sram.\rdata_o_15_ is used but has no driver.
Warning: Wire tc_sram_impl$croc_chip.i_croc_soc.i_user.gen_sram_banks[0].i_sram.\rdata_o_14_ is used but has no driver.
Warning: Wire tc_sram_impl$croc_chip.i_croc_soc.i_user.gen_sram_banks[0].i_sram.\rdata_o_13_ is used but has no driver.
Warning: Wire tc_sram_impl$croc_chip.i_croc_soc.i_user.gen_sram_banks[0].i_sram.\rdata_o_12_ is used but has no driver.
Warning: Wire tc_sram_impl$croc_chip.i_croc_soc.i_user.gen_sram_banks[0].i_sram.\rdata_o_11_ is used but has no driver.
Warning: Wire tc_sram_impl$croc_chip.i_croc_soc.i_user.gen_sram_banks[0].i_sram.\rdata_o_10_ is used but has no driver.
Warning: Wire tc_sram_impl$croc_chip.i_croc_soc.i_user.gen_sram_banks[0].i_sram.\rdata_o_0_ is used but has no driver.
Checking module tc_sram_impl$croc_chip.i_croc_soc.i_user.gen_sram_banks[1].i_sram...
Warning: Wire tc_sram_impl$croc_chip.i_croc_soc.i_user.gen_sram_banks[1].i_sram.\rdata_o_9_ is used but has no driver.
Warning: Wire tc_sram_impl$croc_chip.i_croc_soc.i_user.gen_sram_banks[1].i_sram.\rdata_o_8_ is used but has no driver.
Warning: Wire tc_sram_impl$croc_chip.i_croc_soc.i_user.gen_sram_banks[1].i_sram.\rdata_o_7_ is used but has no driver.
Warning: Wire tc_sram_impl$croc_chip.i_croc_soc.i_user.gen_sram_banks[1].i_sram.\rdata_o_6_ is used but has no driver.
Warning: Wire tc_sram_impl$croc_chip.i_croc_soc.i_user.gen_sram_banks[1].i_sram.\rdata_o_63_ is used but has no driver.
Warning: Wire tc_sram_impl$croc_chip.i_croc_soc.i_user.gen_sram_banks[1].i_sram.\rdata_o_62_ is used but has no driver.
Warning: Wire tc_sram_impl$croc_chip.i_croc_soc.i_user.gen_sram_banks[1].i_sram.\rdata_o_61_ is used but has no driver.
Warning: Wire tc_sram_impl$croc_chip.i_croc_soc.i_user.gen_sram_banks[1].i_sram.\rdata_o_60_ is used but has no driver.
Warning: Wire tc_sram_impl$croc_chip.i_croc_soc.i_user.gen_sram_banks[1].i_sram.\rdata_o_5_ is used but has no driver.
Warning: Wire tc_sram_impl$croc_chip.i_croc_soc.i_user.gen_sram_banks[1].i_sram.\rdata_o_59_ is used but has no driver.
Warning: Wire tc_sram_impl$croc_chip.i_croc_soc.i_user.gen_sram_banks[1].i_sram.\rdata_o_58_ is used but has no driver.
Warning: Wire tc_sram_impl$croc_chip.i_croc_soc.i_user.gen_sram_banks[1].i_sram.\rdata_o_57_ is used but has no driver.
Warning: Wire tc_sram_impl$croc_chip.i_croc_soc.i_user.gen_sram_banks[1].i_sram.\rdata_o_56_ is used but has no driver.
Warning: Wire tc_sram_impl$croc_chip.i_croc_soc.i_user.gen_sram_banks[1].i_sram.\rdata_o_55_ is used but has no driver.
Warning: Wire tc_sram_impl$croc_chip.i_croc_soc.i_user.gen_sram_banks[1].i_sram.\rdata_o_54_ is used but has no driver.
Warning: Wire tc_sram_impl$croc_chip.i_croc_soc.i_user.gen_sram_banks[1].i_sram.\rdata_o_53_ is used but has no driver.
Warning: Wire tc_sram_impl$croc_chip.i_croc_soc.i_user.gen_sram_banks[1].i_sram.\rdata_o_52_ is used but has no driver.
Warning: Wire tc_sram_impl$croc_chip.i_croc_soc.i_user.gen_sram_banks[1].i_sram.\rdata_o_51_ is used but has no driver.
Warning: Wire tc_sram_impl$croc_chip.i_croc_soc.i_user.gen_sram_banks[1].i_sram.\rdata_o_50_ is used but has no driver.
Warning: Wire tc_sram_impl$croc_chip.i_croc_soc.i_user.gen_sram_banks[1].i_sram.\rdata_o_4_ is used but has no driver.
Warning: Wire tc_sram_impl$croc_chip.i_croc_soc.i_user.gen_sram_banks[1].i_sram.\rdata_o_49_ is used but has no driver.
Warning: Wire tc_sram_impl$croc_chip.i_croc_soc.i_user.gen_sram_banks[1].i_sram.\rdata_o_48_ is used but has no driver.
Warning: Wire tc_sram_impl$croc_chip.i_croc_soc.i_user.gen_sram_banks[1].i_sram.\rdata_o_47_ is used but has no driver.
Warning: Wire tc_sram_impl$croc_chip.i_croc_soc.i_user.gen_sram_banks[1].i_sram.\rdata_o_46_ is used but has no driver.
Warning: Wire tc_sram_impl$croc_chip.i_croc_soc.i_user.gen_sram_banks[1].i_sram.\rdata_o_45_ is used but has no driver.
Warning: Wire tc_sram_impl$croc_chip.i_croc_soc.i_user.gen_sram_banks[1].i_sram.\rdata_o_44_ is used but has no driver.
Warning: Wire tc_sram_impl$croc_chip.i_croc_soc.i_user.gen_sram_banks[1].i_sram.\rdata_o_43_ is used but has no driver.
Warning: Wire tc_sram_impl$croc_chip.i_croc_soc.i_user.gen_sram_banks[1].i_sram.\rdata_o_42_ is used but has no driver.
Warning: Wire tc_sram_impl$croc_chip.i_croc_soc.i_user.gen_sram_banks[1].i_sram.\rdata_o_41_ is used but has no driver.
Warning: Wire tc_sram_impl$croc_chip.i_croc_soc.i_user.gen_sram_banks[1].i_sram.\rdata_o_40_ is used but has no driver.
Warning: Wire tc_sram_impl$croc_chip.i_croc_soc.i_user.gen_sram_banks[1].i_sram.\rdata_o_3_ is used but has no driver.
Warning: Wire tc_sram_impl$croc_chip.i_croc_soc.i_user.gen_sram_banks[1].i_sram.\rdata_o_39_ is used but has no driver.
Warning: Wire tc_sram_impl$croc_chip.i_croc_soc.i_user.gen_sram_banks[1].i_sram.\rdata_o_38_ is used but has no driver.
Warning: Wire tc_sram_impl$croc_chip.i_croc_soc.i_user.gen_sram_banks[1].i_sram.\rdata_o_37_ is used but has no driver.
Warning: Wire tc_sram_impl$croc_chip.i_croc_soc.i_user.gen_sram_banks[1].i_sram.\rdata_o_36_ is used but has no driver.
Warning: Wire tc_sram_impl$croc_chip.i_croc_soc.i_user.gen_sram_banks[1].i_sram.\rdata_o_35_ is used but has no driver.
Warning: Wire tc_sram_impl$croc_chip.i_croc_soc.i_user.gen_sram_banks[1].i_sram.\rdata_o_34_ is used but has no driver.
Warning: Wire tc_sram_impl$croc_chip.i_croc_soc.i_user.gen_sram_banks[1].i_sram.\rdata_o_33_ is used but has no driver.
Warning: Wire tc_sram_impl$croc_chip.i_croc_soc.i_user.gen_sram_banks[1].i_sram.\rdata_o_32_ is used but has no driver.
Warning: Wire tc_sram_impl$croc_chip.i_croc_soc.i_user.gen_sram_banks[1].i_sram.\rdata_o_31_ is used but has no driver.
Warning: Wire tc_sram_impl$croc_chip.i_croc_soc.i_user.gen_sram_banks[1].i_sram.\rdata_o_30_ is used but has no driver.
Warning: Wire tc_sram_impl$croc_chip.i_croc_soc.i_user.gen_sram_banks[1].i_sram.\rdata_o_2_ is used but has no driver.
Warning: Wire tc_sram_impl$croc_chip.i_croc_soc.i_user.gen_sram_banks[1].i_sram.\rdata_o_29_ is used but has no driver.
Warning: Wire tc_sram_impl$croc_chip.i_croc_soc.i_user.gen_sram_banks[1].i_sram.\rdata_o_28_ is used but has no driver.
Warning: Wire tc_sram_impl$croc_chip.i_croc_soc.i_user.gen_sram_banks[1].i_sram.\rdata_o_27_ is used but has no driver.
Warning: Wire tc_sram_impl$croc_chip.i_croc_soc.i_user.gen_sram_banks[1].i_sram.\rdata_o_26_ is used but has no driver.
Warning: Wire tc_sram_impl$croc_chip.i_croc_soc.i_user.gen_sram_banks[1].i_sram.\rdata_o_25_ is used but has no driver.
Warning: Wire tc_sram_impl$croc_chip.i_croc_soc.i_user.gen_sram_banks[1].i_sram.\rdata_o_24_ is used but has no driver.
Warning: Wire tc_sram_impl$croc_chip.i_croc_soc.i_user.gen_sram_banks[1].i_sram.\rdata_o_23_ is used but has no driver.
Warning: Wire tc_sram_impl$croc_chip.i_croc_soc.i_user.gen_sram_banks[1].i_sram.\rdata_o_22_ is used but has no driver.
Warning: Wire tc_sram_impl$croc_chip.i_croc_soc.i_user.gen_sram_banks[1].i_sram.\rdata_o_21_ is used but has no driver.
Warning: Wire tc_sram_impl$croc_chip.i_croc_soc.i_user.gen_sram_banks[1].i_sram.\rdata_o_20_ is used but has no driver.
Warning: Wire tc_sram_impl$croc_chip.i_croc_soc.i_user.gen_sram_banks[1].i_sram.\rdata_o_1_ is used but has no driver.
Warning: Wire tc_sram_impl$croc_chip.i_croc_soc.i_user.gen_sram_banks[1].i_sram.\rdata_o_19_ is used but has no driver.
Warning: Wire tc_sram_impl$croc_chip.i_croc_soc.i_user.gen_sram_banks[1].i_sram.\rdata_o_18_ is used but has no driver.
Warning: Wire tc_sram_impl$croc_chip.i_croc_soc.i_user.gen_sram_banks[1].i_sram.\rdata_o_17_ is used but has no driver.
Warning: Wire tc_sram_impl$croc_chip.i_croc_soc.i_user.gen_sram_banks[1].i_sram.\rdata_o_16_ is used but has no driver.
Warning: Wire tc_sram_impl$croc_chip.i_croc_soc.i_user.gen_sram_banks[1].i_sram.\rdata_o_15_ is used but has no driver.
Warning: Wire tc_sram_impl$croc_chip.i_croc_soc.i_user.gen_sram_banks[1].i_sram.\rdata_o_14_ is used but has no driver.
Warning: Wire tc_sram_impl$croc_chip.i_croc_soc.i_user.gen_sram_banks[1].i_sram.\rdata_o_13_ is used but has no driver.
Warning: Wire tc_sram_impl$croc_chip.i_croc_soc.i_user.gen_sram_banks[1].i_sram.\rdata_o_12_ is used but has no driver.
Warning: Wire tc_sram_impl$croc_chip.i_croc_soc.i_user.gen_sram_banks[1].i_sram.\rdata_o_11_ is used but has no driver.
Warning: Wire tc_sram_impl$croc_chip.i_croc_soc.i_user.gen_sram_banks[1].i_sram.\rdata_o_10_ is used but has no driver.
Warning: Wire tc_sram_impl$croc_chip.i_croc_soc.i_user.gen_sram_banks[1].i_sram.\rdata_o_0_ is used but has no driver.
Checking module user_domain$croc_chip.i_croc_soc.i_user...
Found and reported 128 problems.
