//  v2lvs v2021.3_35.19    Wed Sep 1 15:25:12 PDT 2021
//
//  Copyright (c) 1992, 1993 Regents of the University of California
//         All rights reserved.
//
//                   Copyright Siemens 1996-2021
//                       All Rights Reserved.
//   THIS WORK CONTAINS TRADE SECRET AND PROPRIETARY INFORMATION
//      WHICH IS THE PROPERTY OF MENTOR GRAPHICS CORPORATION
//        OR ITS LICENSORS AND IS SUBJECT TO LICENSE TERMS.
//
//  The registered trademark Linux is used pursuant to a sublicense from LMI, the
//  exclusive licensee of Linus Torvalds, owner of the mark on a world-wide basis.
//
//  Mentor Graphics software executing under x86-64 Linux
//
Running /usr/pack/calibre-2021.3-bt/aoi_cal_2021.3_35.19/pkgs/icv/pvt/v2lvs -b -tcl v2lvs.tcl

Warning: v2lvs::combine_interface_info is enabled, no warnings will be issued for non-sequential pins in spice
Info: Creating Spice Library Database ...
Info: Creating Library Database ...
Info: Creating Design Database ...
Info: Converting Design ...
Warning: Module instantiation croc_chip/clkload0 has pin mismatches with module INVX32
Warning: Module instantiation croc_chip/clkload1 has pin mismatches with module INVX64
Warning: Module instantiation croc_chip/clkload2 has pin mismatches with module INVX64
Warning: Module instantiation croc_chip/clkload4 has pin mismatches with module INVX64
Warning: Module instantiation croc_chip/clkload3 has pin mismatches with module INVX64
Warning: Module instantiation croc_chip/clkload5 has pin mismatches with module INVX16
Warning: Module instantiation croc_chip/clkload6 has pin mismatches with module INVX64
Warning: Module instantiation croc_chip/clkload9 has pin mismatches with module INVX64
Warning: Module instantiation croc_chip/clkload8 has pin mismatches with module INVX64
Warning: Module instantiation croc_chip/clkload12 has pin mismatches with module INVX64
Warning: Module instantiation croc_chip/clkload11 has pin mismatches with module INVX64
Warning: Module instantiation croc_chip/clkload10 has pin mismatches with module INVX64
Warning: Module instantiation croc_chip/clkload15 has pin mismatches with module INVX64
Warning: Module instantiation croc_chip/clkload14 has pin mismatches with module BUFX44
Warning: Module instantiation croc_chip/clkload13 has pin mismatches with module INVX64
Warning: Module instantiation croc_chip/clkload16 has pin mismatches with module INVX32
Warning: Module instantiation croc_chip/clkload7 has pin mismatches with module INVX64
Warning: Module instantiation croc_chip/clkload21 has pin mismatches with module INVX64
Warning: Module instantiation croc_chip/clkload20 has pin mismatches with module INVX64
Warning: Module instantiation croc_chip/clkload19 has pin mismatches with module INVX64
Warning: Module instantiation croc_chip/clkload18 has pin mismatches with module INVX64
Warning: Module instantiation croc_chip/clkload17 has pin mismatches with module INVX64
Warning: Module instantiation croc_chip/clkload25 has pin mismatches with module INVX64
Warning: Module instantiation croc_chip/clkload24 has pin mismatches with module INVX64
Warning: Module instantiation croc_chip/clkload23 has pin mismatches with module INVX64
Warning: Module instantiation croc_chip/clkload22 has pin mismatches with module INVX64
Warning: Module instantiation croc_chip/clkload26 has pin mismatches with module INVX64
Warning: Module instantiation croc_chip/clkload27 has pin mismatches with module INVX64
Warning: Module instantiation croc_chip/clkload28 has pin mismatches with module INVX2
Warning: Module instantiation croc_chip/clkload29 has pin mismatches with module INVX6
Warning: Module instantiation croc_chip/clkload30 has pin mismatches with module INVX2
Warning: Module instantiation croc_chip/clkload31 has pin mismatches with module INVX1
Warning: Module instantiation croc_chip/clkload32 has pin mismatches with module INVX8
Warning: Module instantiation croc_chip/clkload33 has pin mismatches with module INVX2
Warning: Module instantiation croc_chip/clkload34 has pin mismatches with module INVX6
Warning: Module instantiation croc_chip/clkload35 has pin mismatches with module INVX2
Warning: Module instantiation croc_chip/clkload36 has pin mismatches with module INVX3
Warning: Module instantiation croc_chip/clkload37 has pin mismatches with module INVX6
Warning: Module instantiation croc_chip/clkload38 has pin mismatches with module INVX6
Warning: Module instantiation croc_chip/clkload39 has pin mismatches with module INVX3
Warning: Module instantiation croc_chip/clkload40 has pin mismatches with module INVX1
Warning: Module instantiation croc_chip/clkload41 has pin mismatches with module INVX1
Warning: Module instantiation croc_chip/clkload42 has pin mismatches with module INVX6
Warning: Module instantiation croc_chip/clkload43 has pin mismatches with module INVX1
Warning: Module instantiation croc_chip/clkload44 has pin mismatches with module INVX4
Warning: Module instantiation croc_chip/clkload45 has pin mismatches with module INVX2
Warning: Module instantiation croc_chip/clkload46 has pin mismatches with module BUFX44
Warning: Module instantiation croc_chip/clkload47 has pin mismatches with module INVX2
Warning: Module instantiation croc_chip/clkload48 has pin mismatches with module INVX2
Warning: Module instantiation croc_chip/clkload49 has pin mismatches with module INVX6
Warning: Module instantiation croc_chip/clkload50 has pin mismatches with module BUFX32
Warning: Module instantiation croc_chip/clkload51 has pin mismatches with module INVX6
Warning: Module instantiation croc_chip/clkload52 has pin mismatches with module INVX1
Warning: Module instantiation croc_chip/clkload53 has pin mismatches with module INVX1
Warning: Module instantiation croc_chip/clkload54 has pin mismatches with module INVX1
Warning: Module instantiation croc_chip/clkload55 has pin mismatches with module INVX1
Warning: Module instantiation croc_chip/clkload56 has pin mismatches with module INVX1
Warning: Module instantiation croc_chip/clkload57 has pin mismatches with module INVX4
Warning: Module instantiation croc_chip/clkload58 has pin mismatches with module INVX6
Warning: Module instantiation croc_chip/clkload59 has pin mismatches with module INVX6
Warning: Module instantiation croc_chip/clkload60 has pin mismatches with module INVX6
Warning: Module instantiation croc_chip/clkload61 has pin mismatches with module INVX3
Warning: Module instantiation croc_chip/clkload62 has pin mismatches with module INVX4
Warning: Module instantiation croc_chip/clkload63 has pin mismatches with module INVX2
Warning: Module instantiation croc_chip/clkload64 has pin mismatches with module INVX1
Warning: Module instantiation croc_chip/clkload65 has pin mismatches with module INVX2
Warning: Module instantiation croc_chip/clkload66 has pin mismatches with module INVX2
Warning: Module instantiation croc_chip/clkload67 has pin mismatches with module INVX6
Warning: Module instantiation croc_chip/clkload68 has pin mismatches with module INVX1
Warning: Module instantiation croc_chip/clkload69 has pin mismatches with module INVX4
Warning: Module instantiation croc_chip/clkload70 has pin mismatches with module INVX1
Warning: Module instantiation croc_chip/clkload71 has pin mismatches with module INVX1
Warning: Module instantiation croc_chip/clkload72 has pin mismatches with module INVX1
Warning: Module instantiation croc_chip/clkload73 has pin mismatches with module INVX6
Warning: Module instantiation croc_chip/clkload74 has pin mismatches with module INVX6
Warning: Module instantiation croc_chip/clkload75 has pin mismatches with module BUFX32
Warning: Module instantiation croc_chip/clkload76 has pin mismatches with module INVX4
Warning: Module instantiation croc_chip/clkload77 has pin mismatches with module INVX6
Warning: Module instantiation croc_chip/clkload78 has pin mismatches with module INVX6
Warning: Module instantiation croc_chip/clkload79 has pin mismatches with module INVX1
Warning: Module instantiation croc_chip/clkload80 has pin mismatches with module INVX6
Warning: Module instantiation croc_chip/clkload81 has pin mismatches with module INVX8
Warning: Module instantiation croc_chip/clkload82 has pin mismatches with module INVX1
Warning: Module instantiation croc_chip/clkload83 has pin mismatches with module INVX1
Warning: Module instantiation croc_chip/clkload84 has pin mismatches with module INVX4
Warning: Module instantiation croc_chip/clkload85 has pin mismatches with module INVX6
Warning: Module instantiation croc_chip/clkload86 has pin mismatches with module INVX4
Warning: Module instantiation croc_chip/clkload87 has pin mismatches with module INVX6
Warning: Module instantiation croc_chip/clkload88 has pin mismatches with module INVX8
Warning: Module instantiation croc_chip/clkload89 has pin mismatches with module INVX4
Warning: Module instantiation croc_chip/clkload90 has pin mismatches with module INVX2
Warning: Module instantiation croc_chip/clkload91 has pin mismatches with module INVX2
Warning: Module instantiation croc_chip/clkload92 has pin mismatches with module INVX2
Warning: Module instantiation croc_chip/clkload93 has pin mismatches with module BUFX44
Warning: Module instantiation croc_chip/clkload94 has pin mismatches with module INVX2
Warning: Module instantiation croc_chip/clkload95 has pin mismatches with module INVX3
Warning: Module instantiation croc_chip/clkload96 has pin mismatches with module INVX3
Warning: Module instantiation croc_chip/clkload97 has pin mismatches with module INVX3
Warning: Module instantiation croc_chip/clkload98 has pin mismatches with module INVX3
Warning: Module instantiation croc_chip/clkload99 has pin mismatches with module INVX2
Warning: Module instantiation croc_chip/clkload100 has pin mismatches with module INVX1
Warning: Module instantiation croc_chip/clkload101 has pin mismatches with module INVX6
Warning: Module instantiation croc_chip/clkload102 has pin mismatches with module BUFX32
Warning: Module instantiation croc_chip/clkload103 has pin mismatches with module INVX1
Warning: Module instantiation croc_chip/clkload104 has pin mismatches with module INVX2
Warning: Module instantiation croc_chip/clkload105 has pin mismatches with module INVX6
Warning: Module instantiation croc_chip/clkload106 has pin mismatches with module INVX4
Warning: Module instantiation croc_chip/clkload107 has pin mismatches with module INVX4
Warning: Module instantiation croc_chip/clkload108 has pin mismatches with module INVX2
Warning: Module instantiation croc_chip/clkload109 has pin mismatches with module INVX2
Warning: Module instantiation croc_chip/clkload110 has pin mismatches with module INVX6
Warning: Module instantiation croc_chip/clkload111 has pin mismatches with module INVX2
Warning: Module instantiation croc_chip/clkload112 has pin mismatches with module INVX4
Warning: Module instantiation croc_chip/clkload113 has pin mismatches with module INVX3
Warning: Module instantiation croc_chip/clkload114 has pin mismatches with module INVX2
Warning: Module instantiation croc_chip/clkload115 has pin mismatches with module INVX3
Warning: Module instantiation croc_chip/clkload116 has pin mismatches with module INVX4
Warning: Module instantiation croc_chip/clkload117 has pin mismatches with module INVX4
Warning: Module instantiation croc_chip/clkload118 has pin mismatches with module INVX1
Warning: Module instantiation croc_chip/clkload119 has pin mismatches with module INVX2
Warning: Module instantiation croc_chip/clkload120 has pin mismatches with module INVX3
Warning: Module instantiation croc_chip/clkload121 has pin mismatches with module INVX2
Warning: Module instantiation croc_chip/clkload122 has pin mismatches with module INVX2
Warning: Module instantiation croc_chip/clkload123 has pin mismatches with module INVX3
Warning: Module instantiation croc_chip/clkload124 has pin mismatches with module INVX3
Warning: Module instantiation croc_chip/clkload125 has pin mismatches with module BUFX32
Warning: Module instantiation croc_chip/clkload126 has pin mismatches with module INVX6
Warning: Module instantiation croc_chip/clkload127 has pin mismatches with module BUFX32
Warning: Module instantiation croc_chip/clkload128 has pin mismatches with module INVX1
Warning: Module instantiation croc_chip/clkload129 has pin mismatches with module INVX3
Warning: Module instantiation croc_chip/clkload130 has pin mismatches with module INVX2
Warning: Module instantiation croc_chip/clkload131 has pin mismatches with module INVX1
Warning: Module instantiation croc_chip/clkload132 has pin mismatches with module INVX1
Warning: Module instantiation croc_chip/clkload133 has pin mismatches with module INVX6
Warning: Module instantiation croc_chip/clkload134 has pin mismatches with module INVX6
Warning: Module instantiation croc_chip/clkload135 has pin mismatches with module INVX6
Warning: Module instantiation croc_chip/clkload136 has pin mismatches with module INVX6
Warning: Module instantiation croc_chip/clkload137 has pin mismatches with module INVX6
Warning: Module instantiation croc_chip/clkload138 has pin mismatches with module INVX8
Warning: Module instantiation croc_chip/clkload139 has pin mismatches with module INVX2
Warning: Module instantiation croc_chip/clkload140 has pin mismatches with module INVX6
Warning: Module instantiation croc_chip/clkload141 has pin mismatches with module INVX6
Warning: Module instantiation croc_chip/clkload142 has pin mismatches with module INVX4
Warning: Module instantiation croc_chip/clkload143 has pin mismatches with module INVX4
Warning: Module instantiation croc_chip/clkload144 has pin mismatches with module INVX6
Warning: Module instantiation croc_chip/clkload145 has pin mismatches with module INVX1
Warning: Module instantiation croc_chip/clkload146 has pin mismatches with module INVX1
Warning: Module instantiation croc_chip/clkload147 has pin mismatches with module INVX6
Warning: Module instantiation croc_chip/clkload148 has pin mismatches with module INVX6
Warning: Module instantiation croc_chip/clkload149 has pin mismatches with module INVX1
Warning: Module instantiation croc_chip/clkload150 has pin mismatches with module INVX2
Warning: Module instantiation croc_chip/clkload151 has pin mismatches with module INVX1
Warning: Module instantiation croc_chip/clkload152 has pin mismatches with module INVX6
Warning: Module instantiation croc_chip/clkload153 has pin mismatches with module INVX6
Warning: Module instantiation croc_chip/clkload154 has pin mismatches with module INVX4
Warning: Module instantiation croc_chip/clkload155 has pin mismatches with module INVX1
Warning: Module instantiation croc_chip/clkload156 has pin mismatches with module INVX6
Warning: Module instantiation croc_chip/clkload157 has pin mismatches with module INVX6
Warning: Module instantiation croc_chip/clkload158 has pin mismatches with module INVX1
Warning: Module instantiation croc_chip/clkload159 has pin mismatches with module INVX1
Warning: Module instantiation croc_chip/clkload160 has pin mismatches with module INVX2
Warning: Module instantiation croc_chip/clkload161 has pin mismatches with module INVX2
Warning: Module instantiation croc_chip/clkload162 has pin mismatches with module INVX4
Warning: Module instantiation croc_chip/clkload163 has pin mismatches with module INVX3
Warning: Module instantiation croc_chip/clkload164 has pin mismatches with module INVX4
Warning: Module instantiation croc_chip/clkload165 has pin mismatches with module INVX6
Warning: Module instantiation croc_chip/clkload166 has pin mismatches with module INVX2
Warning: Module instantiation croc_chip/clkload167 has pin mismatches with module INVX2
Warning: Module instantiation croc_chip/clkload168 has pin mismatches with module INVX1
Warning: Module instantiation croc_chip/clkload169 has pin mismatches with module INVX1
Warning: Module instantiation croc_chip/clkload170 has pin mismatches with module INVX1
Warning: Module instantiation croc_chip/clkload171 has pin mismatches with module INVX4
Warning: Module instantiation croc_chip/clkload172 has pin mismatches with module INVX3
Warning: Module instantiation croc_chip/clkload173 has pin mismatches with module INVX2
Warning: Module instantiation croc_chip/clkload174 has pin mismatches with module BUFX44
Warning: Module instantiation croc_chip/clkload175 has pin mismatches with module INVX4
Warning: Module instantiation croc_chip/clkload176 has pin mismatches with module INVX1
Warning: Module instantiation croc_chip/clkload177 has pin mismatches with module INVX2
Warning: Module instantiation croc_chip/clkload178 has pin mismatches with module INVX4
Warning: Module instantiation croc_chip/clkload179 has pin mismatches with module BUFX32
Warning: Module instantiation croc_chip/clkload180 has pin mismatches with module INVX2
Warning: Module instantiation croc_chip/clkload181 has pin mismatches with module INVX3
Warning: Module instantiation croc_chip/clkload182 has pin mismatches with module INVX6
Warning: Module instantiation croc_chip/clkload183 has pin mismatches with module INVX1
Warning: Module instantiation croc_chip/clkload184 has pin mismatches with module INVX3
Warning: Module instantiation croc_chip/clkload185 has pin mismatches with module INVX2
Warning: Module instantiation croc_chip/clkload186 has pin mismatches with module INVX1
Warning: Module instantiation croc_chip/clkload187 has pin mismatches with module INVX6
Warning: Module instantiation croc_chip/clkload188 has pin mismatches with module INVX2
Warning: Module instantiation croc_chip/clkload189 has pin mismatches with module INVX16
Warning: Module instantiation croc_chip/clkload190 has pin mismatches with module INVX6
Warning: Module instantiation croc_chip/clkload191 has pin mismatches with module INVX6
Warning: Module instantiation croc_chip/clkload192 has pin mismatches with module INVX3
Warning: Module instantiation croc_chip/clkload193 has pin mismatches with module BUFX32
Warning: Module instantiation croc_chip/clkload194 has pin mismatches with module INVX2
Warning: Module instantiation croc_chip/clkload195 has pin mismatches with module INVX3
Warning: Module instantiation croc_chip/clkload196 has pin mismatches with module INVX4
Warning: Module instantiation croc_chip/clkload197 has pin mismatches with module INVX6
Warning: Module instantiation croc_chip/clkload198 has pin mismatches with module INVX3
Warning: Module instantiation croc_chip/clkload199 has pin mismatches with module INVX1
Warning: Module instantiation croc_chip/clkload200 has pin mismatches with module INVX1
Warning: Module instantiation croc_chip/clkload201 has pin mismatches with module INVX1
Warning: Module instantiation croc_chip/clkload202 has pin mismatches with module INVX1
Warning: Module instantiation croc_chip/clkload203 has pin mismatches with module INVX1
Warning: Module instantiation croc_chip/clkload204 has pin mismatches with module INVX1
Warning: Module instantiation croc_chip/clkload205 has pin mismatches with module INVX1
Warning: Module instantiation croc_chip/clkload206 has pin mismatches with module INVX1
Warning: Module instantiation croc_chip/clkload207 has pin mismatches with module INVX1
Warning: Module instantiation croc_chip/clkload208 has pin mismatches with module INVX1
Warning: Module instantiation croc_chip/clkload209 has pin mismatches with module INVX2
Warning: Module instantiation croc_chip/clkload210 has pin mismatches with module INVX2

CPU TIME = 1  REAL TIME = 1  MALLOC = 83/83/83
