
==========================================================================
02-02_croc.gpl2 check_setup
--------------------------------------------------------------------------
1

==========================================================================
02-02_croc.gpl2 report_tns
--------------------------------------------------------------------------
tns max 0.00

==========================================================================
02-02_croc.gpl2 report_wns
--------------------------------------------------------------------------
wns max 0.00

==========================================================================
02-02_croc.gpl2 report_worst_slack
--------------------------------------------------------------------------
worst slack max 0.21

==========================================================================
02-02_croc.gpl2 report_checks -path_delay min
--------------------------------------------------------------------------
[WARNING STA-0168] unknown field nets.
Startpoint: i_croc_soc/i_rstgen.i_rstgen_bypass.synch_regs_q_3__reg
            (rising edge-triggered flip-flop clocked by clk_sys)
Endpoint: i_croc_soc/i_croc/i_clint/mtime_q_54__reg
          (removal check against rising-edge clock clk_sys)
Path Group: asynchronous
Path Type: min
Corner: ff

Fanout     Cap    Slew   Delay    Time   Description
-----------------------------------------------------------------------------
                  0.20    0.00    0.00   clock clk_sys (rise edge)
                          0.00    0.00   clock network delay (ideal)
                  0.20    0.00    0.00 ^ i_croc_soc/i_rstgen.i_rstgen_bypass.synch_regs_q_3__reg/CK (DFFRQX3)
     2    0.00    0.03    0.24    0.24 ^ i_croc_soc/i_rstgen.i_rstgen_bypass.synch_regs_q_3__reg/Q (DFFRQX3)
                  0.03    0.00    0.24 ^ i_croc_soc/i_rstgen.i_rstgen_bypass.i_tc_clk_mux2_rst_no/i_mux/A0 (MUX2X2)
    10    0.08    0.25    0.24    0.48 ^ i_croc_soc/i_rstgen.i_rstgen_bypass.i_tc_clk_mux2_rst_no/i_mux/Y (MUX2X2)
                  0.25    0.02    0.50 ^ place7966/A (BUFX3)
     8    0.03    0.07    0.16    0.66 ^ place7966/Y (BUFX3)
                  0.07    0.00    0.66 ^ i_croc_soc/i_croc/i_clint/mtime_q_54__reg/RB (DFFRQX3)
                                  0.66   data arrival time

                  0.20    0.00    0.00   clock clk_sys (rise edge)
                          0.00    0.00   clock network delay (ideal)
                          0.10    0.10   clock uncertainty
                          0.00    0.10   clock reconvergence pessimism
                                  0.10 ^ i_croc_soc/i_croc/i_clint/mtime_q_54__reg/CK (DFFRQX3)
                         -0.04    0.06   library removal time
                                  0.06   data required time
-----------------------------------------------------------------------------
                                  0.06   data required time
                                 -0.66   data arrival time
-----------------------------------------------------------------------------
                                  0.60   slack (MET)


Startpoint: i_croc_soc/i_croc/i_dmi_jtag/i_dmi_cdc.i_cdc_req/i_cdc_reset_ctrlr/i_cdc_reset_ctrlr_half_a/i_state_transition_cdc_dst/i_sync/reg_q_0__reg
            (rising edge-triggered flip-flop clocked by clk_jtg)
Endpoint: i_croc_soc/i_croc/i_dmi_jtag/i_dmi_cdc.i_cdc_req/i_cdc_reset_ctrlr/i_cdc_reset_ctrlr_half_a/i_state_transition_cdc_dst/i_sync/serial_o_reg
          (rising edge-triggered flip-flop clocked by clk_jtg)
Path Group: clk_jtg
Path Type: min
Corner: ff

Fanout     Cap    Slew   Delay    Time   Description
-----------------------------------------------------------------------------
                  0.20    0.00    0.00   clock clk_jtg (rise edge)
                          0.00    0.00   clock network delay (ideal)
                  0.20    0.00    0.00 ^ i_croc_soc/i_croc/i_dmi_jtag/i_dmi_cdc.i_cdc_req/i_cdc_reset_ctrlr/i_cdc_reset_ctrlr_half_a/i_state_transition_cdc_dst/i_sync/reg_q_0__reg/CK (DFFRQX3)
     1    0.00    0.02    0.22    0.22 v i_croc_soc/i_croc/i_dmi_jtag/i_dmi_cdc.i_cdc_req/i_cdc_reset_ctrlr/i_cdc_reset_ctrlr_half_a/i_state_transition_cdc_dst/i_sync/reg_q_0__reg/Q (DFFRQX3)
                  0.02    0.00    0.22 v i_croc_soc/i_croc/i_dmi_jtag/i_dmi_cdc.i_cdc_req/i_cdc_reset_ctrlr/i_cdc_reset_ctrlr_half_a/i_state_transition_cdc_dst/i_sync/serial_o_reg/D (DFFRQX3)
                                  0.22   data arrival time

                  0.20    0.00    0.00   clock clk_jtg (rise edge)
                          0.00    0.00   clock network delay (ideal)
                          0.10    0.10   clock uncertainty
                          0.00    0.10   clock reconvergence pessimism
                                  0.10 ^ i_croc_soc/i_croc/i_dmi_jtag/i_dmi_cdc.i_cdc_req/i_cdc_reset_ctrlr/i_cdc_reset_ctrlr_half_a/i_state_transition_cdc_dst/i_sync/serial_o_reg/CK (DFFRQX3)
                          0.05    0.15   library hold time
                                  0.15   data required time
-----------------------------------------------------------------------------
                                  0.15   data required time
                                 -0.22   data arrival time
-----------------------------------------------------------------------------
                                  0.07   slack (MET)


Startpoint: i_croc_soc/i_croc/i_gpio/gen_gpios[5].i_sync/reg_q_0__reg
            (rising edge-triggered flip-flop clocked by clk_sys)
Endpoint: i_croc_soc/i_croc/i_gpio/gen_gpios[5].i_sync/serial_o_reg
          (rising edge-triggered flip-flop clocked by clk_sys)
Path Group: clk_sys
Path Type: min
Corner: ff

Fanout     Cap    Slew   Delay    Time   Description
-----------------------------------------------------------------------------
                  0.20    0.00    0.00   clock clk_sys (rise edge)
                          0.00    0.00   clock network delay (ideal)
                  0.20    0.00    0.00 ^ i_croc_soc/i_croc/i_gpio/gen_gpios[5].i_sync/reg_q_0__reg/CK (DFFRQX3)
     1    0.00    0.02    0.22    0.22 v i_croc_soc/i_croc/i_gpio/gen_gpios[5].i_sync/reg_q_0__reg/Q (DFFRQX3)
                  0.02    0.00    0.22 v i_croc_soc/i_croc/i_gpio/gen_gpios[5].i_sync/serial_o_reg/D (DFFRQX3)
                                  0.22   data arrival time

                  0.20    0.00    0.00   clock clk_sys (rise edge)
                          0.00    0.00   clock network delay (ideal)
                          0.10    0.10   clock uncertainty
                          0.00    0.10   clock reconvergence pessimism
                                  0.10 ^ i_croc_soc/i_croc/i_gpio/gen_gpios[5].i_sync/serial_o_reg/CK (DFFRQX3)
                          0.05    0.15   library hold time
                                  0.15   data required time
-----------------------------------------------------------------------------
                                  0.15   data required time
                                 -0.22   data arrival time
-----------------------------------------------------------------------------
                                  0.07   slack (MET)



==========================================================================
02-02_croc.gpl2 report_checks -path_delay max
--------------------------------------------------------------------------
[WARNING STA-0168] unknown field nets.
Startpoint: i_croc_soc/i_rstgen.i_rstgen_bypass.synch_regs_q_3__reg
            (rising edge-triggered flip-flop clocked by clk_sys)
Endpoint: i_croc_soc/i_croc/i_core_wrap/i_core.register_file_i/rf_reg_282__reg
          (recovery check against rising-edge clock clk_sys)
Path Group: asynchronous
Path Type: max
Corner: tt

Fanout     Cap    Slew   Delay    Time   Description
-----------------------------------------------------------------------------
                  0.20    0.00    0.00   clock clk_sys (rise edge)
                          0.00    0.00   clock network delay (ideal)
                  0.20    0.00    0.00 ^ i_croc_soc/i_rstgen.i_rstgen_bypass.synch_regs_q_3__reg/CK (DFFRQX3)
     2    0.00    0.05    0.34    0.34 ^ i_croc_soc/i_rstgen.i_rstgen_bypass.synch_regs_q_3__reg/Q (DFFRQX3)
                  0.05    0.00    0.34 ^ i_croc_soc/i_rstgen.i_rstgen_bypass.i_tc_clk_mux2_rst_no/i_mux/A0 (MUX2X2)
    10    0.09    0.41    0.40    0.74 ^ i_croc_soc/i_rstgen.i_rstgen_bypass.i_tc_clk_mux2_rst_no/i_mux/Y (MUX2X2)
                  0.41    0.02    0.76 ^ place7983/A (BUFX8)
    13    0.10    0.13    0.29    1.05 ^ place7983/Y (BUFX8)
                  0.13    0.02    1.06 ^ place8029/A (BUFX3)
    15    0.08    0.28    0.29    1.36 ^ place8029/Y (BUFX3)
                  0.28    0.01    1.37 ^ place8050/A (BUFX3)
    14    0.05    0.19    0.29    1.65 ^ place8050/Y (BUFX3)
                  0.19    0.00    1.66 ^ place8052/A (BUFX3)
    16    0.06    0.22    0.28    1.93 ^ place8052/Y (BUFX3)
                  0.22    0.00    1.94 ^ place8053/A (BUFX3)
    15    0.06    0.20    0.28    2.21 ^ place8053/Y (BUFX3)
                  0.20    0.00    2.21 ^ place8054/A (BUFX3)
    11    0.04    0.15    0.23    2.44 ^ place8054/Y (BUFX3)
                  0.15    0.00    2.44 ^ place8055/A (BUFX3)
    14    0.05    0.19    0.24    2.68 ^ place8055/Y (BUFX3)
                  0.19    0.00    2.68 ^ i_croc_soc/i_croc/i_core_wrap/i_core.register_file_i/rf_reg_282__reg/RB (DFFRQX3)
                                  2.68   data arrival time

                  0.20   10.00   10.00   clock clk_sys (rise edge)
                          0.00   10.00   clock network delay (ideal)
                         -0.10    9.90   clock uncertainty
                          0.00    9.90   clock reconvergence pessimism
                                  9.90 ^ i_croc_soc/i_croc/i_core_wrap/i_core.register_file_i/rf_reg_282__reg/CK (DFFRQX3)
                         -0.13    9.77   library recovery time
                                  9.77   data required time
-----------------------------------------------------------------------------
                                  9.77   data required time
                                 -2.68   data arrival time
-----------------------------------------------------------------------------
                                  7.08   slack (MET)


Startpoint: i_croc_soc/i_croc/i_dmi_jtag/i_dmi_cdc.i_cdc_req/i_dst/async_ack_o_reg
            (rising edge-triggered flip-flop clocked by clk_sys)
Endpoint: i_croc_soc/i_croc/i_dm_top.i_dm_top/i_dm_csrs.progbuf_o_213__reg
          (rising edge-triggered flip-flop clocked by clk_sys)
Path Group: path delay
Path Type: max
Corner: tt

Fanout     Cap    Slew   Delay    Time   Description
-----------------------------------------------------------------------------
                  0.20    0.00    0.00 ^ i_croc_soc/i_croc/i_dmi_jtag/i_dmi_cdc.i_cdc_req/i_dst/async_ack_o_reg/CK (DFFRQX3)
     6    0.02    0.09    0.39    0.39 ^ i_croc_soc/i_croc/i_dmi_jtag/i_dmi_cdc.i_cdc_req/i_dst/async_ack_o_reg/Q (DFFRQX3)
                  0.09    0.00    0.39 ^ i_croc_soc/i_croc/i_dmi_jtag/i_dmi_cdc.i_cdc_req/i_dst/_152_/A (XOR2X1)
     1    0.00    0.08    0.11    0.50 ^ i_croc_soc/i_croc/i_dmi_jtag/i_dmi_cdc.i_cdc_req/i_dst/_152_/Y (XOR2X1)
                  0.08    0.00    0.50 ^ i_croc_soc/i_croc/i_dmi_jtag/i_dmi_cdc.i_cdc_req/_1_/AB (NOR2BX1)
     1    0.00    0.09    0.11    0.61 ^ i_croc_soc/i_croc/i_dmi_jtag/i_dmi_cdc.i_cdc_req/_1_/Y (NOR2BX1)
                  0.09    0.00    0.61 ^ place7524/A (BUFX4)
     9    0.05    0.12    0.19    0.80 ^ place7524/Y (BUFX4)
                  0.12    0.00    0.80 ^ i_croc_soc/i_croc/i_dm_top.i_dm_top/_3545_/A (NAND2X3)
     2    0.01    0.07    0.09    0.89 v i_croc_soc/i_croc/i_dm_top.i_dm_top/_3545_/Y (NAND2X3)
                  0.07    0.00    0.89 v i_croc_soc/i_croc/i_dm_top.i_dm_top/_3546_/B (NOR2X4)
     2    0.01    0.15    0.09    0.99 ^ i_croc_soc/i_croc/i_dm_top.i_dm_top/_3546_/Y (NOR2X4)
                  0.15    0.00    0.99 ^ i_croc_soc/i_croc/i_dm_top.i_dm_top/_3560_/A (NAND2X4)
     6    0.03    0.14    0.14    1.13 v i_croc_soc/i_croc/i_dm_top.i_dm_top/_3560_/Y (NAND2X4)
                  0.14    0.00    1.13 v i_croc_soc/i_croc/i_dm_top.i_dm_top/_4820_/A (OAI21X2)
     8    0.03    0.31    0.29    1.42 ^ i_croc_soc/i_croc/i_dm_top.i_dm_top/_4820_/Y (OAI21X2)
                  0.31    0.00    1.42 ^ i_croc_soc/i_croc/i_dm_top.i_dm_top/_5113_/C (OAI21X2)
    10    0.03    0.22    0.29    1.71 v i_croc_soc/i_croc/i_dm_top.i_dm_top/_5113_/Y (OAI21X2)
                  0.22    0.00    1.71 v place7191/A (BUFX3)
    16    0.05    0.14    0.24    1.95 v place7191/Y (BUFX3)
                  0.14    0.00    1.95 v place7192/A (BUFX1)
     2    0.01    0.05    0.12    2.07 v place7192/Y (BUFX1)
                  0.05    0.00    2.07 v i_croc_soc/i_croc/i_dm_top.i_dm_top/_5177_/C (NOR3BX1)
     1    0.00    0.10    0.12    2.19 ^ i_croc_soc/i_croc/i_dm_top.i_dm_top/_5177_/Y (NOR3BX1)
                  0.10    0.00    2.19 ^ i_croc_soc/i_croc/i_dm_top.i_dm_top/_5178_/C (AO21X2)
     1    0.00    0.03    0.11    2.30 ^ i_croc_soc/i_croc/i_dm_top.i_dm_top/_5178_/Y (AO21X2)
                  0.03    0.00    2.30 ^ i_croc_soc/i_croc/i_dm_top.i_dm_top/i_dm_csrs.progbuf_o_213__reg/D (DFFRQX3)
                                  2.30   data arrival time

                          3.00    3.00   max_delay
                         -0.08    2.92   library setup time
                                  2.92   data required time
-----------------------------------------------------------------------------
                                  2.92   data required time
                                 -2.30   data arrival time
-----------------------------------------------------------------------------
                                  0.61   slack (MET)


Startpoint: i_croc_soc/i_croc/i_dmi_jtag/td_o_reg
            (rising edge-triggered flip-flop clocked by clk_jtg')
Endpoint: jtag_tdo_o (output port clocked by clk_jtg)
Path Group: clk_jtg
Path Type: max
Corner: tt

Fanout     Cap    Slew   Delay    Time   Description
-----------------------------------------------------------------------------
                  0.20   12.50   12.50   clock clk_jtg' (rise edge)
                          0.00   12.50   clock network delay (ideal)
                  0.20    0.00   12.50 ^ i_croc_soc/i_croc/i_dmi_jtag/td_o_reg/CK (DFFRQX3)
     1    0.09    0.33    0.56   13.06 ^ i_croc_soc/i_croc/i_dmi_jtag/td_o_reg/Q (DFFRQX3)
                  0.45    0.02   13.08 ^ pad_jtag_tdo_o/c2p (sg13cmos5l_IOPadOut16mA)
     2   15.00    3.55    3.31   16.39 ^ pad_jtag_tdo_o/pad (sg13cmos5l_IOPadOut16mA)
                  2.66    0.00   16.39 ^ jtag_tdo_o (out)
                                 16.39   data arrival time

                  0.20   25.00   25.00   clock clk_jtg (rise edge)
                          0.00   25.00   clock network delay (ideal)
                         -0.10   24.90   clock uncertainty
                          0.00   24.90   clock reconvergence pessimism
                         -5.00   19.90   output external delay
                                 19.90   data required time
-----------------------------------------------------------------------------
                                 19.90   data required time
                                -16.39   data arrival time
-----------------------------------------------------------------------------
                                  3.51   slack (MET)


Startpoint: i_croc_soc/i_croc/i_core_wrap/i_core.id_stage_i.controller_i.instr_i_16__reg
            (rising edge-triggered flip-flop clocked by clk_sys)
Endpoint: i_croc_soc/i_croc/i_clint/mtimecmp_q_25__reg
          (rising edge-triggered flip-flop clocked by clk_sys)
Path Group: clk_sys
Path Type: max
Corner: tt

Fanout     Cap    Slew   Delay    Time   Description
-----------------------------------------------------------------------------
                  0.20    0.00    0.00   clock clk_sys (rise edge)
                          0.00    0.00   clock network delay (ideal)
                  0.20    0.00    0.00 ^ i_croc_soc/i_croc/i_core_wrap/i_core.id_stage_i.controller_i.instr_i_16__reg/CK (DFFRQX6)
    10    0.07    0.15    0.49    0.49 ^ i_croc_soc/i_croc/i_core_wrap/i_core.id_stage_i.controller_i.instr_i_16__reg/Q (DFFRQX6)
                  0.15    0.00    0.49 ^ place8466/A (BUFX4)
    16    0.08    0.19    0.27    0.76 ^ place8466/Y (BUFX4)
                  0.19    0.00    0.76 ^ place8471/A (BUFX3)
     5    0.02    0.07    0.17    0.94 ^ place8471/Y (BUFX3)
                  0.07    0.00    0.94 ^ i_croc_soc/i_croc/i_core_wrap/i_core.register_file_i/_3285_/S1 (MUXT4X3)
     1    0.00    0.06    0.18    1.12 v i_croc_soc/i_croc/i_core_wrap/i_core.register_file_i/_3285_/Y (MUXT4X3)
                  0.06    0.00    1.12 v i_croc_soc/i_croc/i_core_wrap/i_core.register_file_i/_3287_/B (AO22X1)
     1    0.01    0.08    0.19    1.32 v i_croc_soc/i_croc/i_core_wrap/i_core.register_file_i/_3287_/Y (AO22X1)
                  0.08    0.00    1.32 v i_croc_soc/i_croc/i_core_wrap/i_core.register_file_i/_3288_/D (OAOI211X2)
     1    0.01    0.15    0.16    1.48 ^ i_croc_soc/i_croc/i_core_wrap/i_core.register_file_i/_3288_/Y (OAOI211X2)
                  0.15    0.00    1.48 ^ i_croc_soc/i_croc/i_core_wrap/i_core.register_file_i/_3296_/D (OAI211X2)
     1    0.01    0.17    0.18    1.66 v i_croc_soc/i_croc/i_core_wrap/i_core.register_file_i/_3296_/Y (OAI211X2)
                  0.17    0.00    1.66 v i_croc_soc/i_croc/i_core_wrap/_4598_/A (NOR2X2)
     1    0.00    0.07    0.09    1.76 ^ i_croc_soc/i_croc/i_core_wrap/_4598_/Y (NOR2X2)
                  0.07    0.00    1.76 ^ i_croc_soc/i_croc/i_core_wrap/_4599_/A1 (MUXI2X1)
     2    0.01    0.13    0.12    1.88 v i_croc_soc/i_croc/i_core_wrap/_4599_/Y (MUXI2X1)
                  0.13    0.00    1.88 v i_croc_soc/i_croc/i_core_wrap/_4603_/C (AND3X2)
     2    0.01    0.04    0.14    2.02 v i_croc_soc/i_croc/i_core_wrap/_4603_/Y (AND3X2)
                  0.04    0.00    2.02 v i_croc_soc/i_croc/i_core_wrap/_4604_/C (NAND4BBX1)
     1    0.00    0.06    0.06    2.09 ^ i_croc_soc/i_croc/i_core_wrap/_4604_/Y (NAND4BBX1)
                  0.06    0.00    2.09 ^ i_croc_soc/i_croc/i_core_wrap/_4605_/C (OA211X2)
     2    0.01    0.06    0.22    2.30 ^ i_croc_soc/i_croc/i_core_wrap/_4605_/Y (OA211X2)
                  0.06    0.00    2.30 ^ place7304/A (BUFX3)
     4    0.02    0.08    0.13    2.43 ^ place7304/Y (BUFX3)
                  0.08    0.00    2.43 ^ i_croc_soc/i_croc/i_core_wrap/_4645_/B (NAND3X2)
     2    0.00    0.10    0.11    2.55 v i_croc_soc/i_croc/i_core_wrap/_4645_/Y (NAND3X2)
                  0.10    0.00    2.55 v i_croc_soc/i_croc/i_core_wrap/_4646_/D (NOR4X1)
     1    0.00    0.18    0.16    2.71 ^ i_croc_soc/i_croc/i_core_wrap/_4646_/Y (NOR4X1)
                  0.18    0.00    2.71 ^ i_croc_soc/i_croc/i_core_wrap/_4647_/A1 (MUXI2X1)
     2    0.01    0.22    0.24    2.95 v i_croc_soc/i_croc/i_core_wrap/_4647_/Y (MUXI2X1)
                  0.22    0.00    2.95 v i_croc_soc/i_croc/i_core_wrap/_4830_/C (OAI31X2)
     2    0.00    0.15    0.18    3.13 ^ i_croc_soc/i_croc/i_core_wrap/_4830_/Y (OAI31X2)
                  0.15    0.00    3.13 ^ i_croc_soc/i_croc/i_core_wrap/_4874_/A (AO31X2)
     2    0.01    0.08    0.24    3.37 ^ i_croc_soc/i_croc/i_core_wrap/_4874_/Y (AO31X2)
                  0.08    0.00    3.37 ^ place7060/A (BUFX3)
     6    0.02    0.08    0.14    3.50 ^ place7060/Y (BUFX3)
                  0.08    0.00    3.50 ^ i_croc_soc/i_croc/i_core_wrap/_5043_/B (AOAI211X1)
     1    0.00    0.11    0.13    3.64 v i_croc_soc/i_croc/i_core_wrap/_5043_/Y (AOAI211X1)
                  0.11    0.00    3.64 v i_croc_soc/i_croc/i_core_wrap/_5044_/B (AND2X1)
     1    0.00    0.03    0.11    3.74 v i_croc_soc/i_croc/i_core_wrap/_5044_/Y (AND2X1)
                  0.03    0.00    3.74 v i_croc_soc/i_croc/i_core_wrap/_5046_/C (OAI31X1)
     1    0.01    0.31    0.26    4.01 ^ i_croc_soc/i_croc/i_core_wrap/_5046_/Y (OAI31X1)
                  0.31    0.00    4.01 ^ i_croc_soc/i_croc/i_core_wrap/_5047_/B (XOR2X2)
     2    0.01    0.12    0.17    4.18 v i_croc_soc/i_croc/i_core_wrap/_5047_/Y (XOR2X2)
                  0.12    0.00    4.18 v i_croc_soc/i_croc/i_core_wrap/_6005_/A (AOI211X2)
     2    0.02    0.30    0.30    4.47 ^ i_croc_soc/i_croc/i_core_wrap/_6005_/Y (AOI211X2)
                  0.30    0.00    4.48 ^ i_croc_soc/i_croc/i_core_wrap/_7028_/C (OAI31X2)
     2    0.01    0.10    0.18    4.66 v i_croc_soc/i_croc/i_core_wrap/_7028_/Y (OAI31X2)
                  0.10    0.00    4.66 v i_croc_soc/i_croc/i_core_wrap/_7315_/A0 (MUX2X1)
     2    0.01    0.09    0.19    4.85 v i_croc_soc/i_croc/i_core_wrap/_7315_/Y (MUX2X1)
                  0.09    0.00    4.85 v i_croc_soc/i_croc/_3178_/A (NOR2X4)
     2    0.00    0.05    0.06    4.91 ^ i_croc_soc/i_croc/_3178_/Y (NOR2X4)
                  0.05    0.00    4.91 ^ i_croc_soc/i_croc/_3189_/B (AND4X2)
     3    0.01    0.08    0.25    5.16 ^ i_croc_soc/i_croc/_3189_/Y (AND4X2)
                  0.08    0.00    5.16 ^ i_croc_soc/i_croc/_3195_/C (NAND4BX1)
     1    0.01    0.21    0.23    5.39 v i_croc_soc/i_croc/_3195_/Y (NAND4BX1)
                  0.21    0.00    5.39 v i_croc_soc/i_croc/_3201_/B (AOAI211X2)
     1    0.00    0.10    0.15    5.54 ^ i_croc_soc/i_croc/_3201_/Y (AOAI211X2)
                  0.10    0.00    5.54 ^ i_croc_soc/i_croc/_3227_/B (AOI221X3)
     2    0.01    0.13    0.11    5.66 v i_croc_soc/i_croc/_3227_/Y (AOI221X3)
                  0.13    0.00    5.66 v place6697/A (BUFX3)
     4    0.02    0.06    0.15    5.81 v place6697/Y (BUFX3)
                  0.06    0.00    5.81 v i_croc_soc/i_croc/_3365_/B (NOR3X2)
     6    0.02    0.34    0.30    6.11 ^ i_croc_soc/i_croc/_3365_/Y (NOR3X2)
                  0.34    0.00    6.11 ^ i_croc_soc/i_croc/_3418_/B (AOI211X1)
     1    0.00    0.12    0.19    6.30 v i_croc_soc/i_croc/_3418_/Y (AOI211X1)
                  0.12    0.00    6.30 v i_croc_soc/i_croc/_3420_/C (OAI22X1)
     1    0.01    0.22    0.19    6.48 ^ i_croc_soc/i_croc/_3420_/Y (OAI22X1)
                  0.22    0.00    6.48 ^ i_croc_soc/i_croc/_3421_/C (NAND3X2)
     1    0.00    0.10    0.14    6.62 v i_croc_soc/i_croc/_3421_/Y (NAND3X2)
                  0.10    0.00    6.62 v i_croc_soc/i_croc/_3432_/B (AOI22X2)
     5    0.01    0.17    0.19    6.80 ^ i_croc_soc/i_croc/_3432_/Y (AOI22X2)
                  0.17    0.00    6.81 ^ i_croc_soc/i_croc/_3521_/D (OA211X2)
     1    0.00    0.05    0.24    7.05 ^ i_croc_soc/i_croc/_3521_/Y (OA211X2)
                  0.05    0.00    7.05 ^ i_croc_soc/i_croc/_3524_/C (OAI221X2)
     1    0.00    0.10    0.11    7.16 v i_croc_soc/i_croc/_3524_/Y (OAI221X2)
                  0.10    0.00    7.16 v i_croc_soc/i_croc/_3525_/D (OAOI211X2)
     4    0.01    0.24    0.25    7.41 ^ i_croc_soc/i_croc/_3525_/Y (OAOI211X2)
                  0.24    0.00    7.41 ^ place6536/A (BUFX3)
     8    0.02    0.10    0.21    7.62 ^ place6536/Y (BUFX3)
                  0.10    0.00    7.62 ^ i_croc_soc/i_croc/_3886_/A (AND2X1)
     2    0.01    0.08    0.15    7.76 ^ i_croc_soc/i_croc/_3886_/Y (AND2X1)
                  0.08    0.00    7.76 ^ i_croc_soc/i_croc/_4089_/B (NAND2X3)
    14    0.03    0.17    0.17    7.93 v i_croc_soc/i_croc/_4089_/Y (NAND2X3)
                  0.17    0.00    7.93 v place6440/A (BUFX3)
     9    0.03    0.09    0.19    8.12 v place6440/Y (BUFX3)
                  0.09    0.00    8.12 v i_croc_soc/i_croc/_4152_/B (NOR2X1)
     3    0.02    0.42    0.36    8.48 ^ i_croc_soc/i_croc/_4152_/Y (NOR2X1)
                  0.42    0.00    8.48 ^ i_croc_soc/i_croc/i_clint/_0740_/A (AND2X1)
     4    0.01    0.09    0.23    8.71 ^ i_croc_soc/i_croc/i_clint/_0740_/Y (AND2X1)
                  0.09    0.00    8.71 ^ i_croc_soc/i_croc/i_clint/_0742_/B (AND2X2)
     2    0.00    0.04    0.14    8.85 ^ i_croc_soc/i_croc/i_clint/_0742_/Y (AND2X2)
                  0.04    0.00    8.85 ^ i_croc_soc/i_croc/i_clint/_0743_/C (AND3X2)
     4    0.02    0.11    0.23    9.08 ^ i_croc_soc/i_croc/i_clint/_0743_/Y (AND3X2)
                  0.11    0.00    9.08 ^ i_croc_soc/i_croc/i_clint/_0766_/B (AND2X1)
     8    0.03    0.31    0.32    9.41 ^ i_croc_soc/i_croc/i_clint/_0766_/Y (AND2X1)
                  0.31    0.00    9.41 ^ i_croc_soc/i_croc/i_clint/_0769_/S0 (MUX2X1)
     1    0.00    0.04    0.20    9.61 ^ i_croc_soc/i_croc/i_clint/_0769_/Y (MUX2X1)
                  0.04    0.00    9.61 ^ i_croc_soc/i_croc/i_clint/mtimecmp_q_25__reg/D (DFFRQX3)
                                  9.61   data arrival time

                  0.20   10.00   10.00   clock clk_sys (rise edge)
                          0.00   10.00   clock network delay (ideal)
                         -0.10    9.90   clock uncertainty
                          0.00    9.90   clock reconvergence pessimism
                                  9.90 ^ i_croc_soc/i_croc/i_clint/mtimecmp_q_25__reg/CK (DFFRQX3)
                         -0.08    9.82   library setup time
                                  9.82   data required time
-----------------------------------------------------------------------------
                                  9.82   data required time
                                 -9.61   data arrival time
-----------------------------------------------------------------------------
                                  0.21   slack (MET)



==========================================================================
02-02_croc.gpl2 report_checks -unconstrained
--------------------------------------------------------------------------
[WARNING STA-0168] unknown field nets.
Startpoint: i_croc_soc/i_rstgen.i_rstgen_bypass.synch_regs_q_3__reg
            (rising edge-triggered flip-flop clocked by clk_sys)
Endpoint: i_croc_soc/i_croc/i_core_wrap/i_core.register_file_i/rf_reg_282__reg
          (recovery check against rising-edge clock clk_sys)
Path Group: asynchronous
Path Type: max
Corner: tt

Fanout     Cap    Slew   Delay    Time   Description
-----------------------------------------------------------------------------
                  0.20    0.00    0.00   clock clk_sys (rise edge)
                          0.00    0.00   clock network delay (ideal)
                  0.20    0.00    0.00 ^ i_croc_soc/i_rstgen.i_rstgen_bypass.synch_regs_q_3__reg/CK (DFFRQX3)
     2    0.00    0.05    0.34    0.34 ^ i_croc_soc/i_rstgen.i_rstgen_bypass.synch_regs_q_3__reg/Q (DFFRQX3)
                  0.05    0.00    0.34 ^ i_croc_soc/i_rstgen.i_rstgen_bypass.i_tc_clk_mux2_rst_no/i_mux/A0 (MUX2X2)
    10    0.09    0.41    0.40    0.74 ^ i_croc_soc/i_rstgen.i_rstgen_bypass.i_tc_clk_mux2_rst_no/i_mux/Y (MUX2X2)
                  0.41    0.02    0.76 ^ place7983/A (BUFX8)
    13    0.10    0.13    0.29    1.05 ^ place7983/Y (BUFX8)
                  0.13    0.02    1.06 ^ place8029/A (BUFX3)
    15    0.08    0.28    0.29    1.36 ^ place8029/Y (BUFX3)
                  0.28    0.01    1.37 ^ place8050/A (BUFX3)
    14    0.05    0.19    0.29    1.65 ^ place8050/Y (BUFX3)
                  0.19    0.00    1.66 ^ place8052/A (BUFX3)
    16    0.06    0.22    0.28    1.93 ^ place8052/Y (BUFX3)
                  0.22    0.00    1.94 ^ place8053/A (BUFX3)
    15    0.06    0.20    0.28    2.21 ^ place8053/Y (BUFX3)
                  0.20    0.00    2.21 ^ place8054/A (BUFX3)
    11    0.04    0.15    0.23    2.44 ^ place8054/Y (BUFX3)
                  0.15    0.00    2.44 ^ place8055/A (BUFX3)
    14    0.05    0.19    0.24    2.68 ^ place8055/Y (BUFX3)
                  0.19    0.00    2.68 ^ i_croc_soc/i_croc/i_core_wrap/i_core.register_file_i/rf_reg_282__reg/RB (DFFRQX3)
                                  2.68   data arrival time

                  0.20   10.00   10.00   clock clk_sys (rise edge)
                          0.00   10.00   clock network delay (ideal)
                         -0.10    9.90   clock uncertainty
                          0.00    9.90   clock reconvergence pessimism
                                  9.90 ^ i_croc_soc/i_croc/i_core_wrap/i_core.register_file_i/rf_reg_282__reg/CK (DFFRQX3)
                         -0.13    9.77   library recovery time
                                  9.77   data required time
-----------------------------------------------------------------------------
                                  9.77   data required time
                                 -2.68   data arrival time
-----------------------------------------------------------------------------
                                  7.08   slack (MET)


Startpoint: i_croc_soc/i_croc/i_dmi_jtag/i_dmi_cdc.i_cdc_req/i_dst/async_ack_o_reg
            (rising edge-triggered flip-flop clocked by clk_sys)
Endpoint: i_croc_soc/i_croc/i_dm_top.i_dm_top/i_dm_csrs.progbuf_o_213__reg
          (rising edge-triggered flip-flop clocked by clk_sys)
Path Group: path delay
Path Type: max
Corner: tt

Fanout     Cap    Slew   Delay    Time   Description
-----------------------------------------------------------------------------
                  0.20    0.00    0.00 ^ i_croc_soc/i_croc/i_dmi_jtag/i_dmi_cdc.i_cdc_req/i_dst/async_ack_o_reg/CK (DFFRQX3)
     6    0.02    0.09    0.39    0.39 ^ i_croc_soc/i_croc/i_dmi_jtag/i_dmi_cdc.i_cdc_req/i_dst/async_ack_o_reg/Q (DFFRQX3)
                  0.09    0.00    0.39 ^ i_croc_soc/i_croc/i_dmi_jtag/i_dmi_cdc.i_cdc_req/i_dst/_152_/A (XOR2X1)
     1    0.00    0.08    0.11    0.50 ^ i_croc_soc/i_croc/i_dmi_jtag/i_dmi_cdc.i_cdc_req/i_dst/_152_/Y (XOR2X1)
                  0.08    0.00    0.50 ^ i_croc_soc/i_croc/i_dmi_jtag/i_dmi_cdc.i_cdc_req/_1_/AB (NOR2BX1)
     1    0.00    0.09    0.11    0.61 ^ i_croc_soc/i_croc/i_dmi_jtag/i_dmi_cdc.i_cdc_req/_1_/Y (NOR2BX1)
                  0.09    0.00    0.61 ^ place7524/A (BUFX4)
     9    0.05    0.12    0.19    0.80 ^ place7524/Y (BUFX4)
                  0.12    0.00    0.80 ^ i_croc_soc/i_croc/i_dm_top.i_dm_top/_3545_/A (NAND2X3)
     2    0.01    0.07    0.09    0.89 v i_croc_soc/i_croc/i_dm_top.i_dm_top/_3545_/Y (NAND2X3)
                  0.07    0.00    0.89 v i_croc_soc/i_croc/i_dm_top.i_dm_top/_3546_/B (NOR2X4)
     2    0.01    0.15    0.09    0.99 ^ i_croc_soc/i_croc/i_dm_top.i_dm_top/_3546_/Y (NOR2X4)
                  0.15    0.00    0.99 ^ i_croc_soc/i_croc/i_dm_top.i_dm_top/_3560_/A (NAND2X4)
     6    0.03    0.14    0.14    1.13 v i_croc_soc/i_croc/i_dm_top.i_dm_top/_3560_/Y (NAND2X4)
                  0.14    0.00    1.13 v i_croc_soc/i_croc/i_dm_top.i_dm_top/_4820_/A (OAI21X2)
     8    0.03    0.31    0.29    1.42 ^ i_croc_soc/i_croc/i_dm_top.i_dm_top/_4820_/Y (OAI21X2)
                  0.31    0.00    1.42 ^ i_croc_soc/i_croc/i_dm_top.i_dm_top/_5113_/C (OAI21X2)
    10    0.03    0.22    0.29    1.71 v i_croc_soc/i_croc/i_dm_top.i_dm_top/_5113_/Y (OAI21X2)
                  0.22    0.00    1.71 v place7191/A (BUFX3)
    16    0.05    0.14    0.24    1.95 v place7191/Y (BUFX3)
                  0.14    0.00    1.95 v place7192/A (BUFX1)
     2    0.01    0.05    0.12    2.07 v place7192/Y (BUFX1)
                  0.05    0.00    2.07 v i_croc_soc/i_croc/i_dm_top.i_dm_top/_5177_/C (NOR3BX1)
     1    0.00    0.10    0.12    2.19 ^ i_croc_soc/i_croc/i_dm_top.i_dm_top/_5177_/Y (NOR3BX1)
                  0.10    0.00    2.19 ^ i_croc_soc/i_croc/i_dm_top.i_dm_top/_5178_/C (AO21X2)
     1    0.00    0.03    0.11    2.30 ^ i_croc_soc/i_croc/i_dm_top.i_dm_top/_5178_/Y (AO21X2)
                  0.03    0.00    2.30 ^ i_croc_soc/i_croc/i_dm_top.i_dm_top/i_dm_csrs.progbuf_o_213__reg/D (DFFRQX3)
                                  2.30   data arrival time

                          3.00    3.00   max_delay
                         -0.08    2.92   library setup time
                                  2.92   data required time
-----------------------------------------------------------------------------
                                  2.92   data required time
                                 -2.30   data arrival time
-----------------------------------------------------------------------------
                                  0.61   slack (MET)


Startpoint: i_croc_soc/i_croc/i_dmi_jtag/td_o_reg
            (rising edge-triggered flip-flop clocked by clk_jtg')
Endpoint: jtag_tdo_o (output port clocked by clk_jtg)
Path Group: clk_jtg
Path Type: max
Corner: tt

Fanout     Cap    Slew   Delay    Time   Description
-----------------------------------------------------------------------------
                  0.20   12.50   12.50   clock clk_jtg' (rise edge)
                          0.00   12.50   clock network delay (ideal)
                  0.20    0.00   12.50 ^ i_croc_soc/i_croc/i_dmi_jtag/td_o_reg/CK (DFFRQX3)
     1    0.09    0.33    0.56   13.06 ^ i_croc_soc/i_croc/i_dmi_jtag/td_o_reg/Q (DFFRQX3)
                  0.45    0.02   13.08 ^ pad_jtag_tdo_o/c2p (sg13cmos5l_IOPadOut16mA)
     2   15.00    3.55    3.31   16.39 ^ pad_jtag_tdo_o/pad (sg13cmos5l_IOPadOut16mA)
                  2.66    0.00   16.39 ^ jtag_tdo_o (out)
                                 16.39   data arrival time

                  0.20   25.00   25.00   clock clk_jtg (rise edge)
                          0.00   25.00   clock network delay (ideal)
                         -0.10   24.90   clock uncertainty
                          0.00   24.90   clock reconvergence pessimism
                         -5.00   19.90   output external delay
                                 19.90   data required time
-----------------------------------------------------------------------------
                                 19.90   data required time
                                -16.39   data arrival time
-----------------------------------------------------------------------------
                                  3.51   slack (MET)


Startpoint: i_croc_soc/i_croc/i_core_wrap/i_core.id_stage_i.controller_i.instr_i_16__reg
            (rising edge-triggered flip-flop clocked by clk_sys)
Endpoint: i_croc_soc/i_croc/i_clint/mtimecmp_q_25__reg
          (rising edge-triggered flip-flop clocked by clk_sys)
Path Group: clk_sys
Path Type: max
Corner: tt

Fanout     Cap    Slew   Delay    Time   Description
-----------------------------------------------------------------------------
                  0.20    0.00    0.00   clock clk_sys (rise edge)
                          0.00    0.00   clock network delay (ideal)
                  0.20    0.00    0.00 ^ i_croc_soc/i_croc/i_core_wrap/i_core.id_stage_i.controller_i.instr_i_16__reg/CK (DFFRQX6)
    10    0.07    0.15    0.49    0.49 ^ i_croc_soc/i_croc/i_core_wrap/i_core.id_stage_i.controller_i.instr_i_16__reg/Q (DFFRQX6)
                  0.15    0.00    0.49 ^ place8466/A (BUFX4)
    16    0.08    0.19    0.27    0.76 ^ place8466/Y (BUFX4)
                  0.19    0.00    0.76 ^ place8471/A (BUFX3)
     5    0.02    0.07    0.17    0.94 ^ place8471/Y (BUFX3)
                  0.07    0.00    0.94 ^ i_croc_soc/i_croc/i_core_wrap/i_core.register_file_i/_3285_/S1 (MUXT4X3)
     1    0.00    0.06    0.18    1.12 v i_croc_soc/i_croc/i_core_wrap/i_core.register_file_i/_3285_/Y (MUXT4X3)
                  0.06    0.00    1.12 v i_croc_soc/i_croc/i_core_wrap/i_core.register_file_i/_3287_/B (AO22X1)
     1    0.01    0.08    0.19    1.32 v i_croc_soc/i_croc/i_core_wrap/i_core.register_file_i/_3287_/Y (AO22X1)
                  0.08    0.00    1.32 v i_croc_soc/i_croc/i_core_wrap/i_core.register_file_i/_3288_/D (OAOI211X2)
     1    0.01    0.15    0.16    1.48 ^ i_croc_soc/i_croc/i_core_wrap/i_core.register_file_i/_3288_/Y (OAOI211X2)
                  0.15    0.00    1.48 ^ i_croc_soc/i_croc/i_core_wrap/i_core.register_file_i/_3296_/D (OAI211X2)
     1    0.01    0.17    0.18    1.66 v i_croc_soc/i_croc/i_core_wrap/i_core.register_file_i/_3296_/Y (OAI211X2)
                  0.17    0.00    1.66 v i_croc_soc/i_croc/i_core_wrap/_4598_/A (NOR2X2)
     1    0.00    0.07    0.09    1.76 ^ i_croc_soc/i_croc/i_core_wrap/_4598_/Y (NOR2X2)
                  0.07    0.00    1.76 ^ i_croc_soc/i_croc/i_core_wrap/_4599_/A1 (MUXI2X1)
     2    0.01    0.13    0.12    1.88 v i_croc_soc/i_croc/i_core_wrap/_4599_/Y (MUXI2X1)
                  0.13    0.00    1.88 v i_croc_soc/i_croc/i_core_wrap/_4603_/C (AND3X2)
     2    0.01    0.04    0.14    2.02 v i_croc_soc/i_croc/i_core_wrap/_4603_/Y (AND3X2)
                  0.04    0.00    2.02 v i_croc_soc/i_croc/i_core_wrap/_4604_/C (NAND4BBX1)
     1    0.00    0.06    0.06    2.09 ^ i_croc_soc/i_croc/i_core_wrap/_4604_/Y (NAND4BBX1)
                  0.06    0.00    2.09 ^ i_croc_soc/i_croc/i_core_wrap/_4605_/C (OA211X2)
     2    0.01    0.06    0.22    2.30 ^ i_croc_soc/i_croc/i_core_wrap/_4605_/Y (OA211X2)
                  0.06    0.00    2.30 ^ place7304/A (BUFX3)
     4    0.02    0.08    0.13    2.43 ^ place7304/Y (BUFX3)
                  0.08    0.00    2.43 ^ i_croc_soc/i_croc/i_core_wrap/_4645_/B (NAND3X2)
     2    0.00    0.10    0.11    2.55 v i_croc_soc/i_croc/i_core_wrap/_4645_/Y (NAND3X2)
                  0.10    0.00    2.55 v i_croc_soc/i_croc/i_core_wrap/_4646_/D (NOR4X1)
     1    0.00    0.18    0.16    2.71 ^ i_croc_soc/i_croc/i_core_wrap/_4646_/Y (NOR4X1)
                  0.18    0.00    2.71 ^ i_croc_soc/i_croc/i_core_wrap/_4647_/A1 (MUXI2X1)
     2    0.01    0.22    0.24    2.95 v i_croc_soc/i_croc/i_core_wrap/_4647_/Y (MUXI2X1)
                  0.22    0.00    2.95 v i_croc_soc/i_croc/i_core_wrap/_4830_/C (OAI31X2)
     2    0.00    0.15    0.18    3.13 ^ i_croc_soc/i_croc/i_core_wrap/_4830_/Y (OAI31X2)
                  0.15    0.00    3.13 ^ i_croc_soc/i_croc/i_core_wrap/_4874_/A (AO31X2)
     2    0.01    0.08    0.24    3.37 ^ i_croc_soc/i_croc/i_core_wrap/_4874_/Y (AO31X2)
                  0.08    0.00    3.37 ^ place7060/A (BUFX3)
     6    0.02    0.08    0.14    3.50 ^ place7060/Y (BUFX3)
                  0.08    0.00    3.50 ^ i_croc_soc/i_croc/i_core_wrap/_5043_/B (AOAI211X1)
     1    0.00    0.11    0.13    3.64 v i_croc_soc/i_croc/i_core_wrap/_5043_/Y (AOAI211X1)
                  0.11    0.00    3.64 v i_croc_soc/i_croc/i_core_wrap/_5044_/B (AND2X1)
     1    0.00    0.03    0.11    3.74 v i_croc_soc/i_croc/i_core_wrap/_5044_/Y (AND2X1)
                  0.03    0.00    3.74 v i_croc_soc/i_croc/i_core_wrap/_5046_/C (OAI31X1)
     1    0.01    0.31    0.26    4.01 ^ i_croc_soc/i_croc/i_core_wrap/_5046_/Y (OAI31X1)
                  0.31    0.00    4.01 ^ i_croc_soc/i_croc/i_core_wrap/_5047_/B (XOR2X2)
     2    0.01    0.12    0.17    4.18 v i_croc_soc/i_croc/i_core_wrap/_5047_/Y (XOR2X2)
                  0.12    0.00    4.18 v i_croc_soc/i_croc/i_core_wrap/_6005_/A (AOI211X2)
     2    0.02    0.30    0.30    4.47 ^ i_croc_soc/i_croc/i_core_wrap/_6005_/Y (AOI211X2)
                  0.30    0.00    4.48 ^ i_croc_soc/i_croc/i_core_wrap/_7028_/C (OAI31X2)
     2    0.01    0.10    0.18    4.66 v i_croc_soc/i_croc/i_core_wrap/_7028_/Y (OAI31X2)
                  0.10    0.00    4.66 v i_croc_soc/i_croc/i_core_wrap/_7315_/A0 (MUX2X1)
     2    0.01    0.09    0.19    4.85 v i_croc_soc/i_croc/i_core_wrap/_7315_/Y (MUX2X1)
                  0.09    0.00    4.85 v i_croc_soc/i_croc/_3178_/A (NOR2X4)
     2    0.00    0.05    0.06    4.91 ^ i_croc_soc/i_croc/_3178_/Y (NOR2X4)
                  0.05    0.00    4.91 ^ i_croc_soc/i_croc/_3189_/B (AND4X2)
     3    0.01    0.08    0.25    5.16 ^ i_croc_soc/i_croc/_3189_/Y (AND4X2)
                  0.08    0.00    5.16 ^ i_croc_soc/i_croc/_3195_/C (NAND4BX1)
     1    0.01    0.21    0.23    5.39 v i_croc_soc/i_croc/_3195_/Y (NAND4BX1)
                  0.21    0.00    5.39 v i_croc_soc/i_croc/_3201_/B (AOAI211X2)
     1    0.00    0.10    0.15    5.54 ^ i_croc_soc/i_croc/_3201_/Y (AOAI211X2)
                  0.10    0.00    5.54 ^ i_croc_soc/i_croc/_3227_/B (AOI221X3)
     2    0.01    0.13    0.11    5.66 v i_croc_soc/i_croc/_3227_/Y (AOI221X3)
                  0.13    0.00    5.66 v place6697/A (BUFX3)
     4    0.02    0.06    0.15    5.81 v place6697/Y (BUFX3)
                  0.06    0.00    5.81 v i_croc_soc/i_croc/_3365_/B (NOR3X2)
     6    0.02    0.34    0.30    6.11 ^ i_croc_soc/i_croc/_3365_/Y (NOR3X2)
                  0.34    0.00    6.11 ^ i_croc_soc/i_croc/_3418_/B (AOI211X1)
     1    0.00    0.12    0.19    6.30 v i_croc_soc/i_croc/_3418_/Y (AOI211X1)
                  0.12    0.00    6.30 v i_croc_soc/i_croc/_3420_/C (OAI22X1)
     1    0.01    0.22    0.19    6.48 ^ i_croc_soc/i_croc/_3420_/Y (OAI22X1)
                  0.22    0.00    6.48 ^ i_croc_soc/i_croc/_3421_/C (NAND3X2)
     1    0.00    0.10    0.14    6.62 v i_croc_soc/i_croc/_3421_/Y (NAND3X2)
                  0.10    0.00    6.62 v i_croc_soc/i_croc/_3432_/B (AOI22X2)
     5    0.01    0.17    0.19    6.80 ^ i_croc_soc/i_croc/_3432_/Y (AOI22X2)
                  0.17    0.00    6.81 ^ i_croc_soc/i_croc/_3521_/D (OA211X2)
     1    0.00    0.05    0.24    7.05 ^ i_croc_soc/i_croc/_3521_/Y (OA211X2)
                  0.05    0.00    7.05 ^ i_croc_soc/i_croc/_3524_/C (OAI221X2)
     1    0.00    0.10    0.11    7.16 v i_croc_soc/i_croc/_3524_/Y (OAI221X2)
                  0.10    0.00    7.16 v i_croc_soc/i_croc/_3525_/D (OAOI211X2)
     4    0.01    0.24    0.25    7.41 ^ i_croc_soc/i_croc/_3525_/Y (OAOI211X2)
                  0.24    0.00    7.41 ^ place6536/A (BUFX3)
     8    0.02    0.10    0.21    7.62 ^ place6536/Y (BUFX3)
                  0.10    0.00    7.62 ^ i_croc_soc/i_croc/_3886_/A (AND2X1)
     2    0.01    0.08    0.15    7.76 ^ i_croc_soc/i_croc/_3886_/Y (AND2X1)
                  0.08    0.00    7.76 ^ i_croc_soc/i_croc/_4089_/B (NAND2X3)
    14    0.03    0.17    0.17    7.93 v i_croc_soc/i_croc/_4089_/Y (NAND2X3)
                  0.17    0.00    7.93 v place6440/A (BUFX3)
     9    0.03    0.09    0.19    8.12 v place6440/Y (BUFX3)
                  0.09    0.00    8.12 v i_croc_soc/i_croc/_4152_/B (NOR2X1)
     3    0.02    0.42    0.36    8.48 ^ i_croc_soc/i_croc/_4152_/Y (NOR2X1)
                  0.42    0.00    8.48 ^ i_croc_soc/i_croc/i_clint/_0740_/A (AND2X1)
     4    0.01    0.09    0.23    8.71 ^ i_croc_soc/i_croc/i_clint/_0740_/Y (AND2X1)
                  0.09    0.00    8.71 ^ i_croc_soc/i_croc/i_clint/_0742_/B (AND2X2)
     2    0.00    0.04    0.14    8.85 ^ i_croc_soc/i_croc/i_clint/_0742_/Y (AND2X2)
                  0.04    0.00    8.85 ^ i_croc_soc/i_croc/i_clint/_0743_/C (AND3X2)
     4    0.02    0.11    0.23    9.08 ^ i_croc_soc/i_croc/i_clint/_0743_/Y (AND3X2)
                  0.11    0.00    9.08 ^ i_croc_soc/i_croc/i_clint/_0766_/B (AND2X1)
     8    0.03    0.31    0.32    9.41 ^ i_croc_soc/i_croc/i_clint/_0766_/Y (AND2X1)
                  0.31    0.00    9.41 ^ i_croc_soc/i_croc/i_clint/_0769_/S0 (MUX2X1)
     1    0.00    0.04    0.20    9.61 ^ i_croc_soc/i_croc/i_clint/_0769_/Y (MUX2X1)
                  0.04    0.00    9.61 ^ i_croc_soc/i_croc/i_clint/mtimecmp_q_25__reg/D (DFFRQX3)
                                  9.61   data arrival time

                  0.20   10.00   10.00   clock clk_sys (rise edge)
                          0.00   10.00   clock network delay (ideal)
                         -0.10    9.90   clock uncertainty
                          0.00    9.90   clock reconvergence pessimism
                                  9.90 ^ i_croc_soc/i_croc/i_clint/mtimecmp_q_25__reg/CK (DFFRQX3)
                         -0.08    9.82   library setup time
                                  9.82   data required time
-----------------------------------------------------------------------------
                                  9.82   data required time
                                 -9.61   data arrival time
-----------------------------------------------------------------------------
                                  0.21   slack (MET)



==========================================================================
02-02_croc.gpl2 report_check_types -max_slew -max_cap -max_fanout -violators
--------------------------------------------------------------------------

==========================================================================
02-02_croc.gpl2 max_slew_check_slack
--------------------------------------------------------------------------
-2.4305672645568848

==========================================================================
02-02_croc.gpl2 max_slew_check_limit
--------------------------------------------------------------------------
1.2000000476837158

==========================================================================
02-02_croc.gpl2 max_slew_check_slack_limit
--------------------------------------------------------------------------
-2.0255

==========================================================================
02-02_croc.gpl2 max_fanout_check_slack
--------------------------------------------------------------------------
0.0

==========================================================================
02-02_croc.gpl2 max_fanout_check_limit
--------------------------------------------------------------------------
16.0

==========================================================================
02-02_croc.gpl2 max_fanout_check_slack_limit
--------------------------------------------------------------------------
0.0000

==========================================================================
02-02_croc.gpl2 max_capacitance_check_slack
--------------------------------------------------------------------------
-11.160959243774414

==========================================================================
02-02_croc.gpl2 max_capacitance_check_limit
--------------------------------------------------------------------------
4.21304988861084

==========================================================================
02-02_croc.gpl2 max_capacitance_check_slack_limit
--------------------------------------------------------------------------
-2.6491

==========================================================================
02-02_croc.gpl2 max_slew_violation_count
--------------------------------------------------------------------------
max slew violation count 71

==========================================================================
02-02_croc.gpl2 max_fanout_violation_count
--------------------------------------------------------------------------
max fanout violation count 0

==========================================================================
02-02_croc.gpl2 max_cap_violation_count
--------------------------------------------------------------------------
max cap violation count 96

==========================================================================
02-02_croc.gpl2 setup_violation_count
--------------------------------------------------------------------------
setup violation count 0

==========================================================================
02-02_croc.gpl2 hold_violation_count
--------------------------------------------------------------------------
hold violation count 0

==========================================================================
02-02_croc.gpl2 critical path delay
--------------------------------------------------------------------------
9.6077

==========================================================================
02-02_croc.gpl2 critical path slack
--------------------------------------------------------------------------
0.2085

==========================================================================
02-02_croc.gpl2 slack div critical path delay
--------------------------------------------------------------------------
2.170134

==========================================================================
02-02_croc.gpl2 report_power tt
--------------------------------------------------------------------------
Group                  Internal  Switching    Leakage      Total
                          Power      Power      Power      Power (Watts)
----------------------------------------------------------------
Sequential             6.66e-03   1.52e-04   1.21e-06   6.82e-03  35.7%
Combinational          2.77e-04   5.81e-04   1.59e-06   8.59e-04   4.5%
Clock                  6.74e-07   2.88e-07   1.79e-10   9.62e-07   0.0%
Macro                  6.93e-03   0.00e+00   7.92e-07   6.93e-03  36.3%
Pad                    2.82e-04   4.22e-03   1.08e-07   4.50e-03  23.6%
----------------------------------------------------------------
Total                  1.41e-02   4.95e-03   3.70e-06   1.91e-02 100.0%
                          74.1%      25.9%       0.0%

==========================================================================
02-02_croc.gpl2 report_design_area
--------------------------------------------------------------------------

==========================================================================
02-02_croc.gpl2 area by hierarchy
--------------------------------------------------------------------------

--------------------------------------------------------------------------------
Design Area Summary
--------------------------------------------------------------------------------
Die Area:              4629056.0 um2
Core Area:             2200258.368 um2
Total Area:            2310248.8768 um2
Total Active Area:     667528.8768 um2

Core Utilization:      0.3033865870064947
Std Cell Utilization:  0.19332300826861074

--------------------------------------------------------------------------------
Hierarchical Area Report
--------------------------------------------------------------------------------
                                                                                Global Area (um^2)                                                              Global Instances                                                                Local Area (um^2)                                                               Local Instances
                                                                                ------------------------------------------------------------------------------- ------------------------------------------------------------------------------- ------------------------------------------------------------------------------- ----------------------------------------------------------------------------
Hierarchy Name                                                                  Total           StdCell         Macro           Cover           Pad             Total           StdCell         Macro           Cover           Pad             Total           StdCell         Macro           Cover           Pad             Total           StdCell         Macro           Cover           Pad             
-----------------------------------------------------------------------------------------------------------------------------------------------------------------------------------------------------------------------------------------------------------------------------------------------------------------------------------------------------------------------------------------------------------
<top>                                                                           2310248.877     367324.070      300204.806      313600.000      1329120.000     36653           36333           2               64              254             1691221.533     48501.533       0.000           313600.000      1329120.000     10735           10417           0               64              254             
  i_croc_soc                                                                    619027.344      318822.538      300204.806      0.000           0.000           25918           25916           2               0               0               117.130         117.130         0.000           0.000           0.000           5               5               0               0               0               
    i_croc                                                                      311336.122      311336.122      0.000           0.000           0.000           25064           25064           0               0               0               31584.067       31584.067       0.000           0.000           0.000           3891            3891            0               0               0               
      i_bootrom                                                                 2740.550        2740.550        0.000           0.000           0.000           302             302             0               0               0               2740.550        2740.550        0.000           0.000           0.000           302             302             0               0               0               
      i_clint                                                                   9884.045        9884.045        0.000           0.000           0.000           719             719             0               0               0               9827.597        9827.597        0.000           0.000           0.000           717             717             0               0               0               
        i_sync                                                                  56.448          56.448          0.000           0.000           0.000           2               2               0               0               0               56.448          56.448          0.000           0.000           0.000           2               2               0               0               0               
      i_core_wrap                                                               140160.384      140160.384      0.000           0.000           0.000           10676           10676           0               0               0               45437.818       45437.818       0.000           0.000           0.000           4260            4260            0               0               0               
        i_core.cs_registers_i                                                   34958.246       34958.246       0.000           0.000           0.000           2895            2895            0               0               0               34958.246       34958.246       0.000           0.000           0.000           2895            2895            0               0               0               
        i_core.register_file_i                                                  59764.320       59764.320       0.000           0.000           0.000           3521            3521            0               0               0               59764.320       59764.320       0.000           0.000           0.000           3521            3521            0               0               0               
      i_dm_top.i_dm_top                                                         47767.709       47767.709       0.000           0.000           0.000           3950            3950            0               0               0               47767.709       47767.709       0.000           0.000           0.000           3950            3950            0               0               0               
      i_dmi_jtag                                                                23349.715       23349.715       0.000           0.000           0.000           1745            1745            0               0               0               10452.758       10452.758       0.000           0.000           0.000           843             843             0               0               0               
        i_dmi_cdc.i_cdc_req                                                     6779.405        6779.405        0.000           0.000           0.000           470             470             0               0               0               141.120         141.120         0.000           0.000           0.000           8               8               0               0               0               
          i_cdc_reset_ctrlr                                                     2346.826        2346.826        0.000           0.000           0.000           195             195             0               0               0               0.000           0.000           0.000           0.000           0.000           0               0               0               0               0               
            i_cdc_reset_ctrlr_half_a                                            1171.296        1171.296        0.000           0.000           0.000           97              97              0               0               0               640.685         640.685         0.000           0.000           0.000           62              62              0               0               0               
              i_state_transition_cdc_dst                                        198.979         198.979         0.000           0.000           0.000           13              13              0               0               0               142.531         142.531         0.000           0.000           0.000           11              11              0               0               0               
                i_sync                                                          56.448          56.448          0.000           0.000           0.000           2               2               0               0               0               56.448          56.448          0.000           0.000           0.000           2               2               0               0               0               
              i_state_transition_cdc_src                                        331.632         331.632         0.000           0.000           0.000           22              22              0               0               0               275.184         275.184         0.000           0.000           0.000           20              20              0               0               0               
                i_sync                                                          56.448          56.448          0.000           0.000           0.000           2               2               0               0               0               56.448          56.448          0.000           0.000           0.000           2               2               0               0               0               
            i_cdc_reset_ctrlr_half_b                                            1175.530        1175.530        0.000           0.000           0.000           98              98              0               0               0               644.918         644.918         0.000           0.000           0.000           63              63              0               0               0               
              i_state_transition_cdc_dst                                        198.979         198.979         0.000           0.000           0.000           13              13              0               0               0               142.531         142.531         0.000           0.000           0.000           11              11              0               0               0               
                i_sync                                                          56.448          56.448          0.000           0.000           0.000           2               2               0               0               0               56.448          56.448          0.000           0.000           0.000           2               2               0               0               0               
              i_state_transition_cdc_src                                        331.632         331.632         0.000           0.000           0.000           22              22              0               0               0               275.184         275.184         0.000           0.000           0.000           20              20              0               0               0               
                i_sync                                                          56.448          56.448          0.000           0.000           0.000           2               2               0               0               0               56.448          56.448          0.000           0.000           0.000           2               2               0               0               0               
          i_dst                                                                 2167.603        2167.603        0.000           0.000           0.000           135             135             0               0               0               2082.931        2082.931        0.000           0.000           0.000           132             132             0               0               0               
            i_sync                                                              84.672          84.672          0.000           0.000           0.000           3               3               0               0               0               84.672          84.672          0.000           0.000           0.000           3               3               0               0               0               
          i_src                                                                 2123.856        2123.856        0.000           0.000           0.000           132             132             0               0               0               2039.184        2039.184        0.000           0.000           0.000           129             129             0               0               0               
            i_sync                                                              84.672          84.672          0.000           0.000           0.000           3               3               0               0               0               84.672          84.672          0.000           0.000           0.000           3               3               0               0               0               
        i_dmi_cdc.i_cdc_resp                                                    6100.618        6100.618        0.000           0.000           0.000           430             430             0               0               0               145.354         145.354         0.000           0.000           0.000           9               9               0               0               0               
          i_cdc_reset_ctrlr                                                     2334.125        2334.125        0.000           0.000           0.000           196             196             0               0               0               0.000           0.000           0.000           0.000           0.000           0               0               0               0               0               
            i_cdc_reset_ctrlr_half_a                                            1162.829        1162.829        0.000           0.000           0.000           99              99              0               0               0               632.218         632.218         0.000           0.000           0.000           64              64              0               0               0               
              i_state_transition_cdc_dst                                        198.979         198.979         0.000           0.000           0.000           13              13              0               0               0               142.531         142.531         0.000           0.000           0.000           11              11              0               0               0               
                i_sync                                                          56.448          56.448          0.000           0.000           0.000           2               2               0               0               0               56.448          56.448          0.000           0.000           0.000           2               2               0               0               0               
              i_state_transition_cdc_src                                        331.632         331.632         0.000           0.000           0.000           22              22              0               0               0               275.184         275.184         0.000           0.000           0.000           20              20              0               0               0               
                i_sync                                                          56.448          56.448          0.000           0.000           0.000           2               2               0               0               0               56.448          56.448          0.000           0.000           0.000           2               2               0               0               0               
            i_cdc_reset_ctrlr_half_b                                            1171.296        1171.296        0.000           0.000           0.000           97              97              0               0               0               640.685         640.685         0.000           0.000           0.000           62              62              0               0               0               
              i_state_transition_cdc_dst                                        198.979         198.979         0.000           0.000           0.000           13              13              0               0               0               142.531         142.531         0.000           0.000           0.000           11              11              0               0               0               
                i_sync                                                          56.448          56.448          0.000           0.000           0.000           2               2               0               0               0               56.448          56.448          0.000           0.000           0.000           2               2               0               0               0               
              i_state_transition_cdc_src                                        331.632         331.632         0.000           0.000           0.000           22              22              0               0               0               275.184         275.184         0.000           0.000           0.000           20              20              0               0               0               
                i_sync                                                          56.448          56.448          0.000           0.000           0.000           2               2               0               0               0               56.448          56.448          0.000           0.000           0.000           2               2               0               0               0               
          i_dst                                                                 1833.149        1833.149        0.000           0.000           0.000           114             114             0               0               0               1748.477        1748.477        0.000           0.000           0.000           111             111             0               0               0               
            i_sync                                                              84.672          84.672          0.000           0.000           0.000           3               3               0               0               0               84.672          84.672          0.000           0.000           0.000           3               3               0               0               0               
          i_src                                                                 1787.990        1787.990        0.000           0.000           0.000           111             111             0               0               0               1703.318        1703.318        0.000           0.000           0.000           108             108             0               0               0               
            i_sync                                                              84.672          84.672          0.000           0.000           0.000           3               3               0               0               0               84.672          84.672          0.000           0.000           0.000           3               3               0               0               0               
        i_dmi_jtag_tap.i_dft_tck_mux                                            12.701          12.701          0.000           0.000           0.000           1               1               0               0               0               12.701          12.701          0.000           0.000           0.000           1               1               0               0               0               
        i_dmi_jtag_tap.i_tck_inv                                                4.234           4.234           0.000           0.000           0.000           1               1               0               0               0               4.234           4.234           0.000           0.000           0.000           1               1               0               0               0               
      i_gpio                                                                    17026.128       17026.128       0.000           0.000           0.000           1224            1224            0               0               0               15219.792       15219.792       0.000           0.000           0.000           1160            1160            0               0               0               
        gen_gpios\[0\].i_sync                                                   56.448          56.448          0.000           0.000           0.000           2               2               0               0               0               56.448          56.448          0.000           0.000           0.000           2               2               0               0               0               
        gen_gpios\[10\].i_sync                                                  56.448          56.448          0.000           0.000           0.000           2               2               0               0               0               56.448          56.448          0.000           0.000           0.000           2               2               0               0               0               
        gen_gpios\[11\].i_sync                                                  56.448          56.448          0.000           0.000           0.000           2               2               0               0               0               56.448          56.448          0.000           0.000           0.000           2               2               0               0               0               
        gen_gpios\[12\].i_sync                                                  56.448          56.448          0.000           0.000           0.000           2               2               0               0               0               56.448          56.448          0.000           0.000           0.000           2               2               0               0               0               
        gen_gpios\[13\].i_sync                                                  56.448          56.448          0.000           0.000           0.000           2               2               0               0               0               56.448          56.448          0.000           0.000           0.000           2               2               0               0               0               
        gen_gpios\[14\].i_sync                                                  56.448          56.448          0.000           0.000           0.000           2               2               0               0               0               56.448          56.448          0.000           0.000           0.000           2               2               0               0               0               
        gen_gpios\[15\].i_sync                                                  56.448          56.448          0.000           0.000           0.000           2               2               0               0               0               56.448          56.448          0.000           0.000           0.000           2               2               0               0               0               
        gen_gpios\[16\].i_sync                                                  56.448          56.448          0.000           0.000           0.000           2               2               0               0               0               56.448          56.448          0.000           0.000           0.000           2               2               0               0               0               
        gen_gpios\[17\].i_sync                                                  56.448          56.448          0.000           0.000           0.000           2               2               0               0               0               56.448          56.448          0.000           0.000           0.000           2               2               0               0               0               
        gen_gpios\[18\].i_sync                                                  56.448          56.448          0.000           0.000           0.000           2               2               0               0               0               56.448          56.448          0.000           0.000           0.000           2               2               0               0               0               
        gen_gpios\[19\].i_sync                                                  56.448          56.448          0.000           0.000           0.000           2               2               0               0               0               56.448          56.448          0.000           0.000           0.000           2               2               0               0               0               
        gen_gpios\[1\].i_sync                                                   56.448          56.448          0.000           0.000           0.000           2               2               0               0               0               56.448          56.448          0.000           0.000           0.000           2               2               0               0               0               
        gen_gpios\[20\].i_sync                                                  56.448          56.448          0.000           0.000           0.000           2               2               0               0               0               56.448          56.448          0.000           0.000           0.000           2               2               0               0               0               
        gen_gpios\[21\].i_sync                                                  56.448          56.448          0.000           0.000           0.000           2               2               0               0               0               56.448          56.448          0.000           0.000           0.000           2               2               0               0               0               
        gen_gpios\[22\].i_sync                                                  56.448          56.448          0.000           0.000           0.000           2               2               0               0               0               56.448          56.448          0.000           0.000           0.000           2               2               0               0               0               
        gen_gpios\[23\].i_sync                                                  56.448          56.448          0.000           0.000           0.000           2               2               0               0               0               56.448          56.448          0.000           0.000           0.000           2               2               0               0               0               
        gen_gpios\[24\].i_sync                                                  56.448          56.448          0.000           0.000           0.000           2               2               0               0               0               56.448          56.448          0.000           0.000           0.000           2               2               0               0               0               
        gen_gpios\[25\].i_sync                                                  56.448          56.448          0.000           0.000           0.000           2               2               0               0               0               56.448          56.448          0.000           0.000           0.000           2               2               0               0               0               
        gen_gpios\[26\].i_sync                                                  56.448          56.448          0.000           0.000           0.000           2               2               0               0               0               56.448          56.448          0.000           0.000           0.000           2               2               0               0               0               
        gen_gpios\[27\].i_sync                                                  56.448          56.448          0.000           0.000           0.000           2               2               0               0               0               56.448          56.448          0.000           0.000           0.000           2               2               0               0               0               
        gen_gpios\[28\].i_sync                                                  56.448          56.448          0.000           0.000           0.000           2               2               0               0               0               56.448          56.448          0.000           0.000           0.000           2               2               0               0               0               
        gen_gpios\[29\].i_sync                                                  56.448          56.448          0.000           0.000           0.000           2               2               0               0               0               56.448          56.448          0.000           0.000           0.000           2               2               0               0               0               
        gen_gpios\[2\].i_sync                                                   56.448          56.448          0.000           0.000           0.000           2               2               0               0               0               56.448          56.448          0.000           0.000           0.000           2               2               0               0               0               
        gen_gpios\[30\].i_sync                                                  56.448          56.448          0.000           0.000           0.000           2               2               0               0               0               56.448          56.448          0.000           0.000           0.000           2               2               0               0               0               
        gen_gpios\[31\].i_sync                                                  56.448          56.448          0.000           0.000           0.000           2               2               0               0               0               56.448          56.448          0.000           0.000           0.000           2               2               0               0               0               
        gen_gpios\[3\].i_sync                                                   56.448          56.448          0.000           0.000           0.000           2               2               0               0               0               56.448          56.448          0.000           0.000           0.000           2               2               0               0               0               
        gen_gpios\[4\].i_sync                                                   56.448          56.448          0.000           0.000           0.000           2               2               0               0               0               56.448          56.448          0.000           0.000           0.000           2               2               0               0               0               
        gen_gpios\[5\].i_sync                                                   56.448          56.448          0.000           0.000           0.000           2               2               0               0               0               56.448          56.448          0.000           0.000           0.000           2               2               0               0               0               
        gen_gpios\[6\].i_sync                                                   56.448          56.448          0.000           0.000           0.000           2               2               0               0               0               56.448          56.448          0.000           0.000           0.000           2               2               0               0               0               
        gen_gpios\[7\].i_sync                                                   56.448          56.448          0.000           0.000           0.000           2               2               0               0               0               56.448          56.448          0.000           0.000           0.000           2               2               0               0               0               
        gen_gpios\[8\].i_sync                                                   56.448          56.448          0.000           0.000           0.000           2               2               0               0               0               56.448          56.448          0.000           0.000           0.000           2               2               0               0               0               
        gen_gpios\[9\].i_sync                                                   56.448          56.448          0.000           0.000           0.000           2               2               0               0               0               56.448          56.448          0.000           0.000           0.000           2               2               0               0               0               
      i_obi_timer                                                               6691.910        6691.910        0.000           0.000           0.000           505             505             0               0               0               6691.910        6691.910        0.000           0.000           0.000           505             505             0               0               0               
      i_soc_ctrl                                                                4067.078        4067.078        0.000           0.000           0.000           280             280             0               0               0               4067.078        4067.078        0.000           0.000           0.000           280             280             0               0               0               
      i_uart                                                                    28064.534       28064.534       0.000           0.000           0.000           1772            1772            0               0               0               27765.360       27765.360       0.000           0.000           0.000           1758            1758            0               0               0               
        i_uart_modem.i_sync_cd                                                  60.682          60.682          0.000           0.000           0.000           3               3               0               0               0               60.682          60.682          0.000           0.000           0.000           3               3               0               0               0               
        i_uart_modem.i_sync_cts                                                 60.682          60.682          0.000           0.000           0.000           3               3               0               0               0               60.682          60.682          0.000           0.000           0.000           3               3               0               0               0               
        i_uart_modem.i_sync_dsr                                                 60.682          60.682          0.000           0.000           0.000           3               3               0               0               0               60.682          60.682          0.000           0.000           0.000           3               3               0               0               0               
        i_uart_modem.i_sync_ri                                                  60.682          60.682          0.000           0.000           0.000           3               3               0               0               0               60.682          60.682          0.000           0.000           0.000           3               3               0               0               0               
        i_uart_rx.i_sync                                                        56.448          56.448          0.000           0.000           0.000           2               2               0               0               0               56.448          56.448          0.000           0.000           0.000           2               2               0               0               0               
    i_rstgen.i_rstgen_bypass.i_tc_clk_mux2_init_no                              16.934          16.934          0.000           0.000           0.000           2               2               0               0               0               16.934          16.934          0.000           0.000           0.000           2               2               0               0               0               
    i_rstgen.i_rstgen_bypass.i_tc_clk_mux2_rst_n                                12.701          12.701          0.000           0.000           0.000           1               1               0               0               0               12.701          12.701          0.000           0.000           0.000           1               1               0               0               0               
    i_rstgen.i_rstgen_bypass.i_tc_clk_mux2_rst_no                               12.701          12.701          0.000           0.000           0.000           1               1               0               0               0               12.701          12.701          0.000           0.000           0.000           1               1               0               0               0               
    i_user                                                                      307531.757      7326.950        300204.806      0.000           0.000           845             843             2               0               0               5912.928        5912.928        0.000           0.000           0.000           509             509             0               0               0               
      gen_sram_bank\[0\].i_sram                                                 150809.414      707.011         150102.403      0.000           0.000           168             167             1               0               0               150809.414      707.011         150102.403      0.000           0.000           168             167             1               0               0               
      gen_sram_bank\[1\].i_sram                                                 150809.414      707.011         150102.403      0.000           0.000           168             167             1               0               0               150809.414      707.011         150102.403      0.000           0.000           168             167             1               0               0               
