
==========================================================================
02_croc.placed check_setup
--------------------------------------------------------------------------
1

==========================================================================
02_croc.placed report_tns
--------------------------------------------------------------------------
tns max 0.00

==========================================================================
02_croc.placed report_wns
--------------------------------------------------------------------------
wns max 0.00

==========================================================================
02_croc.placed report_worst_slack
--------------------------------------------------------------------------
worst slack max 0.13

==========================================================================
02_croc.placed report_checks -path_delay min
--------------------------------------------------------------------------
[WARNING STA-0168] unknown field nets.
Startpoint: i_croc_soc/i_rstgen.i_rstgen_bypass.synch_regs_q_3__reg
            (rising edge-triggered flip-flop clocked by clk_sys)
Endpoint: i_croc_soc/i_croc/i_obi_timer/obi_rsp_o[17]_reg
          (removal check against rising-edge clock clk_sys)
Path Group: asynchronous
Path Type: min
Corner: ff

Fanout     Cap    Slew   Delay    Time   Description
-----------------------------------------------------------------------------
                  0.20    0.00    0.00   clock clk_sys (rise edge)
                          0.00    0.00   clock network delay (ideal)
                  0.20    0.00    0.00 ^ i_croc_soc/i_rstgen.i_rstgen_bypass.synch_regs_q_3__reg/CK (DFFRQX3)
     2    0.00    0.03    0.24    0.24 ^ i_croc_soc/i_rstgen.i_rstgen_bypass.synch_regs_q_3__reg/Q (DFFRQX3)
                  0.03    0.00    0.24 ^ i_croc_soc/i_rstgen.i_rstgen_bypass.i_tc_clk_mux2_rst_no/i_mux/A0 (MUX2X2)
    10    0.12    0.37    0.32    0.56 ^ i_croc_soc/i_rstgen.i_rstgen_bypass.i_tc_clk_mux2_rst_no/i_mux/Y (MUX2X2)
                  0.37    0.03    0.59 ^ place7966/A (BUFX3)
     8    0.03    0.08    0.19    0.77 ^ place7966/Y (BUFX3)
                  0.08    0.00    0.77 ^ i_croc_soc/i_croc/i_obi_timer/obi_rsp_o[17]_reg/RB (DFFRQX3)
                                  0.77   data arrival time

                  0.20    0.00    0.00   clock clk_sys (rise edge)
                          0.00    0.00   clock network delay (ideal)
                          0.10    0.10   clock uncertainty
                          0.00    0.10   clock reconvergence pessimism
                                  0.10 ^ i_croc_soc/i_croc/i_obi_timer/obi_rsp_o[17]_reg/CK (DFFRQX3)
                         -0.05    0.05   library removal time
                                  0.05   data required time
-----------------------------------------------------------------------------
                                  0.05   data required time
                                 -0.77   data arrival time
-----------------------------------------------------------------------------
                                  0.72   slack (MET)


Startpoint: i_croc_soc/i_croc/i_dmi_jtag/i_dmi_cdc.i_cdc_req/i_src/i_sync/reg_q_1__reg
            (rising edge-triggered flip-flop clocked by clk_jtg)
Endpoint: i_croc_soc/i_croc/i_dmi_jtag/i_dmi_cdc.i_cdc_req/i_src/i_sync/serial_o_reg
          (rising edge-triggered flip-flop clocked by clk_jtg)
Path Group: clk_jtg
Path Type: min
Corner: ff

Fanout     Cap    Slew   Delay    Time   Description
-----------------------------------------------------------------------------
                  0.20    0.00    0.00   clock clk_jtg (rise edge)
                          0.00    0.00   clock network delay (ideal)
                  0.20    0.00    0.00 ^ i_croc_soc/i_croc/i_dmi_jtag/i_dmi_cdc.i_cdc_req/i_src/i_sync/reg_q_1__reg/CK (DFFRQX3)
     1    0.00    0.02    0.22    0.22 v i_croc_soc/i_croc/i_dmi_jtag/i_dmi_cdc.i_cdc_req/i_src/i_sync/reg_q_1__reg/Q (DFFRQX3)
                  0.02    0.00    0.22 v i_croc_soc/i_croc/i_dmi_jtag/i_dmi_cdc.i_cdc_req/i_src/i_sync/serial_o_reg/D (DFFRQX3)
                                  0.22   data arrival time

                  0.20    0.00    0.00   clock clk_jtg (rise edge)
                          0.00    0.00   clock network delay (ideal)
                          0.10    0.10   clock uncertainty
                          0.00    0.10   clock reconvergence pessimism
                                  0.10 ^ i_croc_soc/i_croc/i_dmi_jtag/i_dmi_cdc.i_cdc_req/i_src/i_sync/serial_o_reg/CK (DFFRQX3)
                          0.05    0.15   library hold time
                                  0.15   data required time
-----------------------------------------------------------------------------
                                  0.15   data required time
                                 -0.22   data arrival time
-----------------------------------------------------------------------------
                                  0.07   slack (MET)


Startpoint: i_croc_soc/i_croc/i_dmi_jtag/i_dmi_cdc.i_cdc_req/i_dst/i_sync/reg_q_1__reg
            (rising edge-triggered flip-flop clocked by clk_sys)
Endpoint: i_croc_soc/i_croc/i_dmi_jtag/i_dmi_cdc.i_cdc_req/i_dst/i_sync/serial_o_reg
          (rising edge-triggered flip-flop clocked by clk_sys)
Path Group: clk_sys
Path Type: min
Corner: ff

Fanout     Cap    Slew   Delay    Time   Description
-----------------------------------------------------------------------------
                  0.20    0.00    0.00   clock clk_sys (rise edge)
                          0.00    0.00   clock network delay (ideal)
                  0.20    0.00    0.00 ^ i_croc_soc/i_croc/i_dmi_jtag/i_dmi_cdc.i_cdc_req/i_dst/i_sync/reg_q_1__reg/CK (DFFRQX3)
     1    0.00    0.02    0.22    0.22 v i_croc_soc/i_croc/i_dmi_jtag/i_dmi_cdc.i_cdc_req/i_dst/i_sync/reg_q_1__reg/Q (DFFRQX3)
                  0.02    0.00    0.22 v i_croc_soc/i_croc/i_dmi_jtag/i_dmi_cdc.i_cdc_req/i_dst/i_sync/serial_o_reg/D (DFFRQX3)
                                  0.22   data arrival time

                  0.20    0.00    0.00   clock clk_sys (rise edge)
                          0.00    0.00   clock network delay (ideal)
                          0.10    0.10   clock uncertainty
                          0.00    0.10   clock reconvergence pessimism
                                  0.10 ^ i_croc_soc/i_croc/i_dmi_jtag/i_dmi_cdc.i_cdc_req/i_dst/i_sync/serial_o_reg/CK (DFFRQX3)
                          0.05    0.15   library hold time
                                  0.15   data required time
-----------------------------------------------------------------------------
                                  0.15   data required time
                                 -0.22   data arrival time
-----------------------------------------------------------------------------
                                  0.07   slack (MET)



==========================================================================
02_croc.placed report_checks -path_delay max
--------------------------------------------------------------------------
[WARNING STA-0168] unknown field nets.
Startpoint: i_croc_soc/i_rstgen.i_rstgen_bypass.synch_regs_q_3__reg
            (rising edge-triggered flip-flop clocked by clk_sys)
Endpoint: i_croc_soc/i_croc/i_core_wrap/i_core.register_file_i/rf_reg_865__reg
          (recovery check against rising-edge clock clk_sys)
Path Group: asynchronous
Path Type: max
Corner: tt

Fanout     Cap    Slew   Delay    Time   Description
-----------------------------------------------------------------------------
                  0.20    0.00    0.00   clock clk_sys (rise edge)
                          0.00    0.00   clock network delay (ideal)
                  0.20    0.00    0.00 ^ i_croc_soc/i_rstgen.i_rstgen_bypass.synch_regs_q_3__reg/CK (DFFRQX3)
     2    0.00    0.05    0.34    0.34 ^ i_croc_soc/i_rstgen.i_rstgen_bypass.synch_regs_q_3__reg/Q (DFFRQX3)
                  0.05    0.00    0.34 ^ i_croc_soc/i_rstgen.i_rstgen_bypass.i_tc_clk_mux2_rst_no/i_mux/A0 (MUX2X2)
    10    0.13    0.60    0.52    0.86 ^ i_croc_soc/i_rstgen.i_rstgen_bypass.i_tc_clk_mux2_rst_no/i_mux/Y (MUX2X2)
                  0.60    0.03    0.89 ^ place7983/A (BUFX8)
    13    0.11    0.15    0.35    1.25 ^ place7983/Y (BUFX8)
                  0.15    0.01    1.26 ^ place8029/A (BUFX3)
    15    0.08    0.27    0.29    1.55 ^ place8029/Y (BUFX3)
                  0.27    0.01    1.56 ^ place8050/A (BUFX3)
    14    0.05    0.19    0.28    1.84 ^ place8050/Y (BUFX3)
                  0.19    0.00    1.84 ^ place8052/A (BUFX3)
    16    0.07    0.24    0.29    2.13 ^ place8052/Y (BUFX3)
                  0.24    0.00    2.13 ^ place8053/A (BUFX3)
    15    0.06    0.21    0.29    2.42 ^ place8053/Y (BUFX3)
                  0.21    0.00    2.42 ^ place8054/A (BUFX3)
    11    0.04    0.16    0.24    2.66 ^ place8054/Y (BUFX3)
                  0.16    0.00    2.66 ^ place8055/A (BUFX3)
    14    0.06    0.20    0.25    2.91 ^ place8055/Y (BUFX3)
                  0.20    0.00    2.91 ^ i_croc_soc/i_croc/i_core_wrap/i_core.register_file_i/rf_reg_865__reg/RB (DFFRQX3)
                                  2.91   data arrival time

                  0.20   10.00   10.00   clock clk_sys (rise edge)
                          0.00   10.00   clock network delay (ideal)
                         -0.10    9.90   clock uncertainty
                          0.00    9.90   clock reconvergence pessimism
                                  9.90 ^ i_croc_soc/i_croc/i_core_wrap/i_core.register_file_i/rf_reg_865__reg/CK (DFFRQX3)
                         -0.14    9.76   library recovery time
                                  9.76   data required time
-----------------------------------------------------------------------------
                                  9.76   data required time
                                 -2.91   data arrival time
-----------------------------------------------------------------------------
                                  6.85   slack (MET)


Startpoint: i_croc_soc/i_croc/i_dmi_jtag/i_dmi_cdc.i_cdc_req/i_dst/async_ack_o_reg
            (rising edge-triggered flip-flop clocked by clk_sys)
Endpoint: i_croc_soc/i_croc/i_dm_top.i_dm_top/i_dm_csrs.progbuf_o_155__reg
          (rising edge-triggered flip-flop clocked by clk_sys)
Path Group: path delay
Path Type: max
Corner: tt

Fanout     Cap    Slew   Delay    Time   Description
-----------------------------------------------------------------------------
                  0.20    0.00    0.00 ^ i_croc_soc/i_croc/i_dmi_jtag/i_dmi_cdc.i_cdc_req/i_dst/async_ack_o_reg/CK (DFFRQX3)
     6    0.02    0.10    0.40    0.40 ^ i_croc_soc/i_croc/i_dmi_jtag/i_dmi_cdc.i_cdc_req/i_dst/async_ack_o_reg/Q (DFFRQX3)
                  0.10    0.00    0.40 ^ i_croc_soc/i_croc/i_dmi_jtag/i_dmi_cdc.i_cdc_req/i_dst/_152_/A (XOR2X1)
     1    0.00    0.09    0.12    0.52 ^ i_croc_soc/i_croc/i_dmi_jtag/i_dmi_cdc.i_cdc_req/i_dst/_152_/Y (XOR2X1)
                  0.09    0.00    0.52 ^ i_croc_soc/i_croc/i_dmi_jtag/i_dmi_cdc.i_cdc_req/_1_/AB (NOR2BX1)
     1    0.00    0.09    0.11    0.63 ^ i_croc_soc/i_croc/i_dmi_jtag/i_dmi_cdc.i_cdc_req/_1_/Y (NOR2BX1)
                  0.09    0.00    0.63 ^ place7524/A (BUFX4)
     9    0.05    0.12    0.19    0.82 ^ place7524/Y (BUFX4)
                  0.12    0.00    0.82 ^ i_croc_soc/i_croc/i_dm_top.i_dm_top/_3545_/A (NAND2X3)
     2    0.01    0.07    0.09    0.91 v i_croc_soc/i_croc/i_dm_top.i_dm_top/_3545_/Y (NAND2X3)
                  0.07    0.00    0.91 v i_croc_soc/i_croc/i_dm_top.i_dm_top/_3546_/B (NOR2X4)
     2    0.01    0.15    0.09    1.00 ^ i_croc_soc/i_croc/i_dm_top.i_dm_top/_3546_/Y (NOR2X4)
                  0.15    0.00    1.00 ^ i_croc_soc/i_croc/i_dm_top.i_dm_top/_3560_/A (NAND2X4)
     6    0.03    0.14    0.14    1.14 v i_croc_soc/i_croc/i_dm_top.i_dm_top/_3560_/Y (NAND2X4)
                  0.14    0.00    1.14 v i_croc_soc/i_croc/i_dm_top.i_dm_top/_4820_/A (OAI21X2)
     8    0.03    0.35    0.32    1.46 ^ i_croc_soc/i_croc/i_dm_top.i_dm_top/_4820_/Y (OAI21X2)
                  0.35    0.00    1.46 ^ i_croc_soc/i_croc/i_dm_top.i_dm_top/_4911_/D (AOAI211X2)
    13    0.06    0.58    0.58    2.04 v i_croc_soc/i_croc/i_dm_top.i_dm_top/_4911_/Y (AOAI211X2)
                  0.58    0.00    2.04 v place7201/A (BUFX3)
    12    0.03    0.10    0.30    2.34 v place7201/Y (BUFX3)
                  0.10    0.00    2.34 v i_croc_soc/i_croc/i_dm_top.i_dm_top/_5012_/A (OAI21X1)
     1    0.00    0.09    0.11    2.45 ^ i_croc_soc/i_croc/i_dm_top.i_dm_top/_5012_/Y (OAI21X1)
                  0.09    0.00    2.45 ^ i_croc_soc/i_croc/i_dm_top.i_dm_top/i_dm_csrs.progbuf_o_155__reg/D (DFFRQX3)
                                  2.45   data arrival time

                          3.00    3.00   max_delay
                         -0.09    2.91   library setup time
                                  2.91   data required time
-----------------------------------------------------------------------------
                                  2.91   data required time
                                 -2.45   data arrival time
-----------------------------------------------------------------------------
                                  0.45   slack (MET)


Startpoint: i_croc_soc/i_croc/i_dmi_jtag/td_o_reg
            (rising edge-triggered flip-flop clocked by clk_jtg')
Endpoint: jtag_tdo_o (output port clocked by clk_jtg)
Path Group: clk_jtg
Path Type: max
Corner: tt

Fanout     Cap    Slew   Delay    Time   Description
-----------------------------------------------------------------------------
                  0.20   12.50   12.50   clock clk_jtg' (rise edge)
                          0.00   12.50   clock network delay (ideal)
                  0.20    0.00   12.50 ^ i_croc_soc/i_croc/i_dmi_jtag/td_o_reg/CK (DFFRQX3)
     1    0.08    0.30    0.54   13.04 ^ i_croc_soc/i_croc/i_dmi_jtag/td_o_reg/Q (DFFRQX3)
                  0.40    0.02   13.06 ^ pad_jtag_tdo_o/c2p (sg13cmos5l_IOPadOut16mA)
     2   15.00    3.55    3.29   16.35 ^ pad_jtag_tdo_o/pad (sg13cmos5l_IOPadOut16mA)
                  2.66    0.00   16.35 ^ jtag_tdo_o (out)
                                 16.35   data arrival time

                  0.20   25.00   25.00   clock clk_jtg (rise edge)
                          0.00   25.00   clock network delay (ideal)
                         -0.10   24.90   clock uncertainty
                          0.00   24.90   clock reconvergence pessimism
                         -5.00   19.90   output external delay
                                 19.90   data required time
-----------------------------------------------------------------------------
                                 19.90   data required time
                                -16.35   data arrival time
-----------------------------------------------------------------------------
                                  3.55   slack (MET)


Startpoint: i_croc_soc/i_croc/i_core_wrap/i_core.id_stage_i.controller_i.instr_i_20__reg
            (rising edge-triggered flip-flop clocked by clk_sys)
Endpoint: i_croc_soc/i_croc/i_core_wrap/i_core.crash_dump_o_47__reg
          (rising edge-triggered flip-flop clocked by clk_sys)
Path Group: clk_sys
Path Type: max
Corner: tt

Fanout     Cap    Slew   Delay    Time   Description
-----------------------------------------------------------------------------
                  0.20    0.00    0.00   clock clk_sys (rise edge)
                          0.00    0.00   clock network delay (ideal)
                  0.20    0.00    0.00 ^ i_croc_soc/i_croc/i_core_wrap/i_core.id_stage_i.controller_i.instr_i_20__reg/CK (DFFRQX3)
    14    0.08    0.30    0.55    0.55 ^ i_croc_soc/i_croc/i_core_wrap/i_core.id_stage_i.controller_i.instr_i_20__reg/Q (DFFRQX3)
                  0.30    0.00    0.55 ^ place8412/A (BUFX12)
    16    0.08    0.09    0.23    0.78 ^ place8412/Y (BUFX12)
                  0.09    0.01    0.78 ^ i_croc_soc/i_croc/i_core_wrap/i_core.register_file_i/_4415_/S0 (MUXT4X3)
     1    0.00    0.06    0.28    1.07 v i_croc_soc/i_croc/i_core_wrap/i_core.register_file_i/_4415_/Y (MUXT4X3)
                  0.06    0.00    1.07 v i_croc_soc/i_croc/i_core_wrap/i_core.register_file_i/_4417_/B (AO22X1)
     1    0.00    0.06    0.18    1.24 v i_croc_soc/i_croc/i_core_wrap/i_core.register_file_i/_4417_/Y (AO22X1)
                  0.06    0.00    1.24 v i_croc_soc/i_croc/i_core_wrap/i_core.register_file_i/_4418_/D (OAOI211X2)
     1    0.01    0.15    0.17    1.41 ^ i_croc_soc/i_croc/i_core_wrap/i_core.register_file_i/_4418_/Y (OAOI211X2)
                  0.15    0.00    1.41 ^ i_croc_soc/i_croc/i_core_wrap/i_core.register_file_i/_4426_/D (OAI211X2)
     1    0.02    0.28    0.28    1.69 v i_croc_soc/i_croc/i_core_wrap/i_core.register_file_i/_4426_/Y (OAI211X2)
                  0.28    0.00    1.69 v place7551/A (BUFX3)
     3    0.01    0.06    0.20    1.89 v place7551/Y (BUFX3)
                  0.06    0.00    1.89 v i_croc_soc/i_croc/i_core_wrap/_4684_/A (AND2X1)
     1    0.00    0.05    0.10    1.99 v i_croc_soc/i_croc/i_core_wrap/_4684_/Y (AND2X1)
                  0.05    0.00    1.99 v i_croc_soc/i_croc/i_core_wrap/_4685_/E (AOI221X3)
     3    0.01    0.16    0.18    2.16 ^ i_croc_soc/i_croc/i_core_wrap/_4685_/Y (AOI221X3)
                  0.16    0.00    2.16 ^ place7466/A (BUFX3)
     4    0.01    0.04    0.14    2.30 ^ place7466/Y (BUFX3)
                  0.04    0.00    2.30 ^ i_croc_soc/i_croc/i_core_wrap/_4694_/AB (NAND3BX1)
     2    0.00    0.09    0.09    2.40 ^ i_croc_soc/i_croc/i_core_wrap/_4694_/Y (NAND3BX1)
                  0.09    0.00    2.40 ^ i_croc_soc/i_croc/i_core_wrap/_4695_/C (MIN3X1)
     3    0.01    0.14    0.15    2.55 v i_croc_soc/i_croc/i_core_wrap/_4695_/Y (MIN3X1)
                  0.14    0.00    2.55 v i_croc_soc/i_croc/i_core_wrap/_4728_/A (OAI211X1)
     1    0.00    0.14    0.17    2.72 ^ i_croc_soc/i_croc/i_core_wrap/_4728_/Y (OAI211X1)
                  0.14    0.00    2.72 ^ i_croc_soc/i_croc/i_core_wrap/_4737_/B (AOAI211X2)
     2    0.01    0.12    0.16    2.88 v i_croc_soc/i_croc/i_core_wrap/_4737_/Y (AOAI211X2)
                  0.12    0.00    2.88 v i_croc_soc/i_croc/i_core_wrap/_4757_/B (AOI211X2)
     2    0.01    0.25    0.25    3.13 ^ i_croc_soc/i_croc/i_core_wrap/_4757_/Y (AOI211X2)
                  0.25    0.00    3.13 ^ i_croc_soc/i_croc/i_core_wrap/_4830_/B (OAI31X2)
     2    0.01    0.10    0.16    3.30 v i_croc_soc/i_croc/i_core_wrap/_4830_/Y (OAI31X2)
                  0.10    0.00    3.30 v i_croc_soc/i_croc/i_core_wrap/_4874_/A (AO31X2)
     2    0.01    0.06    0.19    3.49 v i_croc_soc/i_croc/i_core_wrap/_4874_/Y (AO31X2)
                  0.06    0.00    3.49 v place7060/A (BUFX3)
     6    0.02    0.06    0.13    3.62 v place7060/Y (BUFX3)
                  0.06    0.00    3.62 v place7061/A (BUFX3)
     4    0.02    0.06    0.13    3.75 v place7061/Y (BUFX3)
                  0.06    0.00    3.75 v i_croc_soc/i_croc/i_core_wrap/_5152_/S0 (MUXI2X2)
     2    0.01    0.10    0.15    3.90 v i_croc_soc/i_croc/i_core_wrap/_5152_/Y (MUXI2X2)
                  0.10    0.00    3.90 v i_croc_soc/i_croc/i_core_wrap/_5976_/A (AOI221X3)
     1    0.02    0.28    0.28    4.18 ^ i_croc_soc/i_croc/i_core_wrap/_5976_/Y (AOI221X3)
                  0.28    0.00    4.18 ^ i_croc_soc/i_croc/i_core_wrap/_5978_/B (AOI21X1)
     3    0.01    0.20    0.26    4.44 v i_croc_soc/i_croc/i_core_wrap/_5978_/Y (AOI21X1)
                  0.20    0.00    4.44 v i_croc_soc/i_croc/i_core_wrap/_7003_/A1 (MUXI2X1)
     2    0.01    0.23    0.24    4.69 ^ i_croc_soc/i_croc/i_core_wrap/_7003_/Y (MUXI2X1)
                  0.23    0.00    4.69 ^ i_croc_soc/i_croc/i_core_wrap/_7308_/A0 (MUXI2X2)
     2    0.01    0.11    0.15    4.84 v i_croc_soc/i_croc/i_core_wrap/_7308_/Y (MUXI2X2)
                  0.11    0.00    4.84 v i_croc_soc/i_croc/_3184_/B (NOR3X2)
     2    0.00    0.11    0.14    4.98 ^ i_croc_soc/i_croc/_3184_/Y (NOR3X2)
                  0.11    0.00    4.98 ^ i_croc_soc/i_croc/_3186_/A (AND4X2)
     4    0.02    0.11    0.28    5.26 ^ i_croc_soc/i_croc/_3186_/Y (AND4X2)
                  0.11    0.00    5.26 ^ place6796/A (BUFX3)
     2    0.01    0.04    0.12    5.37 ^ place6796/Y (BUFX3)
                  0.04    0.00    5.37 ^ i_croc_soc/i_croc/_3202_/C (NAND3X2)
     2    0.01    0.11    0.09    5.46 v i_croc_soc/i_croc/_3202_/Y (NAND3X2)
                  0.11    0.00    5.46 v i_croc_soc/i_croc/_3203_/A (XOR2X1)
     1    0.01    0.13    0.15    5.61 v i_croc_soc/i_croc/_3203_/Y (XOR2X1)
                  0.13    0.00    5.61 v i_croc_soc/i_croc/_3227_/A (AOI221X3)
     2    0.01    0.21    0.23    5.84 ^ i_croc_soc/i_croc/_3227_/Y (AOI221X3)
                  0.21    0.00    5.84 ^ i_croc_soc/i_croc/_4617_/B (NOR2X2)
     2    0.00    0.06    0.09    5.93 v i_croc_soc/i_croc/_4617_/Y (NOR2X2)
                  0.06    0.00    5.93 v i_croc_soc/i_croc/_4802_/C (AND3X2)
     3    0.01    0.04    0.12    6.05 v i_croc_soc/i_croc/_4802_/Y (AND3X2)
                  0.04    0.00    6.05 v i_croc_soc/i_croc/_4803_/B (NAND2X1)
     1    0.00    0.09    0.06    6.10 ^ i_croc_soc/i_croc/_4803_/Y (NAND2X1)
                  0.09    0.00    6.10 ^ i_croc_soc/i_croc/_4805_/B (OAI21X2)
     2    0.00    0.06    0.09    6.19 v i_croc_soc/i_croc/_4805_/Y (OAI21X2)
                  0.06    0.00    6.19 v place6670/A (BUFX3)
     4    0.01    0.04    0.11    6.30 v place6670/Y (BUFX3)
                  0.04    0.00    6.30 v i_croc_soc/i_croc/_5241_/A (AOI21X2)
     2    0.00    0.07    0.09    6.39 ^ i_croc_soc/i_croc/_5241_/Y (AOI21X2)
                  0.07    0.00    6.39 ^ place6653/A (BUFX3)
    16    0.04    0.13    0.17    6.56 ^ place6653/Y (BUFX3)
                  0.13    0.00    6.56 ^ place6655/A (BUFX1)
     2    0.01    0.06    0.12    6.68 ^ place6655/Y (BUFX1)
                  0.06    0.00    6.68 ^ place6656/A (BUFX3)
    11    0.02    0.09    0.14    6.82 ^ place6656/Y (BUFX3)
                  0.09    0.00    6.82 ^ i_croc_soc/i_croc/_6611_/A (OAI211X1)
     1    0.00    0.10    0.14    6.96 v i_croc_soc/i_croc/_6611_/Y (OAI211X1)
                  0.10    0.00    6.96 v i_croc_soc/i_croc/_6615_/A (AND2X1)
     2    0.01    0.07    0.13    7.09 v i_croc_soc/i_croc/_6615_/Y (AND2X1)
                  0.07    0.00    7.09 v i_croc_soc/i_user/_364_/B (NOR4BX2)
     1    0.00    0.16    0.20    7.28 ^ i_croc_soc/i_user/_364_/Y (NOR4BX2)
                  0.16    0.00    7.28 ^ i_croc_soc/i_user/_367_/B (NAND4X2)
     2    0.01    0.17    0.20    7.48 v i_croc_soc/i_user/_367_/Y (NAND4X2)
                  0.17    0.00    7.48 v i_croc_soc/i_user/_481_/B (OAI21X1)
     1    0.00    0.12    0.15    7.63 ^ i_croc_soc/i_user/_481_/Y (OAI21X1)
                  0.12    0.00    7.63 ^ i_croc_soc/i_user/_483_/B (AOAI211X2)
     2    0.00    0.09    0.13    7.76 v i_croc_soc/i_user/_483_/Y (AOAI211X2)
                  0.09    0.00    7.76 v i_croc_soc/i_user/_493_/C (AOI211X1)
     1    0.00    0.13    0.15    7.92 ^ i_croc_soc/i_user/_493_/Y (AOI211X1)
                  0.13    0.00    7.92 ^ i_croc_soc/i_croc/_4822_/AB (NOR2BX2)
     2    0.00    0.07    0.14    8.06 ^ i_croc_soc/i_croc/_4822_/Y (NOR2BX2)
                  0.07    0.00    8.06 ^ i_croc_soc/i_croc/_5242_/B (AND4X2)
     1    0.00    0.07    0.22    8.28 ^ i_croc_soc/i_croc/_5242_/Y (AND4X2)
                  0.07    0.00    8.28 ^ i_croc_soc/i_croc/_5243_/C (AOI211X1)
     1    0.00    0.15    0.06    8.34 v i_croc_soc/i_croc/_5243_/Y (AOI211X1)
                  0.15    0.00    8.34 v i_croc_soc/i_croc/_5244_/C (AOI21X1)
     1    0.00    0.13    0.14    8.48 ^ i_croc_soc/i_croc/_5244_/Y (AOI21X1)
                  0.13    0.00    8.48 ^ i_croc_soc/i_croc/_5245_/D (AOAI211X2)
     2    0.01    0.15    0.17    8.65 v i_croc_soc/i_croc/_5245_/Y (AOAI211X2)
                  0.15    0.00    8.65 v i_croc_soc/i_croc/_5253_/A (NOR2X4)
     3    0.01    0.08    0.10    8.75 ^ i_croc_soc/i_croc/_5253_/Y (NOR2X4)
                  0.08    0.00    8.75 ^ i_croc_soc/i_croc/i_core_wrap/_5570_/AB (NOR3BX1)
     1    0.00    0.11    0.14    8.89 ^ i_croc_soc/i_croc/i_core_wrap/_5570_/Y (NOR3BX1)
                  0.11    0.00    8.89 ^ i_croc_soc/i_croc/i_core_wrap/_5573_/B (OA21X2)
     1    0.00    0.04    0.14    9.03 ^ i_croc_soc/i_croc/i_core_wrap/_5573_/Y (OA21X2)
                  0.04    0.00    9.03 ^ i_croc_soc/i_croc/i_core_wrap/_5574_/D (AO211X2)
     1    0.00    0.04    0.10    9.13 ^ i_croc_soc/i_croc/i_core_wrap/_5574_/Y (AO211X2)
                  0.04    0.00    9.13 ^ i_croc_soc/i_croc/i_core_wrap/_5575_/C (OAI21X2)
     1    0.02    0.13    0.12    9.25 v i_croc_soc/i_croc/i_core_wrap/_5575_/Y (OAI21X2)
                  0.13    0.00    9.25 v place6227/A (BUFX12)
     4    0.03    0.05    0.15    9.40 v place6227/Y (BUFX12)
                  0.05    0.00    9.40 v place6230/A (BUFX8)
     8    0.03    0.05    0.12    9.53 v place6230/Y (BUFX8)
                  0.05    0.00    9.53 v i_croc_soc/i_croc/i_core_wrap/_5595_/S0 (MUX2X1)
     1    0.00    0.05    0.15    9.68 ^ i_croc_soc/i_croc/i_core_wrap/_5595_/Y (MUX2X1)
                  0.05    0.00    9.68 ^ i_croc_soc/i_croc/i_core_wrap/i_core.crash_dump_o_47__reg/D (DFFRQX3)
                                  9.68   data arrival time

                  0.20   10.00   10.00   clock clk_sys (rise edge)
                          0.00   10.00   clock network delay (ideal)
                         -0.10    9.90   clock uncertainty
                          0.00    9.90   clock reconvergence pessimism
                                  9.90 ^ i_croc_soc/i_croc/i_core_wrap/i_core.crash_dump_o_47__reg/CK (DFFRQX3)
                         -0.08    9.82   library setup time
                                  9.82   data required time
-----------------------------------------------------------------------------
                                  9.82   data required time
                                 -9.68   data arrival time
-----------------------------------------------------------------------------
                                  0.13   slack (MET)



==========================================================================
02_croc.placed report_checks -unconstrained
--------------------------------------------------------------------------
[WARNING STA-0168] unknown field nets.
Startpoint: i_croc_soc/i_rstgen.i_rstgen_bypass.synch_regs_q_3__reg
            (rising edge-triggered flip-flop clocked by clk_sys)
Endpoint: i_croc_soc/i_croc/i_core_wrap/i_core.register_file_i/rf_reg_865__reg
          (recovery check against rising-edge clock clk_sys)
Path Group: asynchronous
Path Type: max
Corner: tt

Fanout     Cap    Slew   Delay    Time   Description
-----------------------------------------------------------------------------
                  0.20    0.00    0.00   clock clk_sys (rise edge)
                          0.00    0.00   clock network delay (ideal)
                  0.20    0.00    0.00 ^ i_croc_soc/i_rstgen.i_rstgen_bypass.synch_regs_q_3__reg/CK (DFFRQX3)
     2    0.00    0.05    0.34    0.34 ^ i_croc_soc/i_rstgen.i_rstgen_bypass.synch_regs_q_3__reg/Q (DFFRQX3)
                  0.05    0.00    0.34 ^ i_croc_soc/i_rstgen.i_rstgen_bypass.i_tc_clk_mux2_rst_no/i_mux/A0 (MUX2X2)
    10    0.13    0.60    0.52    0.86 ^ i_croc_soc/i_rstgen.i_rstgen_bypass.i_tc_clk_mux2_rst_no/i_mux/Y (MUX2X2)
                  0.60    0.03    0.89 ^ place7983/A (BUFX8)
    13    0.11    0.15    0.35    1.25 ^ place7983/Y (BUFX8)
                  0.15    0.01    1.26 ^ place8029/A (BUFX3)
    15    0.08    0.27    0.29    1.55 ^ place8029/Y (BUFX3)
                  0.27    0.01    1.56 ^ place8050/A (BUFX3)
    14    0.05    0.19    0.28    1.84 ^ place8050/Y (BUFX3)
                  0.19    0.00    1.84 ^ place8052/A (BUFX3)
    16    0.07    0.24    0.29    2.13 ^ place8052/Y (BUFX3)
                  0.24    0.00    2.13 ^ place8053/A (BUFX3)
    15    0.06    0.21    0.29    2.42 ^ place8053/Y (BUFX3)
                  0.21    0.00    2.42 ^ place8054/A (BUFX3)
    11    0.04    0.16    0.24    2.66 ^ place8054/Y (BUFX3)
                  0.16    0.00    2.66 ^ place8055/A (BUFX3)
    14    0.06    0.20    0.25    2.91 ^ place8055/Y (BUFX3)
                  0.20    0.00    2.91 ^ i_croc_soc/i_croc/i_core_wrap/i_core.register_file_i/rf_reg_865__reg/RB (DFFRQX3)
                                  2.91   data arrival time

                  0.20   10.00   10.00   clock clk_sys (rise edge)
                          0.00   10.00   clock network delay (ideal)
                         -0.10    9.90   clock uncertainty
                          0.00    9.90   clock reconvergence pessimism
                                  9.90 ^ i_croc_soc/i_croc/i_core_wrap/i_core.register_file_i/rf_reg_865__reg/CK (DFFRQX3)
                         -0.14    9.76   library recovery time
                                  9.76   data required time
-----------------------------------------------------------------------------
                                  9.76   data required time
                                 -2.91   data arrival time
-----------------------------------------------------------------------------
                                  6.85   slack (MET)


Startpoint: i_croc_soc/i_croc/i_dmi_jtag/i_dmi_cdc.i_cdc_req/i_dst/async_ack_o_reg
            (rising edge-triggered flip-flop clocked by clk_sys)
Endpoint: i_croc_soc/i_croc/i_dm_top.i_dm_top/i_dm_csrs.progbuf_o_155__reg
          (rising edge-triggered flip-flop clocked by clk_sys)
Path Group: path delay
Path Type: max
Corner: tt

Fanout     Cap    Slew   Delay    Time   Description
-----------------------------------------------------------------------------
                  0.20    0.00    0.00 ^ i_croc_soc/i_croc/i_dmi_jtag/i_dmi_cdc.i_cdc_req/i_dst/async_ack_o_reg/CK (DFFRQX3)
     6    0.02    0.10    0.40    0.40 ^ i_croc_soc/i_croc/i_dmi_jtag/i_dmi_cdc.i_cdc_req/i_dst/async_ack_o_reg/Q (DFFRQX3)
                  0.10    0.00    0.40 ^ i_croc_soc/i_croc/i_dmi_jtag/i_dmi_cdc.i_cdc_req/i_dst/_152_/A (XOR2X1)
     1    0.00    0.09    0.12    0.52 ^ i_croc_soc/i_croc/i_dmi_jtag/i_dmi_cdc.i_cdc_req/i_dst/_152_/Y (XOR2X1)
                  0.09    0.00    0.52 ^ i_croc_soc/i_croc/i_dmi_jtag/i_dmi_cdc.i_cdc_req/_1_/AB (NOR2BX1)
     1    0.00    0.09    0.11    0.63 ^ i_croc_soc/i_croc/i_dmi_jtag/i_dmi_cdc.i_cdc_req/_1_/Y (NOR2BX1)
                  0.09    0.00    0.63 ^ place7524/A (BUFX4)
     9    0.05    0.12    0.19    0.82 ^ place7524/Y (BUFX4)
                  0.12    0.00    0.82 ^ i_croc_soc/i_croc/i_dm_top.i_dm_top/_3545_/A (NAND2X3)
     2    0.01    0.07    0.09    0.91 v i_croc_soc/i_croc/i_dm_top.i_dm_top/_3545_/Y (NAND2X3)
                  0.07    0.00    0.91 v i_croc_soc/i_croc/i_dm_top.i_dm_top/_3546_/B (NOR2X4)
     2    0.01    0.15    0.09    1.00 ^ i_croc_soc/i_croc/i_dm_top.i_dm_top/_3546_/Y (NOR2X4)
                  0.15    0.00    1.00 ^ i_croc_soc/i_croc/i_dm_top.i_dm_top/_3560_/A (NAND2X4)
     6    0.03    0.14    0.14    1.14 v i_croc_soc/i_croc/i_dm_top.i_dm_top/_3560_/Y (NAND2X4)
                  0.14    0.00    1.14 v i_croc_soc/i_croc/i_dm_top.i_dm_top/_4820_/A (OAI21X2)
     8    0.03    0.35    0.32    1.46 ^ i_croc_soc/i_croc/i_dm_top.i_dm_top/_4820_/Y (OAI21X2)
                  0.35    0.00    1.46 ^ i_croc_soc/i_croc/i_dm_top.i_dm_top/_4911_/D (AOAI211X2)
    13    0.06    0.58    0.58    2.04 v i_croc_soc/i_croc/i_dm_top.i_dm_top/_4911_/Y (AOAI211X2)
                  0.58    0.00    2.04 v place7201/A (BUFX3)
    12    0.03    0.10    0.30    2.34 v place7201/Y (BUFX3)
                  0.10    0.00    2.34 v i_croc_soc/i_croc/i_dm_top.i_dm_top/_5012_/A (OAI21X1)
     1    0.00    0.09    0.11    2.45 ^ i_croc_soc/i_croc/i_dm_top.i_dm_top/_5012_/Y (OAI21X1)
                  0.09    0.00    2.45 ^ i_croc_soc/i_croc/i_dm_top.i_dm_top/i_dm_csrs.progbuf_o_155__reg/D (DFFRQX3)
                                  2.45   data arrival time

                          3.00    3.00   max_delay
                         -0.09    2.91   library setup time
                                  2.91   data required time
-----------------------------------------------------------------------------
                                  2.91   data required time
                                 -2.45   data arrival time
-----------------------------------------------------------------------------
                                  0.45   slack (MET)


Startpoint: i_croc_soc/i_croc/i_dmi_jtag/td_o_reg
            (rising edge-triggered flip-flop clocked by clk_jtg')
Endpoint: jtag_tdo_o (output port clocked by clk_jtg)
Path Group: clk_jtg
Path Type: max
Corner: tt

Fanout     Cap    Slew   Delay    Time   Description
-----------------------------------------------------------------------------
                  0.20   12.50   12.50   clock clk_jtg' (rise edge)
                          0.00   12.50   clock network delay (ideal)
                  0.20    0.00   12.50 ^ i_croc_soc/i_croc/i_dmi_jtag/td_o_reg/CK (DFFRQX3)
     1    0.08    0.30    0.54   13.04 ^ i_croc_soc/i_croc/i_dmi_jtag/td_o_reg/Q (DFFRQX3)
                  0.40    0.02   13.06 ^ pad_jtag_tdo_o/c2p (sg13cmos5l_IOPadOut16mA)
     2   15.00    3.55    3.29   16.35 ^ pad_jtag_tdo_o/pad (sg13cmos5l_IOPadOut16mA)
                  2.66    0.00   16.35 ^ jtag_tdo_o (out)
                                 16.35   data arrival time

                  0.20   25.00   25.00   clock clk_jtg (rise edge)
                          0.00   25.00   clock network delay (ideal)
                         -0.10   24.90   clock uncertainty
                          0.00   24.90   clock reconvergence pessimism
                         -5.00   19.90   output external delay
                                 19.90   data required time
-----------------------------------------------------------------------------
                                 19.90   data required time
                                -16.35   data arrival time
-----------------------------------------------------------------------------
                                  3.55   slack (MET)


Startpoint: i_croc_soc/i_croc/i_core_wrap/i_core.id_stage_i.controller_i.instr_i_20__reg
            (rising edge-triggered flip-flop clocked by clk_sys)
Endpoint: i_croc_soc/i_croc/i_core_wrap/i_core.crash_dump_o_47__reg
          (rising edge-triggered flip-flop clocked by clk_sys)
Path Group: clk_sys
Path Type: max
Corner: tt

Fanout     Cap    Slew   Delay    Time   Description
-----------------------------------------------------------------------------
                  0.20    0.00    0.00   clock clk_sys (rise edge)
                          0.00    0.00   clock network delay (ideal)
                  0.20    0.00    0.00 ^ i_croc_soc/i_croc/i_core_wrap/i_core.id_stage_i.controller_i.instr_i_20__reg/CK (DFFRQX3)
    14    0.08    0.30    0.55    0.55 ^ i_croc_soc/i_croc/i_core_wrap/i_core.id_stage_i.controller_i.instr_i_20__reg/Q (DFFRQX3)
                  0.30    0.00    0.55 ^ place8412/A (BUFX12)
    16    0.08    0.09    0.23    0.78 ^ place8412/Y (BUFX12)
                  0.09    0.01    0.78 ^ i_croc_soc/i_croc/i_core_wrap/i_core.register_file_i/_4415_/S0 (MUXT4X3)
     1    0.00    0.06    0.28    1.07 v i_croc_soc/i_croc/i_core_wrap/i_core.register_file_i/_4415_/Y (MUXT4X3)
                  0.06    0.00    1.07 v i_croc_soc/i_croc/i_core_wrap/i_core.register_file_i/_4417_/B (AO22X1)
     1    0.00    0.06    0.18    1.24 v i_croc_soc/i_croc/i_core_wrap/i_core.register_file_i/_4417_/Y (AO22X1)
                  0.06    0.00    1.24 v i_croc_soc/i_croc/i_core_wrap/i_core.register_file_i/_4418_/D (OAOI211X2)
     1    0.01    0.15    0.17    1.41 ^ i_croc_soc/i_croc/i_core_wrap/i_core.register_file_i/_4418_/Y (OAOI211X2)
                  0.15    0.00    1.41 ^ i_croc_soc/i_croc/i_core_wrap/i_core.register_file_i/_4426_/D (OAI211X2)
     1    0.02    0.28    0.28    1.69 v i_croc_soc/i_croc/i_core_wrap/i_core.register_file_i/_4426_/Y (OAI211X2)
                  0.28    0.00    1.69 v place7551/A (BUFX3)
     3    0.01    0.06    0.20    1.89 v place7551/Y (BUFX3)
                  0.06    0.00    1.89 v i_croc_soc/i_croc/i_core_wrap/_4684_/A (AND2X1)
     1    0.00    0.05    0.10    1.99 v i_croc_soc/i_croc/i_core_wrap/_4684_/Y (AND2X1)
                  0.05    0.00    1.99 v i_croc_soc/i_croc/i_core_wrap/_4685_/E (AOI221X3)
     3    0.01    0.16    0.18    2.16 ^ i_croc_soc/i_croc/i_core_wrap/_4685_/Y (AOI221X3)
                  0.16    0.00    2.16 ^ place7466/A (BUFX3)
     4    0.01    0.04    0.14    2.30 ^ place7466/Y (BUFX3)
                  0.04    0.00    2.30 ^ i_croc_soc/i_croc/i_core_wrap/_4694_/AB (NAND3BX1)
     2    0.00    0.09    0.09    2.40 ^ i_croc_soc/i_croc/i_core_wrap/_4694_/Y (NAND3BX1)
                  0.09    0.00    2.40 ^ i_croc_soc/i_croc/i_core_wrap/_4695_/C (MIN3X1)
     3    0.01    0.14    0.15    2.55 v i_croc_soc/i_croc/i_core_wrap/_4695_/Y (MIN3X1)
                  0.14    0.00    2.55 v i_croc_soc/i_croc/i_core_wrap/_4728_/A (OAI211X1)
     1    0.00    0.14    0.17    2.72 ^ i_croc_soc/i_croc/i_core_wrap/_4728_/Y (OAI211X1)
                  0.14    0.00    2.72 ^ i_croc_soc/i_croc/i_core_wrap/_4737_/B (AOAI211X2)
     2    0.01    0.12    0.16    2.88 v i_croc_soc/i_croc/i_core_wrap/_4737_/Y (AOAI211X2)
                  0.12    0.00    2.88 v i_croc_soc/i_croc/i_core_wrap/_4757_/B (AOI211X2)
     2    0.01    0.25    0.25    3.13 ^ i_croc_soc/i_croc/i_core_wrap/_4757_/Y (AOI211X2)
                  0.25    0.00    3.13 ^ i_croc_soc/i_croc/i_core_wrap/_4830_/B (OAI31X2)
     2    0.01    0.10    0.16    3.30 v i_croc_soc/i_croc/i_core_wrap/_4830_/Y (OAI31X2)
                  0.10    0.00    3.30 v i_croc_soc/i_croc/i_core_wrap/_4874_/A (AO31X2)
     2    0.01    0.06    0.19    3.49 v i_croc_soc/i_croc/i_core_wrap/_4874_/Y (AO31X2)
                  0.06    0.00    3.49 v place7060/A (BUFX3)
     6    0.02    0.06    0.13    3.62 v place7060/Y (BUFX3)
                  0.06    0.00    3.62 v place7061/A (BUFX3)
     4    0.02    0.06    0.13    3.75 v place7061/Y (BUFX3)
                  0.06    0.00    3.75 v i_croc_soc/i_croc/i_core_wrap/_5152_/S0 (MUXI2X2)
     2    0.01    0.10    0.15    3.90 v i_croc_soc/i_croc/i_core_wrap/_5152_/Y (MUXI2X2)
                  0.10    0.00    3.90 v i_croc_soc/i_croc/i_core_wrap/_5976_/A (AOI221X3)
     1    0.02    0.28    0.28    4.18 ^ i_croc_soc/i_croc/i_core_wrap/_5976_/Y (AOI221X3)
                  0.28    0.00    4.18 ^ i_croc_soc/i_croc/i_core_wrap/_5978_/B (AOI21X1)
     3    0.01    0.20    0.26    4.44 v i_croc_soc/i_croc/i_core_wrap/_5978_/Y (AOI21X1)
                  0.20    0.00    4.44 v i_croc_soc/i_croc/i_core_wrap/_7003_/A1 (MUXI2X1)
     2    0.01    0.23    0.24    4.69 ^ i_croc_soc/i_croc/i_core_wrap/_7003_/Y (MUXI2X1)
                  0.23    0.00    4.69 ^ i_croc_soc/i_croc/i_core_wrap/_7308_/A0 (MUXI2X2)
     2    0.01    0.11    0.15    4.84 v i_croc_soc/i_croc/i_core_wrap/_7308_/Y (MUXI2X2)
                  0.11    0.00    4.84 v i_croc_soc/i_croc/_3184_/B (NOR3X2)
     2    0.00    0.11    0.14    4.98 ^ i_croc_soc/i_croc/_3184_/Y (NOR3X2)
                  0.11    0.00    4.98 ^ i_croc_soc/i_croc/_3186_/A (AND4X2)
     4    0.02    0.11    0.28    5.26 ^ i_croc_soc/i_croc/_3186_/Y (AND4X2)
                  0.11    0.00    5.26 ^ place6796/A (BUFX3)
     2    0.01    0.04    0.12    5.37 ^ place6796/Y (BUFX3)
                  0.04    0.00    5.37 ^ i_croc_soc/i_croc/_3202_/C (NAND3X2)
     2    0.01    0.11    0.09    5.46 v i_croc_soc/i_croc/_3202_/Y (NAND3X2)
                  0.11    0.00    5.46 v i_croc_soc/i_croc/_3203_/A (XOR2X1)
     1    0.01    0.13    0.15    5.61 v i_croc_soc/i_croc/_3203_/Y (XOR2X1)
                  0.13    0.00    5.61 v i_croc_soc/i_croc/_3227_/A (AOI221X3)
     2    0.01    0.21    0.23    5.84 ^ i_croc_soc/i_croc/_3227_/Y (AOI221X3)
                  0.21    0.00    5.84 ^ i_croc_soc/i_croc/_4617_/B (NOR2X2)
     2    0.00    0.06    0.09    5.93 v i_croc_soc/i_croc/_4617_/Y (NOR2X2)
                  0.06    0.00    5.93 v i_croc_soc/i_croc/_4802_/C (AND3X2)
     3    0.01    0.04    0.12    6.05 v i_croc_soc/i_croc/_4802_/Y (AND3X2)
                  0.04    0.00    6.05 v i_croc_soc/i_croc/_4803_/B (NAND2X1)
     1    0.00    0.09    0.06    6.10 ^ i_croc_soc/i_croc/_4803_/Y (NAND2X1)
                  0.09    0.00    6.10 ^ i_croc_soc/i_croc/_4805_/B (OAI21X2)
     2    0.00    0.06    0.09    6.19 v i_croc_soc/i_croc/_4805_/Y (OAI21X2)
                  0.06    0.00    6.19 v place6670/A (BUFX3)
     4    0.01    0.04    0.11    6.30 v place6670/Y (BUFX3)
                  0.04    0.00    6.30 v i_croc_soc/i_croc/_5241_/A (AOI21X2)
     2    0.00    0.07    0.09    6.39 ^ i_croc_soc/i_croc/_5241_/Y (AOI21X2)
                  0.07    0.00    6.39 ^ place6653/A (BUFX3)
    16    0.04    0.13    0.17    6.56 ^ place6653/Y (BUFX3)
                  0.13    0.00    6.56 ^ place6655/A (BUFX1)
     2    0.01    0.06    0.12    6.68 ^ place6655/Y (BUFX1)
                  0.06    0.00    6.68 ^ place6656/A (BUFX3)
    11    0.02    0.09    0.14    6.82 ^ place6656/Y (BUFX3)
                  0.09    0.00    6.82 ^ i_croc_soc/i_croc/_6611_/A (OAI211X1)
     1    0.00    0.10    0.14    6.96 v i_croc_soc/i_croc/_6611_/Y (OAI211X1)
                  0.10    0.00    6.96 v i_croc_soc/i_croc/_6615_/A (AND2X1)
     2    0.01    0.07    0.13    7.09 v i_croc_soc/i_croc/_6615_/Y (AND2X1)
                  0.07    0.00    7.09 v i_croc_soc/i_user/_364_/B (NOR4BX2)
     1    0.00    0.16    0.20    7.28 ^ i_croc_soc/i_user/_364_/Y (NOR4BX2)
                  0.16    0.00    7.28 ^ i_croc_soc/i_user/_367_/B (NAND4X2)
     2    0.01    0.17    0.20    7.48 v i_croc_soc/i_user/_367_/Y (NAND4X2)
                  0.17    0.00    7.48 v i_croc_soc/i_user/_481_/B (OAI21X1)
     1    0.00    0.12    0.15    7.63 ^ i_croc_soc/i_user/_481_/Y (OAI21X1)
                  0.12    0.00    7.63 ^ i_croc_soc/i_user/_483_/B (AOAI211X2)
     2    0.00    0.09    0.13    7.76 v i_croc_soc/i_user/_483_/Y (AOAI211X2)
                  0.09    0.00    7.76 v i_croc_soc/i_user/_493_/C (AOI211X1)
     1    0.00    0.13    0.15    7.92 ^ i_croc_soc/i_user/_493_/Y (AOI211X1)
                  0.13    0.00    7.92 ^ i_croc_soc/i_croc/_4822_/AB (NOR2BX2)
     2    0.00    0.07    0.14    8.06 ^ i_croc_soc/i_croc/_4822_/Y (NOR2BX2)
                  0.07    0.00    8.06 ^ i_croc_soc/i_croc/_5242_/B (AND4X2)
     1    0.00    0.07    0.22    8.28 ^ i_croc_soc/i_croc/_5242_/Y (AND4X2)
                  0.07    0.00    8.28 ^ i_croc_soc/i_croc/_5243_/C (AOI211X1)
     1    0.00    0.15    0.06    8.34 v i_croc_soc/i_croc/_5243_/Y (AOI211X1)
                  0.15    0.00    8.34 v i_croc_soc/i_croc/_5244_/C (AOI21X1)
     1    0.00    0.13    0.14    8.48 ^ i_croc_soc/i_croc/_5244_/Y (AOI21X1)
                  0.13    0.00    8.48 ^ i_croc_soc/i_croc/_5245_/D (AOAI211X2)
     2    0.01    0.15    0.17    8.65 v i_croc_soc/i_croc/_5245_/Y (AOAI211X2)
                  0.15    0.00    8.65 v i_croc_soc/i_croc/_5253_/A (NOR2X4)
     3    0.01    0.08    0.10    8.75 ^ i_croc_soc/i_croc/_5253_/Y (NOR2X4)
                  0.08    0.00    8.75 ^ i_croc_soc/i_croc/i_core_wrap/_5570_/AB (NOR3BX1)
     1    0.00    0.11    0.14    8.89 ^ i_croc_soc/i_croc/i_core_wrap/_5570_/Y (NOR3BX1)
                  0.11    0.00    8.89 ^ i_croc_soc/i_croc/i_core_wrap/_5573_/B (OA21X2)
     1    0.00    0.04    0.14    9.03 ^ i_croc_soc/i_croc/i_core_wrap/_5573_/Y (OA21X2)
                  0.04    0.00    9.03 ^ i_croc_soc/i_croc/i_core_wrap/_5574_/D (AO211X2)
     1    0.00    0.04    0.10    9.13 ^ i_croc_soc/i_croc/i_core_wrap/_5574_/Y (AO211X2)
                  0.04    0.00    9.13 ^ i_croc_soc/i_croc/i_core_wrap/_5575_/C (OAI21X2)
     1    0.02    0.13    0.12    9.25 v i_croc_soc/i_croc/i_core_wrap/_5575_/Y (OAI21X2)
                  0.13    0.00    9.25 v place6227/A (BUFX12)
     4    0.03    0.05    0.15    9.40 v place6227/Y (BUFX12)
                  0.05    0.00    9.40 v place6230/A (BUFX8)
     8    0.03    0.05    0.12    9.53 v place6230/Y (BUFX8)
                  0.05    0.00    9.53 v i_croc_soc/i_croc/i_core_wrap/_5595_/S0 (MUX2X1)
     1    0.00    0.05    0.15    9.68 ^ i_croc_soc/i_croc/i_core_wrap/_5595_/Y (MUX2X1)
                  0.05    0.00    9.68 ^ i_croc_soc/i_croc/i_core_wrap/i_core.crash_dump_o_47__reg/D (DFFRQX3)
                                  9.68   data arrival time

                  0.20   10.00   10.00   clock clk_sys (rise edge)
                          0.00   10.00   clock network delay (ideal)
                         -0.10    9.90   clock uncertainty
                          0.00    9.90   clock reconvergence pessimism
                                  9.90 ^ i_croc_soc/i_croc/i_core_wrap/i_core.crash_dump_o_47__reg/CK (DFFRQX3)
                         -0.08    9.82   library setup time
                                  9.82   data required time
-----------------------------------------------------------------------------
                                  9.82   data required time
                                 -9.68   data arrival time
-----------------------------------------------------------------------------
                                  0.13   slack (MET)



==========================================================================
02_croc.placed report_check_types -max_slew -max_cap -max_fanout -violators
--------------------------------------------------------------------------

==========================================================================
02_croc.placed max_slew_check_slack
--------------------------------------------------------------------------
-2.4305672645568848

==========================================================================
02_croc.placed max_slew_check_limit
--------------------------------------------------------------------------
1.2000000476837158

==========================================================================
02_croc.placed max_slew_check_slack_limit
--------------------------------------------------------------------------
-2.0255

==========================================================================
02_croc.placed max_fanout_check_slack
--------------------------------------------------------------------------
0.0

==========================================================================
02_croc.placed max_fanout_check_limit
--------------------------------------------------------------------------
16.0

==========================================================================
02_croc.placed max_fanout_check_slack_limit
--------------------------------------------------------------------------
0.0000

==========================================================================
02_croc.placed max_capacitance_check_slack
--------------------------------------------------------------------------
-11.160959243774414

==========================================================================
02_croc.placed max_capacitance_check_limit
--------------------------------------------------------------------------
4.21304988861084

==========================================================================
02_croc.placed max_capacitance_check_slack_limit
--------------------------------------------------------------------------
-2.6491

==========================================================================
02_croc.placed max_slew_violation_count
--------------------------------------------------------------------------
max slew violation count 71

==========================================================================
02_croc.placed max_fanout_violation_count
--------------------------------------------------------------------------
max fanout violation count 0

==========================================================================
02_croc.placed max_cap_violation_count
--------------------------------------------------------------------------
max cap violation count 97

==========================================================================
02_croc.placed setup_violation_count
--------------------------------------------------------------------------
setup violation count 0

==========================================================================
02_croc.placed hold_violation_count
--------------------------------------------------------------------------
hold violation count 0

==========================================================================
02_croc.placed critical path delay
--------------------------------------------------------------------------
9.6810

==========================================================================
02_croc.placed critical path slack
--------------------------------------------------------------------------
0.1348

==========================================================================
02_croc.placed slack div critical path delay
--------------------------------------------------------------------------
1.392418

==========================================================================
02_croc.placed report_power tt
--------------------------------------------------------------------------
Group                  Internal  Switching    Leakage      Total
                          Power      Power      Power      Power (Watts)
----------------------------------------------------------------
Sequential             6.66e-03   1.52e-04   1.21e-06   6.82e-03  35.7%
Combinational          2.77e-04   5.81e-04   1.59e-06   8.59e-04   4.5%
Clock                  6.74e-07   2.88e-07   1.79e-10   9.62e-07   0.0%
Macro                  6.93e-03   0.00e+00   7.92e-07   6.93e-03  36.3%
Pad                    2.82e-04   4.22e-03   1.08e-07   4.50e-03  23.6%
----------------------------------------------------------------
Total                  1.41e-02   4.95e-03   3.70e-06   1.91e-02 100.0%
                          74.1%      25.9%       0.0%

==========================================================================
02_croc.placed report_design_area
--------------------------------------------------------------------------

==========================================================================
02_croc.placed area by hierarchy
--------------------------------------------------------------------------

--------------------------------------------------------------------------------
Design Area Summary
--------------------------------------------------------------------------------
Die Area:              4629056.0 um2
Core Area:             2200258.368 um2
Total Area:            2310248.8768 um2
Total Active Area:     667528.8768 um2

Core Utilization:      0.3033865870064947
Std Cell Utilization:  0.19332300826861074

--------------------------------------------------------------------------------
Hierarchical Area Report
--------------------------------------------------------------------------------
                                                                                Global Area (um^2)                                                              Global Instances                                                                Local Area (um^2)                                                               Local Instances
                                                                                ------------------------------------------------------------------------------- ------------------------------------------------------------------------------- ------------------------------------------------------------------------------- ----------------------------------------------------------------------------
Hierarchy Name                                                                  Total           StdCell         Macro           Cover           Pad             Total           StdCell         Macro           Cover           Pad             Total           StdCell         Macro           Cover           Pad             Total           StdCell         Macro           Cover           Pad             
-----------------------------------------------------------------------------------------------------------------------------------------------------------------------------------------------------------------------------------------------------------------------------------------------------------------------------------------------------------------------------------------------------------
<top>                                                                           2310248.877     367324.070      300204.806      313600.000      1329120.000     36653           36333           2               64              254             1691221.533     48501.533       0.000           313600.000      1329120.000     10735           10417           0               64              254             
  i_croc_soc                                                                    619027.344      318822.538      300204.806      0.000           0.000           25918           25916           2               0               0               117.130         117.130         0.000           0.000           0.000           5               5               0               0               0               
    i_croc                                                                      311336.122      311336.122      0.000           0.000           0.000           25064           25064           0               0               0               31584.067       31584.067       0.000           0.000           0.000           3891            3891            0               0               0               
      i_bootrom                                                                 2740.550        2740.550        0.000           0.000           0.000           302             302             0               0               0               2740.550        2740.550        0.000           0.000           0.000           302             302             0               0               0               
      i_clint                                                                   9884.045        9884.045        0.000           0.000           0.000           719             719             0               0               0               9827.597        9827.597        0.000           0.000           0.000           717             717             0               0               0               
        i_sync                                                                  56.448          56.448          0.000           0.000           0.000           2               2               0               0               0               56.448          56.448          0.000           0.000           0.000           2               2               0               0               0               
      i_core_wrap                                                               140160.384      140160.384      0.000           0.000           0.000           10676           10676           0               0               0               45437.818       45437.818       0.000           0.000           0.000           4260            4260            0               0               0               
        i_core.cs_registers_i                                                   34958.246       34958.246       0.000           0.000           0.000           2895            2895            0               0               0               34958.246       34958.246       0.000           0.000           0.000           2895            2895            0               0               0               
        i_core.register_file_i                                                  59764.320       59764.320       0.000           0.000           0.000           3521            3521            0               0               0               59764.320       59764.320       0.000           0.000           0.000           3521            3521            0               0               0               
      i_dm_top.i_dm_top                                                         47767.709       47767.709       0.000           0.000           0.000           3950            3950            0               0               0               47767.709       47767.709       0.000           0.000           0.000           3950            3950            0               0               0               
      i_dmi_jtag                                                                23349.715       23349.715       0.000           0.000           0.000           1745            1745            0               0               0               10452.758       10452.758       0.000           0.000           0.000           843             843             0               0               0               
        i_dmi_cdc.i_cdc_req                                                     6779.405        6779.405        0.000           0.000           0.000           470             470             0               0               0               141.120         141.120         0.000           0.000           0.000           8               8               0               0               0               
          i_cdc_reset_ctrlr                                                     2346.826        2346.826        0.000           0.000           0.000           195             195             0               0               0               0.000           0.000           0.000           0.000           0.000           0               0               0               0               0               
            i_cdc_reset_ctrlr_half_a                                            1171.296        1171.296        0.000           0.000           0.000           97              97              0               0               0               640.685         640.685         0.000           0.000           0.000           62              62              0               0               0               
              i_state_transition_cdc_dst                                        198.979         198.979         0.000           0.000           0.000           13              13              0               0               0               142.531         142.531         0.000           0.000           0.000           11              11              0               0               0               
                i_sync                                                          56.448          56.448          0.000           0.000           0.000           2               2               0               0               0               56.448          56.448          0.000           0.000           0.000           2               2               0               0               0               
              i_state_transition_cdc_src                                        331.632         331.632         0.000           0.000           0.000           22              22              0               0               0               275.184         275.184         0.000           0.000           0.000           20              20              0               0               0               
                i_sync                                                          56.448          56.448          0.000           0.000           0.000           2               2               0               0               0               56.448          56.448          0.000           0.000           0.000           2               2               0               0               0               
            i_cdc_reset_ctrlr_half_b                                            1175.530        1175.530        0.000           0.000           0.000           98              98              0               0               0               644.918         644.918         0.000           0.000           0.000           63              63              0               0               0               
              i_state_transition_cdc_dst                                        198.979         198.979         0.000           0.000           0.000           13              13              0               0               0               142.531         142.531         0.000           0.000           0.000           11              11              0               0               0               
                i_sync                                                          56.448          56.448          0.000           0.000           0.000           2               2               0               0               0               56.448          56.448          0.000           0.000           0.000           2               2               0               0               0               
              i_state_transition_cdc_src                                        331.632         331.632         0.000           0.000           0.000           22              22              0               0               0               275.184         275.184         0.000           0.000           0.000           20              20              0               0               0               
                i_sync                                                          56.448          56.448          0.000           0.000           0.000           2               2               0               0               0               56.448          56.448          0.000           0.000           0.000           2               2               0               0               0               
          i_dst                                                                 2167.603        2167.603        0.000           0.000           0.000           135             135             0               0               0               2082.931        2082.931        0.000           0.000           0.000           132             132             0               0               0               
            i_sync                                                              84.672          84.672          0.000           0.000           0.000           3               3               0               0               0               84.672          84.672          0.000           0.000           0.000           3               3               0               0               0               
          i_src                                                                 2123.856        2123.856        0.000           0.000           0.000           132             132             0               0               0               2039.184        2039.184        0.000           0.000           0.000           129             129             0               0               0               
            i_sync                                                              84.672          84.672          0.000           0.000           0.000           3               3               0               0               0               84.672          84.672          0.000           0.000           0.000           3               3               0               0               0               
        i_dmi_cdc.i_cdc_resp                                                    6100.618        6100.618        0.000           0.000           0.000           430             430             0               0               0               145.354         145.354         0.000           0.000           0.000           9               9               0               0               0               
          i_cdc_reset_ctrlr                                                     2334.125        2334.125        0.000           0.000           0.000           196             196             0               0               0               0.000           0.000           0.000           0.000           0.000           0               0               0               0               0               
            i_cdc_reset_ctrlr_half_a                                            1162.829        1162.829        0.000           0.000           0.000           99              99              0               0               0               632.218         632.218         0.000           0.000           0.000           64              64              0               0               0               
              i_state_transition_cdc_dst                                        198.979         198.979         0.000           0.000           0.000           13              13              0               0               0               142.531         142.531         0.000           0.000           0.000           11              11              0               0               0               
                i_sync                                                          56.448          56.448          0.000           0.000           0.000           2               2               0               0               0               56.448          56.448          0.000           0.000           0.000           2               2               0               0               0               
              i_state_transition_cdc_src                                        331.632         331.632         0.000           0.000           0.000           22              22              0               0               0               275.184         275.184         0.000           0.000           0.000           20              20              0               0               0               
                i_sync                                                          56.448          56.448          0.000           0.000           0.000           2               2               0               0               0               56.448          56.448          0.000           0.000           0.000           2               2               0               0               0               
            i_cdc_reset_ctrlr_half_b                                            1171.296        1171.296        0.000           0.000           0.000           97              97              0               0               0               640.685         640.685         0.000           0.000           0.000           62              62              0               0               0               
              i_state_transition_cdc_dst                                        198.979         198.979         0.000           0.000           0.000           13              13              0               0               0               142.531         142.531         0.000           0.000           0.000           11              11              0               0               0               
                i_sync                                                          56.448          56.448          0.000           0.000           0.000           2               2               0               0               0               56.448          56.448          0.000           0.000           0.000           2               2               0               0               0               
              i_state_transition_cdc_src                                        331.632         331.632         0.000           0.000           0.000           22              22              0               0               0               275.184         275.184         0.000           0.000           0.000           20              20              0               0               0               
                i_sync                                                          56.448          56.448          0.000           0.000           0.000           2               2               0               0               0               56.448          56.448          0.000           0.000           0.000           2               2               0               0               0               
          i_dst                                                                 1833.149        1833.149        0.000           0.000           0.000           114             114             0               0               0               1748.477        1748.477        0.000           0.000           0.000           111             111             0               0               0               
            i_sync                                                              84.672          84.672          0.000           0.000           0.000           3               3               0               0               0               84.672          84.672          0.000           0.000           0.000           3               3               0               0               0               
          i_src                                                                 1787.990        1787.990        0.000           0.000           0.000           111             111             0               0               0               1703.318        1703.318        0.000           0.000           0.000           108             108             0               0               0               
            i_sync                                                              84.672          84.672          0.000           0.000           0.000           3               3               0               0               0               84.672          84.672          0.000           0.000           0.000           3               3               0               0               0               
        i_dmi_jtag_tap.i_dft_tck_mux                                            12.701          12.701          0.000           0.000           0.000           1               1               0               0               0               12.701          12.701          0.000           0.000           0.000           1               1               0               0               0               
        i_dmi_jtag_tap.i_tck_inv                                                4.234           4.234           0.000           0.000           0.000           1               1               0               0               0               4.234           4.234           0.000           0.000           0.000           1               1               0               0               0               
      i_gpio                                                                    17026.128       17026.128       0.000           0.000           0.000           1224            1224            0               0               0               15219.792       15219.792       0.000           0.000           0.000           1160            1160            0               0               0               
        gen_gpios\[0\].i_sync                                                   56.448          56.448          0.000           0.000           0.000           2               2               0               0               0               56.448          56.448          0.000           0.000           0.000           2               2               0               0               0               
        gen_gpios\[10\].i_sync                                                  56.448          56.448          0.000           0.000           0.000           2               2               0               0               0               56.448          56.448          0.000           0.000           0.000           2               2               0               0               0               
        gen_gpios\[11\].i_sync                                                  56.448          56.448          0.000           0.000           0.000           2               2               0               0               0               56.448          56.448          0.000           0.000           0.000           2               2               0               0               0               
        gen_gpios\[12\].i_sync                                                  56.448          56.448          0.000           0.000           0.000           2               2               0               0               0               56.448          56.448          0.000           0.000           0.000           2               2               0               0               0               
        gen_gpios\[13\].i_sync                                                  56.448          56.448          0.000           0.000           0.000           2               2               0               0               0               56.448          56.448          0.000           0.000           0.000           2               2               0               0               0               
        gen_gpios\[14\].i_sync                                                  56.448          56.448          0.000           0.000           0.000           2               2               0               0               0               56.448          56.448          0.000           0.000           0.000           2               2               0               0               0               
        gen_gpios\[15\].i_sync                                                  56.448          56.448          0.000           0.000           0.000           2               2               0               0               0               56.448          56.448          0.000           0.000           0.000           2               2               0               0               0               
        gen_gpios\[16\].i_sync                                                  56.448          56.448          0.000           0.000           0.000           2               2               0               0               0               56.448          56.448          0.000           0.000           0.000           2               2               0               0               0               
        gen_gpios\[17\].i_sync                                                  56.448          56.448          0.000           0.000           0.000           2               2               0               0               0               56.448          56.448          0.000           0.000           0.000           2               2               0               0               0               
        gen_gpios\[18\].i_sync                                                  56.448          56.448          0.000           0.000           0.000           2               2               0               0               0               56.448          56.448          0.000           0.000           0.000           2               2               0               0               0               
        gen_gpios\[19\].i_sync                                                  56.448          56.448          0.000           0.000           0.000           2               2               0               0               0               56.448          56.448          0.000           0.000           0.000           2               2               0               0               0               
        gen_gpios\[1\].i_sync                                                   56.448          56.448          0.000           0.000           0.000           2               2               0               0               0               56.448          56.448          0.000           0.000           0.000           2               2               0               0               0               
        gen_gpios\[20\].i_sync                                                  56.448          56.448          0.000           0.000           0.000           2               2               0               0               0               56.448          56.448          0.000           0.000           0.000           2               2               0               0               0               
        gen_gpios\[21\].i_sync                                                  56.448          56.448          0.000           0.000           0.000           2               2               0               0               0               56.448          56.448          0.000           0.000           0.000           2               2               0               0               0               
        gen_gpios\[22\].i_sync                                                  56.448          56.448          0.000           0.000           0.000           2               2               0               0               0               56.448          56.448          0.000           0.000           0.000           2               2               0               0               0               
        gen_gpios\[23\].i_sync                                                  56.448          56.448          0.000           0.000           0.000           2               2               0               0               0               56.448          56.448          0.000           0.000           0.000           2               2               0               0               0               
        gen_gpios\[24\].i_sync                                                  56.448          56.448          0.000           0.000           0.000           2               2               0               0               0               56.448          56.448          0.000           0.000           0.000           2               2               0               0               0               
        gen_gpios\[25\].i_sync                                                  56.448          56.448          0.000           0.000           0.000           2               2               0               0               0               56.448          56.448          0.000           0.000           0.000           2               2               0               0               0               
        gen_gpios\[26\].i_sync                                                  56.448          56.448          0.000           0.000           0.000           2               2               0               0               0               56.448          56.448          0.000           0.000           0.000           2               2               0               0               0               
        gen_gpios\[27\].i_sync                                                  56.448          56.448          0.000           0.000           0.000           2               2               0               0               0               56.448          56.448          0.000           0.000           0.000           2               2               0               0               0               
        gen_gpios\[28\].i_sync                                                  56.448          56.448          0.000           0.000           0.000           2               2               0               0               0               56.448          56.448          0.000           0.000           0.000           2               2               0               0               0               
        gen_gpios\[29\].i_sync                                                  56.448          56.448          0.000           0.000           0.000           2               2               0               0               0               56.448          56.448          0.000           0.000           0.000           2               2               0               0               0               
        gen_gpios\[2\].i_sync                                                   56.448          56.448          0.000           0.000           0.000           2               2               0               0               0               56.448          56.448          0.000           0.000           0.000           2               2               0               0               0               
        gen_gpios\[30\].i_sync                                                  56.448          56.448          0.000           0.000           0.000           2               2               0               0               0               56.448          56.448          0.000           0.000           0.000           2               2               0               0               0               
        gen_gpios\[31\].i_sync                                                  56.448          56.448          0.000           0.000           0.000           2               2               0               0               0               56.448          56.448          0.000           0.000           0.000           2               2               0               0               0               
        gen_gpios\[3\].i_sync                                                   56.448          56.448          0.000           0.000           0.000           2               2               0               0               0               56.448          56.448          0.000           0.000           0.000           2               2               0               0               0               
        gen_gpios\[4\].i_sync                                                   56.448          56.448          0.000           0.000           0.000           2               2               0               0               0               56.448          56.448          0.000           0.000           0.000           2               2               0               0               0               
        gen_gpios\[5\].i_sync                                                   56.448          56.448          0.000           0.000           0.000           2               2               0               0               0               56.448          56.448          0.000           0.000           0.000           2               2               0               0               0               
        gen_gpios\[6\].i_sync                                                   56.448          56.448          0.000           0.000           0.000           2               2               0               0               0               56.448          56.448          0.000           0.000           0.000           2               2               0               0               0               
        gen_gpios\[7\].i_sync                                                   56.448          56.448          0.000           0.000           0.000           2               2               0               0               0               56.448          56.448          0.000           0.000           0.000           2               2               0               0               0               
        gen_gpios\[8\].i_sync                                                   56.448          56.448          0.000           0.000           0.000           2               2               0               0               0               56.448          56.448          0.000           0.000           0.000           2               2               0               0               0               
        gen_gpios\[9\].i_sync                                                   56.448          56.448          0.000           0.000           0.000           2               2               0               0               0               56.448          56.448          0.000           0.000           0.000           2               2               0               0               0               
      i_obi_timer                                                               6691.910        6691.910        0.000           0.000           0.000           505             505             0               0               0               6691.910        6691.910        0.000           0.000           0.000           505             505             0               0               0               
      i_soc_ctrl                                                                4067.078        4067.078        0.000           0.000           0.000           280             280             0               0               0               4067.078        4067.078        0.000           0.000           0.000           280             280             0               0               0               
      i_uart                                                                    28064.534       28064.534       0.000           0.000           0.000           1772            1772            0               0               0               27765.360       27765.360       0.000           0.000           0.000           1758            1758            0               0               0               
        i_uart_modem.i_sync_cd                                                  60.682          60.682          0.000           0.000           0.000           3               3               0               0               0               60.682          60.682          0.000           0.000           0.000           3               3               0               0               0               
        i_uart_modem.i_sync_cts                                                 60.682          60.682          0.000           0.000           0.000           3               3               0               0               0               60.682          60.682          0.000           0.000           0.000           3               3               0               0               0               
        i_uart_modem.i_sync_dsr                                                 60.682          60.682          0.000           0.000           0.000           3               3               0               0               0               60.682          60.682          0.000           0.000           0.000           3               3               0               0               0               
        i_uart_modem.i_sync_ri                                                  60.682          60.682          0.000           0.000           0.000           3               3               0               0               0               60.682          60.682          0.000           0.000           0.000           3               3               0               0               0               
        i_uart_rx.i_sync                                                        56.448          56.448          0.000           0.000           0.000           2               2               0               0               0               56.448          56.448          0.000           0.000           0.000           2               2               0               0               0               
    i_rstgen.i_rstgen_bypass.i_tc_clk_mux2_init_no                              16.934          16.934          0.000           0.000           0.000           2               2               0               0               0               16.934          16.934          0.000           0.000           0.000           2               2               0               0               0               
    i_rstgen.i_rstgen_bypass.i_tc_clk_mux2_rst_n                                12.701          12.701          0.000           0.000           0.000           1               1               0               0               0               12.701          12.701          0.000           0.000           0.000           1               1               0               0               0               
    i_rstgen.i_rstgen_bypass.i_tc_clk_mux2_rst_no                               12.701          12.701          0.000           0.000           0.000           1               1               0               0               0               12.701          12.701          0.000           0.000           0.000           1               1               0               0               0               
    i_user                                                                      307531.757      7326.950        300204.806      0.000           0.000           845             843             2               0               0               5912.928        5912.928        0.000           0.000           0.000           509             509             0               0               0               
      gen_sram_bank\[0\].i_sram                                                 150809.414      707.011         150102.403      0.000           0.000           168             167             1               0               0               150809.414      707.011         150102.403      0.000           0.000           168             167             1               0               0               
      gen_sram_bank\[1\].i_sram                                                 150809.414      707.011         150102.403      0.000           0.000           168             167             1               0               0               150809.414      707.011         150102.403      0.000           0.000           168             167             1               0               0               
