
==========================================================================
04_croc.routed check_setup
--------------------------------------------------------------------------
0

==========================================================================
04_croc.routed report_tns
--------------------------------------------------------------------------
tns max 0.00

==========================================================================
04_croc.routed report_wns
--------------------------------------------------------------------------
wns max 0.00

==========================================================================
04_croc.routed report_worst_slack
--------------------------------------------------------------------------
worst slack max 0.06

==========================================================================
04_croc.routed report_checks -path_delay min
--------------------------------------------------------------------------
[WARNING STA-0168] unknown field nets.
Startpoint: i_croc_soc/i_rstgen.i_rstgen_bypass.synch_regs_q_3__reg
            (rising edge-triggered flip-flop clocked by clk_sys)
Endpoint: i_croc_soc/i_croc/i_core_wrap/i_core.crash_dump_o_93__reg
          (removal check against rising-edge clock clk_sys)
Path Group: asynchronous
Path Type: min
Corner: ff

Fanout     Cap    Slew   Delay    Time   Description
-----------------------------------------------------------------------------
                          0.00    0.00   clock clk_sys (rise edge)
                          0.00    0.00   clock source latency
     2    0.20    0.25    0.02    0.02 ^ clk_i (in)
                  0.25    0.00    0.02 ^ pad_clk_i/pad (sg13cmos5l_IOPadIn)
     2    0.15    0.19    0.09    0.11 ^ pad_clk_i/p2c (sg13cmos5l_IOPadIn)
                  0.19    0.06    0.16 ^ clkbuf_regs_0_clk_sys/A (BUFX64)
     1    0.02    0.02    0.11    0.27 ^ clkbuf_regs_0_clk_sys/Y (BUFX64)
                  0.02    0.00    0.27 ^ clkbuf_0_soc_clk_i_regs/A (BUFX64)
     4    0.16    0.02    0.06    0.33 ^ clkbuf_0_soc_clk_i_regs/Y (BUFX64)
                  0.04    0.02    0.35 ^ clkbuf_2_0_0_soc_clk_i_regs/A (BUFX64)
     4    0.12    0.02    0.07    0.41 ^ clkbuf_2_0_0_soc_clk_i_regs/Y (BUFX64)
                  0.02    0.01    0.42 ^ clkbuf_4_0_0_soc_clk_i_regs/A (BUFX64)
     2    0.06    0.02    0.06    0.48 ^ clkbuf_4_0_0_soc_clk_i_regs/Y (BUFX64)
                  0.02    0.01    0.48 ^ clkbuf_5_1__f_soc_clk_i_regs/A (BUFX64)
    20    0.46    0.04    0.07    0.55 ^ clkbuf_5_1__f_soc_clk_i_regs/Y (BUFX64)
                  0.11    0.05    0.60 ^ clkbuf_leaf_66_soc_clk_i_regs/A (BUFX44)
    14    0.03    0.02    0.09    0.69 ^ clkbuf_leaf_66_soc_clk_i_regs/Y (BUFX44)
                  0.02    0.00    0.69 ^ i_croc_soc/i_rstgen.i_rstgen_bypass.synch_regs_q_3__reg/CK (DFFRQX3)
    13    0.05    0.12    0.26    0.95 ^ i_croc_soc/i_rstgen.i_rstgen_bypass.synch_regs_q_3__reg/Q (DFFRQX3)
                  0.12    0.01    0.96 ^ clone1263/A0 (MUX2X2)
     8    0.05    0.16    0.21    1.17 ^ clone1263/Y (MUX2X2)
                  0.16    0.00    1.17 ^ i_croc_soc/i_croc/i_core_wrap/i_core.crash_dump_o_93__reg/RB (DFFRQX3)
                                  1.17   data arrival time

                          0.00    0.00   clock clk_sys (rise edge)
                          0.00    0.00   clock source latency
     2    0.24    0.26    0.03    0.03 ^ clk_i (in)
                  0.26    0.00    0.03 ^ pad_clk_i/pad (sg13cmos5l_IOPadIn)
     2    0.17    0.21    0.09    0.12 ^ pad_clk_i/p2c (sg13cmos5l_IOPadIn)
                  0.21    0.06    0.18 ^ clkbuf_regs_0_clk_sys/A (BUFX64)
     1    0.03    0.02    0.12    0.30 ^ clkbuf_regs_0_clk_sys/Y (BUFX64)
                  0.02    0.00    0.30 ^ clkbuf_0_soc_clk_i_regs/A (BUFX64)
     4    0.19    0.03    0.06    0.36 ^ clkbuf_0_soc_clk_i_regs/Y (BUFX64)
                  0.05    0.02    0.38 ^ clkbuf_2_3_0_soc_clk_i_regs/A (BUFX64)
     4    0.15    0.02    0.07    0.44 ^ clkbuf_2_3_0_soc_clk_i_regs/Y (BUFX64)
                  0.05    0.02    0.47 ^ clkbuf_4_12_0_soc_clk_i_regs/A (BUFX64)
     2    0.08    0.02    0.07    0.53 ^ clkbuf_4_12_0_soc_clk_i_regs/Y (BUFX64)
                  0.02    0.01    0.54 ^ clkbuf_5_24__f_soc_clk_i_regs/A (BUFX64)
    13    0.46    0.02    0.06    0.60 ^ clkbuf_5_24__f_soc_clk_i_regs/Y (BUFX64)
                  0.31    0.16    0.75 ^ clkbuf_leaf_248_soc_clk_i_regs/A (BUFX44)
    14    0.04    0.03    0.14    0.89 ^ clkbuf_leaf_248_soc_clk_i_regs/Y (BUFX44)
                  0.03    0.00    0.89 ^ i_croc_soc/i_croc/i_core_wrap/i_core.crash_dump_o_93__reg/CK (DFFRQX3)
                          0.10    0.99   clock uncertainty
                         -0.03    0.97   clock reconvergence pessimism
                         -0.08    0.89   library removal time
                                  0.89   data required time
-----------------------------------------------------------------------------
                                  0.89   data required time
                                 -1.17   data arrival time
-----------------------------------------------------------------------------
                                  0.28   slack (MET)


Startpoint: i_croc_soc/i_croc/i_dmi_jtag/data_q_29__reg
            (rising edge-triggered flip-flop clocked by clk_jtg)
Endpoint: i_croc_soc/i_croc/i_dmi_jtag/i_dmi_cdc.i_cdc_req/i_src/async_data_o[29]_reg
          (rising edge-triggered flip-flop clocked by clk_jtg)
Path Group: clk_jtg
Path Type: min
Corner: ff

Fanout     Cap    Slew   Delay    Time   Description
-----------------------------------------------------------------------------
                          0.00    0.00   clock clk_jtg (rise edge)
                          0.00    0.00   clock source latency
     2    0.20    0.25    0.02    0.02 ^ jtag_tck_i (in)
                  0.25    0.00    0.02 ^ pad_jtag_tck_i/pad (sg13cmos5l_IOPadIn)
     2    0.09    0.12    0.08    0.10 ^ pad_jtag_tck_i/p2c (sg13cmos5l_IOPadIn)
                  0.10    0.02    0.12 ^ clkbuf_regs_1_clk_jtg/A (BUFX64)
     1    0.02    0.02    0.08    0.20 ^ clkbuf_regs_1_clk_jtg/Y (BUFX64)
                  0.02    0.00    0.20 ^ clkbuf_0_soc_jtag_tck_i_regs/A (BUFX64)
     4    0.10    0.02    0.06    0.25 ^ clkbuf_0_soc_jtag_tck_i_regs/Y (BUFX64)
                  0.02    0.00    0.26 ^ clkbuf_2_2__f_soc_jtag_tck_i_regs/A (BUFX64)
     6    0.12    0.02    0.06    0.32 ^ clkbuf_2_2__f_soc_jtag_tck_i_regs/Y (BUFX64)
                  0.03    0.01    0.33 ^ clkbuf_leaf_9_soc_jtag_tck_i_regs/A (BUFX44)
    10    0.02    0.02    0.05    0.38 ^ clkbuf_leaf_9_soc_jtag_tck_i_regs/Y (BUFX44)
                  0.02    0.00    0.38 ^ i_croc_soc/i_croc/i_dmi_jtag/data_q_29__reg/CK (DFFRQX3)
     4    0.02    0.05    0.18    0.56 v i_croc_soc/i_croc/i_dmi_jtag/data_q_29__reg/Q (DFFRQX3)
                  0.05    0.00    0.57 v i_croc_soc/i_croc/i_dmi_jtag/i_dmi_cdc.i_cdc_req/i_src/_080_/A1 (MUX2X1)
     1    0.00    0.02    0.08    0.65 v i_croc_soc/i_croc/i_dmi_jtag/i_dmi_cdc.i_cdc_req/i_src/_080_/Y (MUX2X1)
                  0.02    0.00    0.65 v i_croc_soc/i_croc/i_dmi_jtag/i_dmi_cdc.i_cdc_req/i_src/async_data_o[29]_reg/D (DFFQX1)
                                  0.65   data arrival time

                          0.00    0.00   clock clk_jtg (rise edge)
                          0.00    0.00   clock source latency
     2    0.24    0.26    0.03    0.03 ^ jtag_tck_i (in)
                  0.26    0.00    0.03 ^ pad_jtag_tck_i/pad (sg13cmos5l_IOPadIn)
     2    0.11    0.14    0.08    0.11 ^ pad_jtag_tck_i/p2c (sg13cmos5l_IOPadIn)
                  0.11    0.02    0.13 ^ clkbuf_regs_1_clk_jtg/A (BUFX64)
     1    0.03    0.02    0.08    0.22 ^ clkbuf_regs_1_clk_jtg/Y (BUFX64)
                  0.02    0.00    0.22 ^ clkbuf_0_soc_jtag_tck_i_regs/A (BUFX64)
     4    0.13    0.03    0.06    0.28 ^ clkbuf_0_soc_jtag_tck_i_regs/Y (BUFX64)
                  0.03    0.01    0.28 ^ clkbuf_2_0__f_soc_jtag_tck_i_regs/A (BUFX64)
    14    0.33    0.04    0.07    0.35 ^ clkbuf_2_0__f_soc_jtag_tck_i_regs/Y (BUFX64)
                  0.07    0.03    0.38 ^ clkbuf_leaf_14_soc_jtag_tck_i_regs/A (BUFX44)
    15    0.04    0.02    0.07    0.45 ^ clkbuf_leaf_14_soc_jtag_tck_i_regs/Y (BUFX44)
                  0.02    0.00    0.46 ^ i_croc_soc/i_croc/i_dmi_jtag/i_dmi_cdc.i_cdc_req/i_src/async_data_o[29]_reg/CK (DFFQX1)
                          0.10    0.56   clock uncertainty
                         -0.02    0.53   clock reconvergence pessimism
                          0.02    0.55   library hold time
                                  0.55   data required time
-----------------------------------------------------------------------------
                                  0.55   data required time
                                 -0.65   data arrival time
-----------------------------------------------------------------------------
                                  0.10   slack (MET)


Startpoint: i_croc_soc/i_croc/i_core_wrap/i_core.crash_dump_o_66__reg
            (rising edge-triggered flip-flop clocked by clk_sys)
Endpoint: i_croc_soc/i_croc/i_core_wrap/i_core.crash_dump_o_98__reg
          (rising edge-triggered flip-flop clocked by clk_sys)
Path Group: clk_sys
Path Type: min
Corner: ff

Fanout     Cap    Slew   Delay    Time   Description
-----------------------------------------------------------------------------
                          0.00    0.00   clock clk_sys (rise edge)
                          0.00    0.00   clock source latency
     2    0.20    0.25    0.02    0.02 ^ clk_i (in)
                  0.25    0.00    0.02 ^ pad_clk_i/pad (sg13cmos5l_IOPadIn)
     2    0.15    0.19    0.09    0.11 ^ pad_clk_i/p2c (sg13cmos5l_IOPadIn)
                  0.19    0.06    0.16 ^ clkbuf_regs_0_clk_sys/A (BUFX64)
     1    0.02    0.02    0.11    0.27 ^ clkbuf_regs_0_clk_sys/Y (BUFX64)
                  0.02    0.00    0.27 ^ clkbuf_0_soc_clk_i_regs/A (BUFX64)
     4    0.16    0.02    0.06    0.33 ^ clkbuf_0_soc_clk_i_regs/Y (BUFX64)
                  0.04    0.01    0.35 ^ clkbuf_2_3_0_soc_clk_i_regs/A (BUFX64)
     4    0.12    0.02    0.06    0.41 ^ clkbuf_2_3_0_soc_clk_i_regs/Y (BUFX64)
                  0.04    0.02    0.43 ^ clkbuf_4_12_0_soc_clk_i_regs/A (BUFX64)
     2    0.06    0.02    0.06    0.49 ^ clkbuf_4_12_0_soc_clk_i_regs/Y (BUFX64)
                  0.02    0.01    0.50 ^ clkbuf_5_25__f_soc_clk_i_regs/A (BUFX64)
     9    0.35    0.03    0.06    0.56 ^ clkbuf_5_25__f_soc_clk_i_regs/Y (BUFX64)
                  0.08    0.04    0.60 ^ clkbuf_leaf_247_soc_clk_i_regs/A (BUFX44)
     9    0.03    0.02    0.08    0.67 ^ clkbuf_leaf_247_soc_clk_i_regs/Y (BUFX44)
                  0.02    0.00    0.67 ^ i_croc_soc/i_croc/i_core_wrap/i_core.crash_dump_o_66__reg/CK (DFFRQX3)
     5    0.03    0.06    0.20    0.87 v i_croc_soc/i_croc/i_core_wrap/i_core.crash_dump_o_66__reg/Q (DFFRQX3)
                  0.06    0.00    0.87 v hold7015/A (BUFX3)
     1    0.00    0.02    0.07    0.94 v hold7015/Y (BUFX3)
                  0.02    0.00    0.94 v i_croc_soc/i_croc/i_core_wrap/_6029_/A1 (MUX2X1)
     1    0.00    0.02    0.07    1.01 v i_croc_soc/i_croc/i_core_wrap/_6029_/Y (MUX2X1)
                  0.02    0.00    1.01 v hold7016/A (BUFX3)
     1    0.00    0.02    0.05    1.06 v hold7016/Y (BUFX3)
                  0.02    0.00    1.06 v i_croc_soc/i_croc/i_core_wrap/i_core.crash_dump_o_98__reg/D (DFFRQX3)
                                  1.06   data arrival time

                          0.00    0.00   clock clk_sys (rise edge)
                          0.00    0.00   clock source latency
     2    0.24    0.26    0.03    0.03 ^ clk_i (in)
                  0.26    0.00    0.03 ^ pad_clk_i/pad (sg13cmos5l_IOPadIn)
     2    0.17    0.21    0.09    0.12 ^ pad_clk_i/p2c (sg13cmos5l_IOPadIn)
                  0.21    0.06    0.18 ^ clkbuf_regs_0_clk_sys/A (BUFX64)
     1    0.03    0.02    0.12    0.30 ^ clkbuf_regs_0_clk_sys/Y (BUFX64)
                  0.02    0.00    0.30 ^ clkbuf_0_soc_clk_i_regs/A (BUFX64)
     4    0.19    0.03    0.06    0.36 ^ clkbuf_0_soc_clk_i_regs/Y (BUFX64)
                  0.05    0.02    0.38 ^ clkbuf_2_3_0_soc_clk_i_regs/A (BUFX64)
     4    0.15    0.02    0.07    0.44 ^ clkbuf_2_3_0_soc_clk_i_regs/Y (BUFX64)
                  0.05    0.02    0.47 ^ clkbuf_4_12_0_soc_clk_i_regs/A (BUFX64)
     2    0.08    0.02    0.07    0.53 ^ clkbuf_4_12_0_soc_clk_i_regs/Y (BUFX64)
                  0.02    0.01    0.54 ^ clkbuf_5_24__f_soc_clk_i_regs/A (BUFX64)
    13    0.46    0.02    0.06    0.60 ^ clkbuf_5_24__f_soc_clk_i_regs/Y (BUFX64)
                  0.31    0.16    0.75 ^ clkbuf_leaf_232_soc_clk_i_regs/A (BUFX44)
    14    0.04    0.03    0.14    0.89 ^ clkbuf_leaf_232_soc_clk_i_regs/Y (BUFX44)
                  0.03    0.00    0.89 ^ i_croc_soc/i_croc/i_core_wrap/i_core.crash_dump_o_98__reg/CK (DFFRQX3)
                          0.10    0.99   clock uncertainty
                         -0.04    0.95   clock reconvergence pessimism
                          0.02    0.97   library hold time
                                  0.97   data required time
-----------------------------------------------------------------------------
                                  0.97   data required time
                                 -1.06   data arrival time
-----------------------------------------------------------------------------
                                  0.10   slack (MET)



==========================================================================
04_croc.routed report_checks -path_delay max
--------------------------------------------------------------------------
[WARNING STA-0168] unknown field nets.
Startpoint: i_croc_soc/i_rstgen.i_rstgen_bypass.synch_regs_q_3__reg
            (rising edge-triggered flip-flop clocked by clk_sys)
Endpoint: i_croc_soc/i_croc/i_core_wrap/i_core.register_file_i/rf_reg_618__reg
          (recovery check against rising-edge clock clk_sys)
Path Group: asynchronous
Path Type: max
Corner: tt

Fanout     Cap    Slew   Delay    Time   Description
-----------------------------------------------------------------------------
                          0.00    0.00   clock clk_sys (rise edge)
                          0.00    0.00   clock source latency
     2    0.24    0.35    0.04    0.04 ^ clk_i (in)
                  0.35    0.00    0.04 ^ pad_clk_i/pad (sg13cmos5l_IOPadIn)
     2    0.17    0.31    0.15    0.19 ^ pad_clk_i/p2c (sg13cmos5l_IOPadIn)
                  0.27    0.06    0.25 ^ clkbuf_regs_0_clk_sys/A (BUFX64)
     1    0.03    0.03    0.16    0.42 ^ clkbuf_regs_0_clk_sys/Y (BUFX64)
                  0.03    0.00    0.42 ^ clkbuf_0_soc_clk_i_regs/A (BUFX64)
     4    0.18    0.04    0.09    0.51 ^ clkbuf_0_soc_clk_i_regs/Y (BUFX64)
                  0.06    0.02    0.53 ^ clkbuf_2_0_0_soc_clk_i_regs/A (BUFX64)
     4    0.15    0.04    0.10    0.63 ^ clkbuf_2_0_0_soc_clk_i_regs/Y (BUFX64)
                  0.04    0.01    0.64 ^ clkbuf_4_0_0_soc_clk_i_regs/A (BUFX64)
     2    0.07    0.03    0.09    0.73 ^ clkbuf_4_0_0_soc_clk_i_regs/Y (BUFX64)
                  0.03    0.01    0.73 ^ clkbuf_5_1__f_soc_clk_i_regs/A (BUFX64)
    20    0.61    0.10    0.12    0.85 ^ clkbuf_5_1__f_soc_clk_i_regs/Y (BUFX64)
                  0.17    0.07    0.92 ^ clkbuf_leaf_66_soc_clk_i_regs/A (BUFX44)
    14    0.04    0.03    0.13    1.05 ^ clkbuf_leaf_66_soc_clk_i_regs/Y (BUFX44)
                  0.03    0.00    1.05 ^ i_croc_soc/i_rstgen.i_rstgen_bypass.synch_regs_q_3__reg/CK (DFFRQX3)
    13    0.06    0.22    0.42    1.47 ^ i_croc_soc/i_rstgen.i_rstgen_bypass.synch_regs_q_3__reg/Q (DFFRQX3)
                  0.22    0.01    1.48 ^ clone1211/A0 (MUX2X2)
     8    0.09    0.41    0.46    1.94 ^ clone1211/Y (MUX2X2)
                  0.41    0.02    1.96 ^ place6546/A (BUFX3)
    14    0.06    0.21    0.33    2.29 ^ place6546/Y (BUFX3)
                  0.21    0.00    2.29 ^ place6565/A (BUFX3)
    11    0.04    0.16    0.24    2.53 ^ place6565/Y (BUFX3)
                  0.16    0.00    2.53 ^ place6574/A (BUFX3)
     9    0.04    0.14    0.21    2.75 ^ place6574/Y (BUFX3)
                  0.14    0.00    2.75 ^ place6575/A (BUFX3)
    11    0.05    0.17    0.22    2.97 ^ place6575/Y (BUFX3)
                  0.17    0.00    2.97 ^ place6576/A (BUFX3)
    12    0.05    0.18    0.24    3.21 ^ place6576/Y (BUFX3)
                  0.18    0.00    3.21 ^ place6578/A (BUFX3)
    16    0.07    0.25    0.29    3.50 ^ place6578/Y (BUFX3)
                  0.25    0.00    3.51 ^ place6579/A (BUFX3)
    10    0.04    0.14    0.24    3.75 ^ place6579/Y (BUFX3)
                  0.14    0.00    3.75 ^ place6581/A (BUFX3)
    13    0.05    0.19    0.24    3.99 ^ place6581/Y (BUFX3)
                  0.19    0.01    3.99 ^ place6583/A (BUFX3)
    13    0.05    0.19    0.26    4.25 ^ place6583/Y (BUFX3)
                  0.19    0.00    4.25 ^ place6584/A (BUFX3)
     9    0.04    0.13    0.22    4.47 ^ place6584/Y (BUFX3)
                  0.13    0.00    4.47 ^ i_croc_soc/i_croc/i_core_wrap/i_core.register_file_i/rf_reg_618__reg/RB (DFFRQX3)
                                  4.47   data arrival time

                         13.70   13.70   clock clk_sys (rise edge)
                          0.00   13.70   clock source latency
     2    0.20    0.34    0.03   13.73 ^ clk_i (in)
                  0.34    0.00   13.73 ^ pad_clk_i/pad (sg13cmos5l_IOPadIn)
     2    0.15    0.28    0.15   13.88 ^ pad_clk_i/p2c (sg13cmos5l_IOPadIn)
                  0.24    0.06   13.93 ^ clkbuf_regs_0_clk_sys/A (BUFX64)
     1    0.02    0.03    0.15   14.09 ^ clkbuf_regs_0_clk_sys/Y (BUFX64)
                  0.03    0.00   14.09 ^ clkbuf_0_soc_clk_i_regs/A (BUFX64)
     4    0.15    0.04    0.09   14.18 ^ clkbuf_0_soc_clk_i_regs/Y (BUFX64)
                  0.05    0.02   14.19 ^ clkbuf_2_1_0_soc_clk_i_regs/A (BUFX64)
     4    0.13    0.03    0.09   14.29 ^ clkbuf_2_1_0_soc_clk_i_regs/Y (BUFX64)
                  0.05    0.02   14.31 ^ clkbuf_4_5_0_soc_clk_i_regs/A (BUFX64)
     2    0.06    0.03    0.09   14.39 ^ clkbuf_4_5_0_soc_clk_i_regs/Y (BUFX64)
                  0.03    0.01   14.40 ^ clkbuf_5_10__f_soc_clk_i_regs/A (BUFX64)
    12    0.20    0.04    0.09   14.49 ^ clkbuf_5_10__f_soc_clk_i_regs/Y (BUFX64)
                  0.05    0.02   14.51 ^ clkbuf_leaf_16_soc_clk_i_regs/A (BUFX44)
    11    0.03    0.02    0.09   14.60 ^ clkbuf_leaf_16_soc_clk_i_regs/Y (BUFX44)
                  0.02    0.00   14.60 ^ i_croc_soc/i_croc/i_core_wrap/i_core.register_file_i/rf_reg_618__reg/CK (DFFRQX3)
                         -0.10   14.50   clock uncertainty
                          0.03   14.53   clock reconvergence pessimism
                         -0.14   14.39   library recovery time
                                 14.39   data required time
-----------------------------------------------------------------------------
                                 14.39   data required time
                                 -4.47   data arrival time
-----------------------------------------------------------------------------
                                  9.92   slack (MET)


Startpoint: i_croc_soc/i_croc/i_dmi_jtag/i_dmi_cdc.i_cdc_req/i_dst/async_ack_o_reg
            (rising edge-triggered flip-flop clocked by clk_sys)
Endpoint: i_croc_soc/i_croc/i_dm_top.i_dm_top/i_dm_csrs.progbuf_o_114__reg
          (rising edge-triggered flip-flop clocked by clk_sys)
Path Group: path delay
Path Type: max
Corner: tt

Fanout     Cap    Slew   Delay    Time   Description
-----------------------------------------------------------------------------
                  0.03    0.00    0.00 ^ i_croc_soc/i_croc/i_dmi_jtag/i_dmi_cdc.i_cdc_req/i_dst/async_ack_o_reg/CK (DFFRQX3)
     6    0.02    0.09    0.32    0.32 ^ i_croc_soc/i_croc/i_dmi_jtag/i_dmi_cdc.i_cdc_req/i_dst/async_ack_o_reg/Q (DFFRQX3)
                  0.09    0.00    0.33 ^ i_croc_soc/i_croc/i_dmi_jtag/i_dmi_cdc.i_cdc_req/i_dst/_152_/A (XOR2X1)
     1    0.00    0.11    0.13    0.46 ^ i_croc_soc/i_croc/i_dmi_jtag/i_dmi_cdc.i_cdc_req/i_dst/_152_/Y (XOR2X1)
                  0.11    0.00    0.46 ^ i_croc_soc/i_croc/i_dmi_jtag/i_dmi_cdc.i_cdc_req/_1_/AB (NOR2BX1)
     1    0.00    0.12    0.12    0.58 ^ i_croc_soc/i_croc/i_dmi_jtag/i_dmi_cdc.i_cdc_req/_1_/Y (NOR2BX1)
                  0.12    0.00    0.58 ^ place5978/A (BUFX3)
     9    0.03    0.13    0.19    0.76 ^ place5978/Y (BUFX3)
                  0.13    0.00    0.77 ^ i_croc_soc/i_croc/i_dm_top.i_dm_top/_3545_/A (NAND2X3)
     8    0.04    0.20    0.21    0.97 v i_croc_soc/i_croc/i_dm_top.i_dm_top/_3545_/Y (NAND2X3)
                  0.20    0.00    0.98 v i_croc_soc/i_croc/i_dm_top.i_dm_top/_3546_/B (NOR2X4)
     2    0.01    0.13    0.13    1.10 ^ i_croc_soc/i_croc/i_dm_top.i_dm_top/_3546_/Y (NOR2X4)
                  0.13    0.00    1.10 ^ i_croc_soc/i_croc/i_dm_top.i_dm_top/_3560_/A (NAND2X4)
     6    0.02    0.15    0.13    1.23 v i_croc_soc/i_croc/i_dm_top.i_dm_top/_3560_/Y (NAND2X4)
                  0.15    0.00    1.23 v i_croc_soc/i_croc/i_dm_top.i_dm_top/_4820_/A (OAI21X2)
     8    0.03    0.31    0.30    1.53 ^ i_croc_soc/i_croc/i_dm_top.i_dm_top/_4820_/Y (OAI21X2)
                  0.31    0.00    1.53 ^ i_croc_soc/i_croc/i_dm_top.i_dm_top/_4828_/D (AOAI211X2)
    12    0.05    0.49    0.49    2.02 v i_croc_soc/i_croc/i_dm_top.i_dm_top/_4828_/Y (AOAI211X2)
                  0.49    0.00    2.02 v place5654/A (BUFX3)
    16    0.05    0.15    0.32    2.35 v place5654/Y (BUFX3)
                  0.15    0.00    2.35 v i_croc_soc/i_croc/i_dm_top.i_dm_top/_4872_/C (NOR3BX1)
     1    0.00    0.13    0.17    2.52 ^ i_croc_soc/i_croc/i_dm_top.i_dm_top/_4872_/Y (NOR3BX1)
                  0.13    0.00    2.52 ^ i_croc_soc/i_croc/i_dm_top.i_dm_top/_4873_/C (AO21X2)
     1    0.00    0.04    0.13    2.64 ^ i_croc_soc/i_croc/i_dm_top.i_dm_top/_4873_/Y (AO21X2)
                  0.04    0.00    2.64 ^ i_croc_soc/i_croc/i_dm_top.i_dm_top/i_dm_csrs.progbuf_o_114__reg/D (DFFRQX3)
                                  2.64   data arrival time

                          3.00    3.00   max_delay
                         -0.11    2.89   library setup time
                                  2.89   data required time
-----------------------------------------------------------------------------
                                  2.89   data required time
                                 -2.64   data arrival time
-----------------------------------------------------------------------------
                                  0.25   slack (MET)


Startpoint: i_croc_soc/i_croc/i_dmi_jtag/td_o_reg
            (rising edge-triggered flip-flop clocked by clk_jtg')
Endpoint: jtag_tdo_o (output port clocked by clk_jtg)
Path Group: clk_jtg
Path Type: max
Corner: tt

Fanout     Cap    Slew   Delay    Time   Description
-----------------------------------------------------------------------------
                         12.50   12.50   clock clk_jtg' (rise edge)
                          0.00   12.50   clock source latency
     2    0.23    0.49    0.03   12.53 v jtag_tck_i (in)
                  0.49    0.00   12.53 v pad_jtag_tck_i/pad (sg13cmos5l_IOPadIn)
     2    0.11    0.23    0.69   13.21 v pad_jtag_tck_i/p2c (sg13cmos5l_IOPadIn)
                  0.18    0.02   13.24 v clkbuf_regs_1_clk_jtg/A (BUFX64)
     1    0.03    0.03    0.14   13.38 v clkbuf_regs_1_clk_jtg/Y (BUFX64)
                  0.03    0.00   13.38 v clkbuf_0_soc_jtag_tck_i_regs/A (BUFX64)
     4    0.13    0.04    0.10   13.48 v clkbuf_0_soc_jtag_tck_i_regs/Y (BUFX64)
                  0.04    0.01   13.49 v clkbuf_2_3__f_soc_jtag_tck_i_regs/A (BUFX64)
     6    0.22    0.05    0.11   13.60 v clkbuf_2_3__f_soc_jtag_tck_i_regs/Y (BUFX64)
                  0.05    0.01   13.62 v clkbuf_leaf_6_soc_jtag_tck_i_regs/A (BUFX44)
    11    0.03    0.03    0.10   13.72 v clkbuf_leaf_6_soc_jtag_tck_i_regs/Y (BUFX44)
                  0.03    0.00   13.72 v i_croc_soc/i_croc/i_dmi_jtag/i_dmi_jtag_tap.i_tck_inv/i_inv_6956/A (INVX2)
     1    0.01    0.06    0.06   13.78 ^ i_croc_soc/i_croc/i_dmi_jtag/i_dmi_jtag_tap.i_tck_inv/i_inv_6956/Y (INVX2)
                  0.06    0.00   13.78 ^ i_croc_soc/i_croc/i_dmi_jtag/i_dmi_jtag_tap.i_dft_tck_mux/i_mux/A0 (MUX2X2)
     1    0.03    0.14    0.22   14.01 ^ i_croc_soc/i_croc/i_dmi_jtag/i_dmi_jtag_tap.i_dft_tck_mux/i_mux/Y (MUX2X2)
                  0.14    0.00   14.01 ^ clkbuf_0_i_croc_soc/i_croc/i_dmi_jtag/i_dmi_jtag_tap.tck_n/A (BUFX64)
     1    0.03    0.03    0.12   14.13 ^ clkbuf_0_i_croc_soc/i_croc/i_dmi_jtag/i_dmi_jtag_tap.tck_n/Y (BUFX64)
                  0.03    0.00   14.13 ^ clkbuf_1_0__f_i_croc_soc/i_croc/i_dmi_jtag/i_dmi_jtag_tap.tck_n/A (BUFX64)
     2    0.01    0.02    0.07   14.20 ^ clkbuf_1_0__f_i_croc_soc/i_croc/i_dmi_jtag/i_dmi_jtag_tap.tck_n/Y (BUFX64)
                  0.02    0.00   14.20 ^ i_croc_soc/i_croc/i_dmi_jtag/td_o_reg/CK (DFFRQX3)
     1    0.12    0.43    0.54   14.75 ^ i_croc_soc/i_croc/i_dmi_jtag/td_o_reg/Q (DFFRQX3)
                  0.58    0.04   14.79 ^ pad_jtag_tdo_o/c2p (sg13cmos5l_IOPadOut16mA)
     2   15.00    3.55    3.37   18.16 ^ pad_jtag_tdo_o/pad (sg13cmos5l_IOPadOut16mA)
                  2.66    0.00   18.16 ^ jtag_tdo_o (out)
                                 18.16   data arrival time

                         25.00   25.00   clock clk_jtg (rise edge)
                          0.00   25.00   clock network delay (propagated)
                         -0.10   24.90   clock uncertainty
                          0.00   24.90   clock reconvergence pessimism
                         -5.00   19.90   output external delay
                                 19.90   data required time
-----------------------------------------------------------------------------
                                 19.90   data required time
                                -18.16   data arrival time
-----------------------------------------------------------------------------
                                  1.74   slack (MET)


Startpoint: i_croc_soc/i_user/gen_sram_bank[1].i_sram_macro.gen_secded.i_sram/gen_1024x64xBx1.i_cut
            (rising edge-triggered flip-flop clocked by clk_sys)
Endpoint: status_o (output port clocked by clk_sys)
Path Group: clk_sys
Path Type: max
Corner: tt

Fanout     Cap    Slew   Delay    Time   Description
-----------------------------------------------------------------------------
                          0.00    0.00   clock clk_sys (rise edge)
                          0.00    0.00   clock source latency
     2    0.24    0.35    0.04    0.04 ^ clk_i (in)
                  0.35    0.00    0.04 ^ pad_clk_i/pad (sg13cmos5l_IOPadIn)
     2    0.17    0.31    0.15    0.19 ^ pad_clk_i/p2c (sg13cmos5l_IOPadIn)
                  0.27    0.06    0.25 ^ clkbuf_0_soc_clk_i/A (BUFX64)
     1    0.04    0.03    0.17    0.42 ^ clkbuf_0_soc_clk_i/Y (BUFX64)
                  0.04    0.00    0.42 ^ clkbuf_1_0__f_soc_clk_i/A (BUFX64)
     2    0.06    0.03    0.08    0.51 ^ clkbuf_1_0__f_soc_clk_i/Y (BUFX64)
                  0.04    0.00    0.51 ^ i_croc_soc/i_user/gen_sram_bank[1].i_sram_macro.gen_secded.i_sram/gen_1024x64xBx1.i_cut/A_CLK (RM_IHPSG13_1P_1024x64_c2_bm_bist)
     1    0.01    0.05    4.38    4.88 ^ i_croc_soc/i_user/gen_sram_bank[1].i_sram_macro.gen_secded.i_sram/gen_1024x64xBx1.i_cut/A_DOUT[57] (RM_IHPSG13_1P_1024x64_c2_bm_bist)
                  0.04    0.00    4.88 ^ i_croc_soc/i_user/_2516_/B (XOR2X1)
     2    0.01    0.19    0.19    5.07 ^ i_croc_soc/i_user/_2516_/Y (XOR2X1)
                  0.19    0.00    5.08 ^ i_croc_soc/i_user/_2518_/A (XNOR3X2)
     6    0.02    0.10    0.38    5.45 ^ i_croc_soc/i_user/_2518_/Y (XNOR3X2)
                  0.10    0.00    5.46 ^ i_croc_soc/i_user/_2526_/B (AND2X1)
     3    0.01    0.08    0.16    5.61 ^ i_croc_soc/i_user/_2526_/Y (AND2X1)
                  0.08    0.00    5.61 ^ i_croc_soc/i_user/_2527_/C (AND3X2)
     1    0.00    0.05    0.18    5.80 ^ i_croc_soc/i_user/_2527_/Y (AND3X2)
                  0.05    0.00    5.80 ^ i_croc_soc/i_user/_2528_/C (AOI2B1X1)
     1    0.01    0.11    0.08    5.87 v i_croc_soc/i_user/_2528_/Y (AOI2B1X1)
                  0.11    0.00    5.87 v i_croc_soc/i_user/_2539_/A (OAI211X2)
     1    0.04    0.38    0.34    6.21 ^ i_croc_soc/i_user/_2539_/Y (OAI211X2)
                  0.38    0.01    6.22 ^ place5924/A (BUFX6)
     1    0.01    0.05    0.21    6.43 ^ place5924/Y (BUFX6)
                  0.05    0.00    6.43 ^ i_croc_soc/i_user/_2570_/C (OAI211X2)
     1    0.00    0.14    0.10    6.54 v i_croc_soc/i_user/_2570_/Y (OAI211X2)
                  0.14    0.00    6.54 v i_croc_soc/i_user/_2572_/B (OA21X2)
     2    0.04    0.15    0.27    6.80 v i_croc_soc/i_user/_2572_/Y (OA21X2)
                  0.15    0.01    6.81 v i_croc_soc/i_user/_3170_/B (OR2X3)
     2    0.04    0.13    0.28    7.08 v i_croc_soc/i_user/_3170_/Y (OR2X3)
                  0.13    0.00    7.09 v i_croc_soc/i_croc/i_core_wrap/i_core.cs_registers_i/_4002_/A (AND2X1)
     3    0.01    0.08    0.15    7.24 v i_croc_soc/i_croc/i_core_wrap/i_core.cs_registers_i/_4002_/Y (AND2X1)
                  0.08    0.00    7.24 v i_croc_soc/i_croc/i_core_wrap/i_core.cs_registers_i/_4005_/B (NOR4X2)
     1    0.01    0.18    0.21    7.45 ^ i_croc_soc/i_croc/i_core_wrap/i_core.cs_registers_i/_4005_/Y (NOR4X2)
                  0.18    0.00    7.45 ^ i_croc_soc/i_croc/i_core_wrap/i_core.cs_registers_i/_4017_/C (NAND4X2)
     2    0.01    0.22    0.20    7.65 v i_croc_soc/i_croc/i_core_wrap/i_core.cs_registers_i/_4017_/Y (NAND4X2)
                  0.22    0.00    7.65 v i_croc_soc/i_croc/i_core_wrap/_4119_/A (NAND3X2)
     2    0.01    0.09    0.13    7.78 ^ i_croc_soc/i_croc/i_core_wrap/_4119_/Y (NAND3X2)
                  0.09    0.00    7.78 ^ i_croc_soc/i_croc/i_core_wrap/_4121_/A (OR2X2)
     2    0.01    0.04    0.11    7.89 ^ i_croc_soc/i_croc/i_core_wrap/_4121_/Y (OR2X2)
                  0.04    0.00    7.89 ^ i_croc_soc/i_croc/i_core_wrap/_4122_/A (INVX1)
     2    0.01    0.08    0.09    7.98 v i_croc_soc/i_croc/i_core_wrap/_4122_/Y (INVX1)
                  0.08    0.00    7.98 v i_croc_soc/i_croc/i_core_wrap/_4126_/A (NOR3X1)
     2    0.01    0.22    0.22    8.20 ^ i_croc_soc/i_croc/i_core_wrap/_4126_/Y (NOR3X1)
                  0.22    0.00    8.20 ^ i_croc_soc/i_croc/i_core_wrap/_4127_/C (OA211X2)
     8    0.02    0.14    0.34    8.53 ^ i_croc_soc/i_croc/i_core_wrap/_4127_/Y (OA211X2)
                  0.14    0.00    8.54 ^ i_croc_soc/i_croc/i_core_wrap/_4135_/A (AOI21X1)
     2    0.01    0.14    0.17    8.71 v i_croc_soc/i_croc/i_core_wrap/_4135_/Y (AOI21X1)
                  0.14    0.00    8.71 v i_croc_soc/i_croc/i_core_wrap/_4136_/B (OR2X2)
     2    0.01    0.05    0.18    8.89 v i_croc_soc/i_croc/i_core_wrap/_4136_/Y (OR2X2)
                  0.05    0.00    8.89 v i_croc_soc/i_croc/i_core_wrap/_4137_/D (AO211X2)
     1    0.01    0.06    0.25    9.13 v i_croc_soc/i_croc/i_core_wrap/_4137_/Y (AO211X2)
                  0.06    0.00    9.13 v place5480/A (BUFX12)
     1    0.17    0.12    0.16    9.29 v place5480/Y (BUFX12)
                  0.27    0.08    9.38 v pad_status_o/c2p (sg13cmos5l_IOPadOut16mA)
     2   15.00    3.27    2.80   12.17 v pad_status_o/pad (sg13cmos5l_IOPadOut16mA)
                  2.45    0.00   12.17 v status_o (out)
                                 12.17   data arrival time

                         13.70   13.70   clock clk_sys (rise edge)
                          0.00   13.70   clock network delay (propagated)
                         -0.10   13.60   clock uncertainty
                          0.00   13.60   clock reconvergence pessimism
                         -1.37   12.23   output external delay
                                 12.23   data required time
-----------------------------------------------------------------------------
                                 12.23   data required time
                                -12.17   data arrival time
-----------------------------------------------------------------------------
                                  0.06   slack (MET)



==========================================================================
04_croc.routed report_checks -unconstrained
--------------------------------------------------------------------------
[WARNING STA-0168] unknown field nets.
Startpoint: i_croc_soc/i_rstgen.i_rstgen_bypass.synch_regs_q_3__reg
            (rising edge-triggered flip-flop clocked by clk_sys)
Endpoint: i_croc_soc/i_croc/i_core_wrap/i_core.register_file_i/rf_reg_618__reg
          (recovery check against rising-edge clock clk_sys)
Path Group: asynchronous
Path Type: max
Corner: tt

Fanout     Cap    Slew   Delay    Time   Description
-----------------------------------------------------------------------------
                          0.00    0.00   clock clk_sys (rise edge)
                          0.00    0.00   clock source latency
     2    0.24    0.35    0.04    0.04 ^ clk_i (in)
                  0.35    0.00    0.04 ^ pad_clk_i/pad (sg13cmos5l_IOPadIn)
     2    0.17    0.31    0.15    0.19 ^ pad_clk_i/p2c (sg13cmos5l_IOPadIn)
                  0.27    0.06    0.25 ^ clkbuf_regs_0_clk_sys/A (BUFX64)
     1    0.03    0.03    0.16    0.42 ^ clkbuf_regs_0_clk_sys/Y (BUFX64)
                  0.03    0.00    0.42 ^ clkbuf_0_soc_clk_i_regs/A (BUFX64)
     4    0.18    0.04    0.09    0.51 ^ clkbuf_0_soc_clk_i_regs/Y (BUFX64)
                  0.06    0.02    0.53 ^ clkbuf_2_0_0_soc_clk_i_regs/A (BUFX64)
     4    0.15    0.04    0.10    0.63 ^ clkbuf_2_0_0_soc_clk_i_regs/Y (BUFX64)
                  0.04    0.01    0.64 ^ clkbuf_4_0_0_soc_clk_i_regs/A (BUFX64)
     2    0.07    0.03    0.09    0.73 ^ clkbuf_4_0_0_soc_clk_i_regs/Y (BUFX64)
                  0.03    0.01    0.73 ^ clkbuf_5_1__f_soc_clk_i_regs/A (BUFX64)
    20    0.61    0.10    0.12    0.85 ^ clkbuf_5_1__f_soc_clk_i_regs/Y (BUFX64)
                  0.17    0.07    0.92 ^ clkbuf_leaf_66_soc_clk_i_regs/A (BUFX44)
    14    0.04    0.03    0.13    1.05 ^ clkbuf_leaf_66_soc_clk_i_regs/Y (BUFX44)
                  0.03    0.00    1.05 ^ i_croc_soc/i_rstgen.i_rstgen_bypass.synch_regs_q_3__reg/CK (DFFRQX3)
    13    0.06    0.22    0.42    1.47 ^ i_croc_soc/i_rstgen.i_rstgen_bypass.synch_regs_q_3__reg/Q (DFFRQX3)
                  0.22    0.01    1.48 ^ clone1211/A0 (MUX2X2)
     8    0.09    0.41    0.46    1.94 ^ clone1211/Y (MUX2X2)
                  0.41    0.02    1.96 ^ place6546/A (BUFX3)
    14    0.06    0.21    0.33    2.29 ^ place6546/Y (BUFX3)
                  0.21    0.00    2.29 ^ place6565/A (BUFX3)
    11    0.04    0.16    0.24    2.53 ^ place6565/Y (BUFX3)
                  0.16    0.00    2.53 ^ place6574/A (BUFX3)
     9    0.04    0.14    0.21    2.75 ^ place6574/Y (BUFX3)
                  0.14    0.00    2.75 ^ place6575/A (BUFX3)
    11    0.05    0.17    0.22    2.97 ^ place6575/Y (BUFX3)
                  0.17    0.00    2.97 ^ place6576/A (BUFX3)
    12    0.05    0.18    0.24    3.21 ^ place6576/Y (BUFX3)
                  0.18    0.00    3.21 ^ place6578/A (BUFX3)
    16    0.07    0.25    0.29    3.50 ^ place6578/Y (BUFX3)
                  0.25    0.00    3.51 ^ place6579/A (BUFX3)
    10    0.04    0.14    0.24    3.75 ^ place6579/Y (BUFX3)
                  0.14    0.00    3.75 ^ place6581/A (BUFX3)
    13    0.05    0.19    0.24    3.99 ^ place6581/Y (BUFX3)
                  0.19    0.01    3.99 ^ place6583/A (BUFX3)
    13    0.05    0.19    0.26    4.25 ^ place6583/Y (BUFX3)
                  0.19    0.00    4.25 ^ place6584/A (BUFX3)
     9    0.04    0.13    0.22    4.47 ^ place6584/Y (BUFX3)
                  0.13    0.00    4.47 ^ i_croc_soc/i_croc/i_core_wrap/i_core.register_file_i/rf_reg_618__reg/RB (DFFRQX3)
                                  4.47   data arrival time

                         13.70   13.70   clock clk_sys (rise edge)
                          0.00   13.70   clock source latency
     2    0.20    0.34    0.03   13.73 ^ clk_i (in)
                  0.34    0.00   13.73 ^ pad_clk_i/pad (sg13cmos5l_IOPadIn)
     2    0.15    0.28    0.15   13.88 ^ pad_clk_i/p2c (sg13cmos5l_IOPadIn)
                  0.24    0.06   13.93 ^ clkbuf_regs_0_clk_sys/A (BUFX64)
     1    0.02    0.03    0.15   14.09 ^ clkbuf_regs_0_clk_sys/Y (BUFX64)
                  0.03    0.00   14.09 ^ clkbuf_0_soc_clk_i_regs/A (BUFX64)
     4    0.15    0.04    0.09   14.18 ^ clkbuf_0_soc_clk_i_regs/Y (BUFX64)
                  0.05    0.02   14.19 ^ clkbuf_2_1_0_soc_clk_i_regs/A (BUFX64)
     4    0.13    0.03    0.09   14.29 ^ clkbuf_2_1_0_soc_clk_i_regs/Y (BUFX64)
                  0.05    0.02   14.31 ^ clkbuf_4_5_0_soc_clk_i_regs/A (BUFX64)
     2    0.06    0.03    0.09   14.39 ^ clkbuf_4_5_0_soc_clk_i_regs/Y (BUFX64)
                  0.03    0.01   14.40 ^ clkbuf_5_10__f_soc_clk_i_regs/A (BUFX64)
    12    0.20    0.04    0.09   14.49 ^ clkbuf_5_10__f_soc_clk_i_regs/Y (BUFX64)
                  0.05    0.02   14.51 ^ clkbuf_leaf_16_soc_clk_i_regs/A (BUFX44)
    11    0.03    0.02    0.09   14.60 ^ clkbuf_leaf_16_soc_clk_i_regs/Y (BUFX44)
                  0.02    0.00   14.60 ^ i_croc_soc/i_croc/i_core_wrap/i_core.register_file_i/rf_reg_618__reg/CK (DFFRQX3)
                         -0.10   14.50   clock uncertainty
                          0.03   14.53   clock reconvergence pessimism
                         -0.14   14.39   library recovery time
                                 14.39   data required time
-----------------------------------------------------------------------------
                                 14.39   data required time
                                 -4.47   data arrival time
-----------------------------------------------------------------------------
                                  9.92   slack (MET)


Startpoint: i_croc_soc/i_croc/i_dmi_jtag/i_dmi_cdc.i_cdc_req/i_dst/async_ack_o_reg
            (rising edge-triggered flip-flop clocked by clk_sys)
Endpoint: i_croc_soc/i_croc/i_dm_top.i_dm_top/i_dm_csrs.progbuf_o_114__reg
          (rising edge-triggered flip-flop clocked by clk_sys)
Path Group: path delay
Path Type: max
Corner: tt

Fanout     Cap    Slew   Delay    Time   Description
-----------------------------------------------------------------------------
                  0.03    0.00    0.00 ^ i_croc_soc/i_croc/i_dmi_jtag/i_dmi_cdc.i_cdc_req/i_dst/async_ack_o_reg/CK (DFFRQX3)
     6    0.02    0.09    0.32    0.32 ^ i_croc_soc/i_croc/i_dmi_jtag/i_dmi_cdc.i_cdc_req/i_dst/async_ack_o_reg/Q (DFFRQX3)
                  0.09    0.00    0.33 ^ i_croc_soc/i_croc/i_dmi_jtag/i_dmi_cdc.i_cdc_req/i_dst/_152_/A (XOR2X1)
     1    0.00    0.11    0.13    0.46 ^ i_croc_soc/i_croc/i_dmi_jtag/i_dmi_cdc.i_cdc_req/i_dst/_152_/Y (XOR2X1)
                  0.11    0.00    0.46 ^ i_croc_soc/i_croc/i_dmi_jtag/i_dmi_cdc.i_cdc_req/_1_/AB (NOR2BX1)
     1    0.00    0.12    0.12    0.58 ^ i_croc_soc/i_croc/i_dmi_jtag/i_dmi_cdc.i_cdc_req/_1_/Y (NOR2BX1)
                  0.12    0.00    0.58 ^ place5978/A (BUFX3)
     9    0.03    0.13    0.19    0.76 ^ place5978/Y (BUFX3)
                  0.13    0.00    0.77 ^ i_croc_soc/i_croc/i_dm_top.i_dm_top/_3545_/A (NAND2X3)
     8    0.04    0.20    0.21    0.97 v i_croc_soc/i_croc/i_dm_top.i_dm_top/_3545_/Y (NAND2X3)
                  0.20    0.00    0.98 v i_croc_soc/i_croc/i_dm_top.i_dm_top/_3546_/B (NOR2X4)
     2    0.01    0.13    0.13    1.10 ^ i_croc_soc/i_croc/i_dm_top.i_dm_top/_3546_/Y (NOR2X4)
                  0.13    0.00    1.10 ^ i_croc_soc/i_croc/i_dm_top.i_dm_top/_3560_/A (NAND2X4)
     6    0.02    0.15    0.13    1.23 v i_croc_soc/i_croc/i_dm_top.i_dm_top/_3560_/Y (NAND2X4)
                  0.15    0.00    1.23 v i_croc_soc/i_croc/i_dm_top.i_dm_top/_4820_/A (OAI21X2)
     8    0.03    0.31    0.30    1.53 ^ i_croc_soc/i_croc/i_dm_top.i_dm_top/_4820_/Y (OAI21X2)
                  0.31    0.00    1.53 ^ i_croc_soc/i_croc/i_dm_top.i_dm_top/_4828_/D (AOAI211X2)
    12    0.05    0.49    0.49    2.02 v i_croc_soc/i_croc/i_dm_top.i_dm_top/_4828_/Y (AOAI211X2)
                  0.49    0.00    2.02 v place5654/A (BUFX3)
    16    0.05    0.15    0.32    2.35 v place5654/Y (BUFX3)
                  0.15    0.00    2.35 v i_croc_soc/i_croc/i_dm_top.i_dm_top/_4872_/C (NOR3BX1)
     1    0.00    0.13    0.17    2.52 ^ i_croc_soc/i_croc/i_dm_top.i_dm_top/_4872_/Y (NOR3BX1)
                  0.13    0.00    2.52 ^ i_croc_soc/i_croc/i_dm_top.i_dm_top/_4873_/C (AO21X2)
     1    0.00    0.04    0.13    2.64 ^ i_croc_soc/i_croc/i_dm_top.i_dm_top/_4873_/Y (AO21X2)
                  0.04    0.00    2.64 ^ i_croc_soc/i_croc/i_dm_top.i_dm_top/i_dm_csrs.progbuf_o_114__reg/D (DFFRQX3)
                                  2.64   data arrival time

                          3.00    3.00   max_delay
                         -0.11    2.89   library setup time
                                  2.89   data required time
-----------------------------------------------------------------------------
                                  2.89   data required time
                                 -2.64   data arrival time
-----------------------------------------------------------------------------
                                  0.25   slack (MET)


Startpoint: i_croc_soc/i_croc/i_dmi_jtag/td_o_reg
            (rising edge-triggered flip-flop clocked by clk_jtg')
Endpoint: jtag_tdo_o (output port clocked by clk_jtg)
Path Group: clk_jtg
Path Type: max
Corner: tt

Fanout     Cap    Slew   Delay    Time   Description
-----------------------------------------------------------------------------
                         12.50   12.50   clock clk_jtg' (rise edge)
                          0.00   12.50   clock source latency
     2    0.23    0.49    0.03   12.53 v jtag_tck_i (in)
                  0.49    0.00   12.53 v pad_jtag_tck_i/pad (sg13cmos5l_IOPadIn)
     2    0.11    0.23    0.69   13.21 v pad_jtag_tck_i/p2c (sg13cmos5l_IOPadIn)
                  0.18    0.02   13.24 v clkbuf_regs_1_clk_jtg/A (BUFX64)
     1    0.03    0.03    0.14   13.38 v clkbuf_regs_1_clk_jtg/Y (BUFX64)
                  0.03    0.00   13.38 v clkbuf_0_soc_jtag_tck_i_regs/A (BUFX64)
     4    0.13    0.04    0.10   13.48 v clkbuf_0_soc_jtag_tck_i_regs/Y (BUFX64)
                  0.04    0.01   13.49 v clkbuf_2_3__f_soc_jtag_tck_i_regs/A (BUFX64)
     6    0.22    0.05    0.11   13.60 v clkbuf_2_3__f_soc_jtag_tck_i_regs/Y (BUFX64)
                  0.05    0.01   13.62 v clkbuf_leaf_6_soc_jtag_tck_i_regs/A (BUFX44)
    11    0.03    0.03    0.10   13.72 v clkbuf_leaf_6_soc_jtag_tck_i_regs/Y (BUFX44)
                  0.03    0.00   13.72 v i_croc_soc/i_croc/i_dmi_jtag/i_dmi_jtag_tap.i_tck_inv/i_inv_6956/A (INVX2)
     1    0.01    0.06    0.06   13.78 ^ i_croc_soc/i_croc/i_dmi_jtag/i_dmi_jtag_tap.i_tck_inv/i_inv_6956/Y (INVX2)
                  0.06    0.00   13.78 ^ i_croc_soc/i_croc/i_dmi_jtag/i_dmi_jtag_tap.i_dft_tck_mux/i_mux/A0 (MUX2X2)
     1    0.03    0.14    0.22   14.01 ^ i_croc_soc/i_croc/i_dmi_jtag/i_dmi_jtag_tap.i_dft_tck_mux/i_mux/Y (MUX2X2)
                  0.14    0.00   14.01 ^ clkbuf_0_i_croc_soc/i_croc/i_dmi_jtag/i_dmi_jtag_tap.tck_n/A (BUFX64)
     1    0.03    0.03    0.12   14.13 ^ clkbuf_0_i_croc_soc/i_croc/i_dmi_jtag/i_dmi_jtag_tap.tck_n/Y (BUFX64)
                  0.03    0.00   14.13 ^ clkbuf_1_0__f_i_croc_soc/i_croc/i_dmi_jtag/i_dmi_jtag_tap.tck_n/A (BUFX64)
     2    0.01    0.02    0.07   14.20 ^ clkbuf_1_0__f_i_croc_soc/i_croc/i_dmi_jtag/i_dmi_jtag_tap.tck_n/Y (BUFX64)
                  0.02    0.00   14.20 ^ i_croc_soc/i_croc/i_dmi_jtag/td_o_reg/CK (DFFRQX3)
     1    0.12    0.43    0.54   14.75 ^ i_croc_soc/i_croc/i_dmi_jtag/td_o_reg/Q (DFFRQX3)
                  0.58    0.04   14.79 ^ pad_jtag_tdo_o/c2p (sg13cmos5l_IOPadOut16mA)
     2   15.00    3.55    3.37   18.16 ^ pad_jtag_tdo_o/pad (sg13cmos5l_IOPadOut16mA)
                  2.66    0.00   18.16 ^ jtag_tdo_o (out)
                                 18.16   data arrival time

                         25.00   25.00   clock clk_jtg (rise edge)
                          0.00   25.00   clock network delay (propagated)
                         -0.10   24.90   clock uncertainty
                          0.00   24.90   clock reconvergence pessimism
                         -5.00   19.90   output external delay
                                 19.90   data required time
-----------------------------------------------------------------------------
                                 19.90   data required time
                                -18.16   data arrival time
-----------------------------------------------------------------------------
                                  1.74   slack (MET)


Startpoint: i_croc_soc/i_user/gen_sram_bank[1].i_sram_macro.gen_secded.i_sram/gen_1024x64xBx1.i_cut
            (rising edge-triggered flip-flop clocked by clk_sys)
Endpoint: status_o (output port clocked by clk_sys)
Path Group: clk_sys
Path Type: max
Corner: tt

Fanout     Cap    Slew   Delay    Time   Description
-----------------------------------------------------------------------------
                          0.00    0.00   clock clk_sys (rise edge)
                          0.00    0.00   clock source latency
     2    0.24    0.35    0.04    0.04 ^ clk_i (in)
                  0.35    0.00    0.04 ^ pad_clk_i/pad (sg13cmos5l_IOPadIn)
     2    0.17    0.31    0.15    0.19 ^ pad_clk_i/p2c (sg13cmos5l_IOPadIn)
                  0.27    0.06    0.25 ^ clkbuf_0_soc_clk_i/A (BUFX64)
     1    0.04    0.03    0.17    0.42 ^ clkbuf_0_soc_clk_i/Y (BUFX64)
                  0.04    0.00    0.42 ^ clkbuf_1_0__f_soc_clk_i/A (BUFX64)
     2    0.06    0.03    0.08    0.51 ^ clkbuf_1_0__f_soc_clk_i/Y (BUFX64)
                  0.04    0.00    0.51 ^ i_croc_soc/i_user/gen_sram_bank[1].i_sram_macro.gen_secded.i_sram/gen_1024x64xBx1.i_cut/A_CLK (RM_IHPSG13_1P_1024x64_c2_bm_bist)
     1    0.01    0.05    4.38    4.88 ^ i_croc_soc/i_user/gen_sram_bank[1].i_sram_macro.gen_secded.i_sram/gen_1024x64xBx1.i_cut/A_DOUT[57] (RM_IHPSG13_1P_1024x64_c2_bm_bist)
                  0.04    0.00    4.88 ^ i_croc_soc/i_user/_2516_/B (XOR2X1)
     2    0.01    0.19    0.19    5.07 ^ i_croc_soc/i_user/_2516_/Y (XOR2X1)
                  0.19    0.00    5.08 ^ i_croc_soc/i_user/_2518_/A (XNOR3X2)
     6    0.02    0.10    0.38    5.45 ^ i_croc_soc/i_user/_2518_/Y (XNOR3X2)
                  0.10    0.00    5.46 ^ i_croc_soc/i_user/_2526_/B (AND2X1)
     3    0.01    0.08    0.16    5.61 ^ i_croc_soc/i_user/_2526_/Y (AND2X1)
                  0.08    0.00    5.61 ^ i_croc_soc/i_user/_2527_/C (AND3X2)
     1    0.00    0.05    0.18    5.80 ^ i_croc_soc/i_user/_2527_/Y (AND3X2)
                  0.05    0.00    5.80 ^ i_croc_soc/i_user/_2528_/C (AOI2B1X1)
     1    0.01    0.11    0.08    5.87 v i_croc_soc/i_user/_2528_/Y (AOI2B1X1)
                  0.11    0.00    5.87 v i_croc_soc/i_user/_2539_/A (OAI211X2)
     1    0.04    0.38    0.34    6.21 ^ i_croc_soc/i_user/_2539_/Y (OAI211X2)
                  0.38    0.01    6.22 ^ place5924/A (BUFX6)
     1    0.01    0.05    0.21    6.43 ^ place5924/Y (BUFX6)
                  0.05    0.00    6.43 ^ i_croc_soc/i_user/_2570_/C (OAI211X2)
     1    0.00    0.14    0.10    6.54 v i_croc_soc/i_user/_2570_/Y (OAI211X2)
                  0.14    0.00    6.54 v i_croc_soc/i_user/_2572_/B (OA21X2)
     2    0.04    0.15    0.27    6.80 v i_croc_soc/i_user/_2572_/Y (OA21X2)
                  0.15    0.01    6.81 v i_croc_soc/i_user/_3170_/B (OR2X3)
     2    0.04    0.13    0.28    7.08 v i_croc_soc/i_user/_3170_/Y (OR2X3)
                  0.13    0.00    7.09 v i_croc_soc/i_croc/i_core_wrap/i_core.cs_registers_i/_4002_/A (AND2X1)
     3    0.01    0.08    0.15    7.24 v i_croc_soc/i_croc/i_core_wrap/i_core.cs_registers_i/_4002_/Y (AND2X1)
                  0.08    0.00    7.24 v i_croc_soc/i_croc/i_core_wrap/i_core.cs_registers_i/_4005_/B (NOR4X2)
     1    0.01    0.18    0.21    7.45 ^ i_croc_soc/i_croc/i_core_wrap/i_core.cs_registers_i/_4005_/Y (NOR4X2)
                  0.18    0.00    7.45 ^ i_croc_soc/i_croc/i_core_wrap/i_core.cs_registers_i/_4017_/C (NAND4X2)
     2    0.01    0.22    0.20    7.65 v i_croc_soc/i_croc/i_core_wrap/i_core.cs_registers_i/_4017_/Y (NAND4X2)
                  0.22    0.00    7.65 v i_croc_soc/i_croc/i_core_wrap/_4119_/A (NAND3X2)
     2    0.01    0.09    0.13    7.78 ^ i_croc_soc/i_croc/i_core_wrap/_4119_/Y (NAND3X2)
                  0.09    0.00    7.78 ^ i_croc_soc/i_croc/i_core_wrap/_4121_/A (OR2X2)
     2    0.01    0.04    0.11    7.89 ^ i_croc_soc/i_croc/i_core_wrap/_4121_/Y (OR2X2)
                  0.04    0.00    7.89 ^ i_croc_soc/i_croc/i_core_wrap/_4122_/A (INVX1)
     2    0.01    0.08    0.09    7.98 v i_croc_soc/i_croc/i_core_wrap/_4122_/Y (INVX1)
                  0.08    0.00    7.98 v i_croc_soc/i_croc/i_core_wrap/_4126_/A (NOR3X1)
     2    0.01    0.22    0.22    8.20 ^ i_croc_soc/i_croc/i_core_wrap/_4126_/Y (NOR3X1)
                  0.22    0.00    8.20 ^ i_croc_soc/i_croc/i_core_wrap/_4127_/C (OA211X2)
     8    0.02    0.14    0.34    8.53 ^ i_croc_soc/i_croc/i_core_wrap/_4127_/Y (OA211X2)
                  0.14    0.00    8.54 ^ i_croc_soc/i_croc/i_core_wrap/_4135_/A (AOI21X1)
     2    0.01    0.14    0.17    8.71 v i_croc_soc/i_croc/i_core_wrap/_4135_/Y (AOI21X1)
                  0.14    0.00    8.71 v i_croc_soc/i_croc/i_core_wrap/_4136_/B (OR2X2)
     2    0.01    0.05    0.18    8.89 v i_croc_soc/i_croc/i_core_wrap/_4136_/Y (OR2X2)
                  0.05    0.00    8.89 v i_croc_soc/i_croc/i_core_wrap/_4137_/D (AO211X2)
     1    0.01    0.06    0.25    9.13 v i_croc_soc/i_croc/i_core_wrap/_4137_/Y (AO211X2)
                  0.06    0.00    9.13 v place5480/A (BUFX12)
     1    0.17    0.12    0.16    9.29 v place5480/Y (BUFX12)
                  0.27    0.08    9.38 v pad_status_o/c2p (sg13cmos5l_IOPadOut16mA)
     2   15.00    3.27    2.80   12.17 v pad_status_o/pad (sg13cmos5l_IOPadOut16mA)
                  2.45    0.00   12.17 v status_o (out)
                                 12.17   data arrival time

                         13.70   13.70   clock clk_sys (rise edge)
                          0.00   13.70   clock network delay (propagated)
                         -0.10   13.60   clock uncertainty
                          0.00   13.60   clock reconvergence pessimism
                         -1.37   12.23   output external delay
                                 12.23   data required time
-----------------------------------------------------------------------------
                                 12.23   data required time
                                -12.17   data arrival time
-----------------------------------------------------------------------------
                                  0.06   slack (MET)



==========================================================================
04_croc.routed report_check_types -max_slew -max_cap -max_fanout -violators
--------------------------------------------------------------------------

==========================================================================
04_croc.routed max_slew_check_slack
--------------------------------------------------------------------------
-2.4305672645568848

==========================================================================
04_croc.routed max_slew_check_limit
--------------------------------------------------------------------------
1.2000000476837158

==========================================================================
04_croc.routed max_slew_check_slack_limit
--------------------------------------------------------------------------
-2.0255

==========================================================================
04_croc.routed max_fanout_check_slack
--------------------------------------------------------------------------
-17.0

==========================================================================
04_croc.routed max_fanout_check_limit
--------------------------------------------------------------------------
16.0

==========================================================================
04_croc.routed max_fanout_check_slack_limit
--------------------------------------------------------------------------
-1.0625

==========================================================================
04_croc.routed max_capacitance_check_slack
--------------------------------------------------------------------------
-11.160959243774414

==========================================================================
04_croc.routed max_capacitance_check_limit
--------------------------------------------------------------------------
4.21304988861084

==========================================================================
04_croc.routed max_capacitance_check_slack_limit
--------------------------------------------------------------------------
-2.6491

==========================================================================
04_croc.routed max_slew_violation_count
--------------------------------------------------------------------------
max slew violation count 67

==========================================================================
04_croc.routed max_fanout_violation_count
--------------------------------------------------------------------------
max fanout violation count 15

==========================================================================
04_croc.routed max_cap_violation_count
--------------------------------------------------------------------------
max cap violation count 75

==========================================================================
04_croc.routed setup_violation_count
--------------------------------------------------------------------------
setup violation count 0

==========================================================================
04_croc.routed hold_violation_count
--------------------------------------------------------------------------
hold violation count 0

==========================================================================
04_croc.routed critical path delay
--------------------------------------------------------------------------
12.1746

==========================================================================
04_croc.routed critical path slack
--------------------------------------------------------------------------
0.0554

==========================================================================
04_croc.routed slack div critical path delay
--------------------------------------------------------------------------
0.455046

==========================================================================
04_croc.routed report_power tt
--------------------------------------------------------------------------
Group                  Internal  Switching    Leakage      Total
                          Power      Power      Power      Power (Watts)
----------------------------------------------------------------
Sequential             5.27e-03   1.31e-04   1.30e-06   5.40e-03  26.4%
Combinational          1.97e-04   4.31e-04   1.55e-06   6.30e-04   3.1%
Clock                  7.64e-03   3.13e-03   8.85e-07   1.08e-02  52.7%
Macro                  6.36e-05   0.00e+00   1.58e-06   6.52e-05   0.3%
Pad                    2.82e-04   3.30e-03   1.08e-07   3.58e-03  17.5%
----------------------------------------------------------------
Total                  1.34e-02   6.99e-03   5.43e-06   2.04e-02 100.0%
                          65.8%      34.2%       0.0%

==========================================================================
04_croc.routed report_design_area
--------------------------------------------------------------------------

==========================================================================
04_croc.routed area by hierarchy
--------------------------------------------------------------------------

--------------------------------------------------------------------------------
Design Area Summary
--------------------------------------------------------------------------------
Die Area:              4629056.0 um2
Core Area:             2200258.368 um2
Total Area:            2570990.8896 um2
Total Active Area:     928270.8896 um2

Core Utilization:      0.42189176648548943
Std Cell Utilization:  0.23940847118101427

--------------------------------------------------------------------------------
Hierarchical Area Report
--------------------------------------------------------------------------------
                                                                                Global Area (um^2)                                                              Global Instances                                                                Local Area (um^2)                                                               Local Instances
                                                                                ------------------------------------------------------------------------------- ------------------------------------------------------------------------------- ------------------------------------------------------------------------------- ----------------------------------------------------------------------------
Hierarchy Name                                                                  Total           StdCell         Macro           Cover           Pad             Total           StdCell         Macro           Cover           Pad             Total           StdCell         Macro           Cover           Pad             Total           StdCell         Macro           Cover           Pad             
-----------------------------------------------------------------------------------------------------------------------------------------------------------------------------------------------------------------------------------------------------------------------------------------------------------------------------------------------------------------------------------------------------------
<top>                                                                           2570990.890     400378.608      527892.282      313600.000      1329120.000     37454           37130           2               64              258             1711487.776     68767.776       0.000           313600.000      1329120.000     10978           10656           0               64              258             
  i_croc_soc                                                                    859503.114      331610.832      527892.282      0.000           0.000           26476           26474           2               0               0               10301.760       10301.760       0.000           0.000           0.000           537             537             0               0               0               
    i_croc                                                                      300984.970      300984.970      0.000           0.000           0.000           23826           23826           0               0               0               21941.338       21941.338       0.000           0.000           0.000           2749            2749            0               0               0               
      i_bootrom                                                                 2740.550        2740.550        0.000           0.000           0.000           302             302             0               0               0               2740.550        2740.550        0.000           0.000           0.000           302             302             0               0               0               
      i_clint                                                                   9879.811        9879.811        0.000           0.000           0.000           719             719             0               0               0               9823.363        9823.363        0.000           0.000           0.000           717             717             0               0               0               
        i_sync                                                                  56.448          56.448          0.000           0.000           0.000           2               2               0               0               0               56.448          56.448          0.000           0.000           0.000           2               2               0               0               0               
      i_core_wrap                                                               140044.666      140044.666      0.000           0.000           0.000           10674           10674           0               0               0               45353.146       45353.146       0.000           0.000           0.000           4260            4260            0               0               0               
        i_core.cs_registers_i                                                   34949.779       34949.779       0.000           0.000           0.000           2893            2893            0               0               0               34949.779       34949.779       0.000           0.000           0.000           2893            2893            0               0               0               
        i_core.register_file_i                                                  59741.741       59741.741       0.000           0.000           0.000           3521            3521            0               0               0               59741.741       59741.741       0.000           0.000           0.000           3521            3521            0               0               0               
      i_dm_top.i_dm_top                                                         47770.531       47770.531       0.000           0.000           0.000           3950            3950            0               0               0               47770.531       47770.531       0.000           0.000           0.000           3950            3950            0               0               0               
      i_dmi_jtag                                                                22758.422       22758.422       0.000           0.000           0.000           1651            1651            0               0               0               9861.466        9861.466        0.000           0.000           0.000           749             749             0               0               0               
        i_dmi_cdc.i_cdc_req                                                     6779.405        6779.405        0.000           0.000           0.000           470             470             0               0               0               141.120         141.120         0.000           0.000           0.000           8               8               0               0               0               
          i_cdc_reset_ctrlr                                                     2346.826        2346.826        0.000           0.000           0.000           195             195             0               0               0               0.000           0.000           0.000           0.000           0.000           0               0               0               0               0               
            i_cdc_reset_ctrlr_half_a                                            1171.296        1171.296        0.000           0.000           0.000           97              97              0               0               0               640.685         640.685         0.000           0.000           0.000           62              62              0               0               0               
              i_state_transition_cdc_dst                                        198.979         198.979         0.000           0.000           0.000           13              13              0               0               0               142.531         142.531         0.000           0.000           0.000           11              11              0               0               0               
                i_sync                                                          56.448          56.448          0.000           0.000           0.000           2               2               0               0               0               56.448          56.448          0.000           0.000           0.000           2               2               0               0               0               
              i_state_transition_cdc_src                                        331.632         331.632         0.000           0.000           0.000           22              22              0               0               0               275.184         275.184         0.000           0.000           0.000           20              20              0               0               0               
                i_sync                                                          56.448          56.448          0.000           0.000           0.000           2               2               0               0               0               56.448          56.448          0.000           0.000           0.000           2               2               0               0               0               
            i_cdc_reset_ctrlr_half_b                                            1175.530        1175.530        0.000           0.000           0.000           98              98              0               0               0               644.918         644.918         0.000           0.000           0.000           63              63              0               0               0               
              i_state_transition_cdc_dst                                        198.979         198.979         0.000           0.000           0.000           13              13              0               0               0               142.531         142.531         0.000           0.000           0.000           11              11              0               0               0               
                i_sync                                                          56.448          56.448          0.000           0.000           0.000           2               2               0               0               0               56.448          56.448          0.000           0.000           0.000           2               2               0               0               0               
              i_state_transition_cdc_src                                        331.632         331.632         0.000           0.000           0.000           22              22              0               0               0               275.184         275.184         0.000           0.000           0.000           20              20              0               0               0               
                i_sync                                                          56.448          56.448          0.000           0.000           0.000           2               2               0               0               0               56.448          56.448          0.000           0.000           0.000           2               2               0               0               0               
          i_dst                                                                 2167.603        2167.603        0.000           0.000           0.000           135             135             0               0               0               2082.931        2082.931        0.000           0.000           0.000           132             132             0               0               0               
            i_sync                                                              84.672          84.672          0.000           0.000           0.000           3               3               0               0               0               84.672          84.672          0.000           0.000           0.000           3               3               0               0               0               
          i_src                                                                 2123.856        2123.856        0.000           0.000           0.000           132             132             0               0               0               2039.184        2039.184        0.000           0.000           0.000           129             129             0               0               0               
            i_sync                                                              84.672          84.672          0.000           0.000           0.000           3               3               0               0               0               84.672          84.672          0.000           0.000           0.000           3               3               0               0               0               
        i_dmi_cdc.i_cdc_resp                                                    6100.618        6100.618        0.000           0.000           0.000           430             430             0               0               0               145.354         145.354         0.000           0.000           0.000           9               9               0               0               0               
          i_cdc_reset_ctrlr                                                     2334.125        2334.125        0.000           0.000           0.000           196             196             0               0               0               0.000           0.000           0.000           0.000           0.000           0               0               0               0               0               
            i_cdc_reset_ctrlr_half_a                                            1162.829        1162.829        0.000           0.000           0.000           99              99              0               0               0               632.218         632.218         0.000           0.000           0.000           64              64              0               0               0               
              i_state_transition_cdc_dst                                        198.979         198.979         0.000           0.000           0.000           13              13              0               0               0               142.531         142.531         0.000           0.000           0.000           11              11              0               0               0               
                i_sync                                                          56.448          56.448          0.000           0.000           0.000           2               2               0               0               0               56.448          56.448          0.000           0.000           0.000           2               2               0               0               0               
              i_state_transition_cdc_src                                        331.632         331.632         0.000           0.000           0.000           22              22              0               0               0               275.184         275.184         0.000           0.000           0.000           20              20              0               0               0               
                i_sync                                                          56.448          56.448          0.000           0.000           0.000           2               2               0               0               0               56.448          56.448          0.000           0.000           0.000           2               2               0               0               0               
            i_cdc_reset_ctrlr_half_b                                            1171.296        1171.296        0.000           0.000           0.000           97              97              0               0               0               640.685         640.685         0.000           0.000           0.000           62              62              0               0               0               
              i_state_transition_cdc_dst                                        198.979         198.979         0.000           0.000           0.000           13              13              0               0               0               142.531         142.531         0.000           0.000           0.000           11              11              0               0               0               
                i_sync                                                          56.448          56.448          0.000           0.000           0.000           2               2               0               0               0               56.448          56.448          0.000           0.000           0.000           2               2               0               0               0               
              i_state_transition_cdc_src                                        331.632         331.632         0.000           0.000           0.000           22              22              0               0               0               275.184         275.184         0.000           0.000           0.000           20              20              0               0               0               
                i_sync                                                          56.448          56.448          0.000           0.000           0.000           2               2               0               0               0               56.448          56.448          0.000           0.000           0.000           2               2               0               0               0               
          i_dst                                                                 1833.149        1833.149        0.000           0.000           0.000           114             114             0               0               0               1748.477        1748.477        0.000           0.000           0.000           111             111             0               0               0               
            i_sync                                                              84.672          84.672          0.000           0.000           0.000           3               3               0               0               0               84.672          84.672          0.000           0.000           0.000           3               3               0               0               0               
          i_src                                                                 1787.990        1787.990        0.000           0.000           0.000           111             111             0               0               0               1703.318        1703.318        0.000           0.000           0.000           108             108             0               0               0               
            i_sync                                                              84.672          84.672          0.000           0.000           0.000           3               3               0               0               0               84.672          84.672          0.000           0.000           0.000           3               3               0               0               0               
        i_dmi_jtag_tap.i_dft_tck_mux                                            12.701          12.701          0.000           0.000           0.000           1               1               0               0               0               12.701          12.701          0.000           0.000           0.000           1               1               0               0               0               
        i_dmi_jtag_tap.i_tck_inv                                                4.234           4.234           0.000           0.000           0.000           1               1               0               0               0               4.234           4.234           0.000           0.000           0.000           1               1               0               0               0               
      i_gpio                                                                    17026.128       17026.128       0.000           0.000           0.000           1224            1224            0               0               0               15219.792       15219.792       0.000           0.000           0.000           1160            1160            0               0               0               
        gen_gpios\[0\].i_sync                                                   56.448          56.448          0.000           0.000           0.000           2               2               0               0               0               56.448          56.448          0.000           0.000           0.000           2               2               0               0               0               
        gen_gpios\[10\].i_sync                                                  56.448          56.448          0.000           0.000           0.000           2               2               0               0               0               56.448          56.448          0.000           0.000           0.000           2               2               0               0               0               
        gen_gpios\[11\].i_sync                                                  56.448          56.448          0.000           0.000           0.000           2               2               0               0               0               56.448          56.448          0.000           0.000           0.000           2               2               0               0               0               
        gen_gpios\[12\].i_sync                                                  56.448          56.448          0.000           0.000           0.000           2               2               0               0               0               56.448          56.448          0.000           0.000           0.000           2               2               0               0               0               
        gen_gpios\[13\].i_sync                                                  56.448          56.448          0.000           0.000           0.000           2               2               0               0               0               56.448          56.448          0.000           0.000           0.000           2               2               0               0               0               
        gen_gpios\[14\].i_sync                                                  56.448          56.448          0.000           0.000           0.000           2               2               0               0               0               56.448          56.448          0.000           0.000           0.000           2               2               0               0               0               
        gen_gpios\[15\].i_sync                                                  56.448          56.448          0.000           0.000           0.000           2               2               0               0               0               56.448          56.448          0.000           0.000           0.000           2               2               0               0               0               
        gen_gpios\[16\].i_sync                                                  56.448          56.448          0.000           0.000           0.000           2               2               0               0               0               56.448          56.448          0.000           0.000           0.000           2               2               0               0               0               
        gen_gpios\[17\].i_sync                                                  56.448          56.448          0.000           0.000           0.000           2               2               0               0               0               56.448          56.448          0.000           0.000           0.000           2               2               0               0               0               
        gen_gpios\[18\].i_sync                                                  56.448          56.448          0.000           0.000           0.000           2               2               0               0               0               56.448          56.448          0.000           0.000           0.000           2               2               0               0               0               
        gen_gpios\[19\].i_sync                                                  56.448          56.448          0.000           0.000           0.000           2               2               0               0               0               56.448          56.448          0.000           0.000           0.000           2               2               0               0               0               
        gen_gpios\[1\].i_sync                                                   56.448          56.448          0.000           0.000           0.000           2               2               0               0               0               56.448          56.448          0.000           0.000           0.000           2               2               0               0               0               
        gen_gpios\[20\].i_sync                                                  56.448          56.448          0.000           0.000           0.000           2               2               0               0               0               56.448          56.448          0.000           0.000           0.000           2               2               0               0               0               
        gen_gpios\[21\].i_sync                                                  56.448          56.448          0.000           0.000           0.000           2               2               0               0               0               56.448          56.448          0.000           0.000           0.000           2               2               0               0               0               
        gen_gpios\[22\].i_sync                                                  56.448          56.448          0.000           0.000           0.000           2               2               0               0               0               56.448          56.448          0.000           0.000           0.000           2               2               0               0               0               
        gen_gpios\[23\].i_sync                                                  56.448          56.448          0.000           0.000           0.000           2               2               0               0               0               56.448          56.448          0.000           0.000           0.000           2               2               0               0               0               
        gen_gpios\[24\].i_sync                                                  56.448          56.448          0.000           0.000           0.000           2               2               0               0               0               56.448          56.448          0.000           0.000           0.000           2               2               0               0               0               
        gen_gpios\[25\].i_sync                                                  56.448          56.448          0.000           0.000           0.000           2               2               0               0               0               56.448          56.448          0.000           0.000           0.000           2               2               0               0               0               
        gen_gpios\[26\].i_sync                                                  56.448          56.448          0.000           0.000           0.000           2               2               0               0               0               56.448          56.448          0.000           0.000           0.000           2               2               0               0               0               
        gen_gpios\[27\].i_sync                                                  56.448          56.448          0.000           0.000           0.000           2               2               0               0               0               56.448          56.448          0.000           0.000           0.000           2               2               0               0               0               
        gen_gpios\[28\].i_sync                                                  56.448          56.448          0.000           0.000           0.000           2               2               0               0               0               56.448          56.448          0.000           0.000           0.000           2               2               0               0               0               
        gen_gpios\[29\].i_sync                                                  56.448          56.448          0.000           0.000           0.000           2               2               0               0               0               56.448          56.448          0.000           0.000           0.000           2               2               0               0               0               
        gen_gpios\[2\].i_sync                                                   56.448          56.448          0.000           0.000           0.000           2               2               0               0               0               56.448          56.448          0.000           0.000           0.000           2               2               0               0               0               
        gen_gpios\[30\].i_sync                                                  56.448          56.448          0.000           0.000           0.000           2               2               0               0               0               56.448          56.448          0.000           0.000           0.000           2               2               0               0               0               
        gen_gpios\[31\].i_sync                                                  56.448          56.448          0.000           0.000           0.000           2               2               0               0               0               56.448          56.448          0.000           0.000           0.000           2               2               0               0               0               
        gen_gpios\[3\].i_sync                                                   56.448          56.448          0.000           0.000           0.000           2               2               0               0               0               56.448          56.448          0.000           0.000           0.000           2               2               0               0               0               
        gen_gpios\[4\].i_sync                                                   56.448          56.448          0.000           0.000           0.000           2               2               0               0               0               56.448          56.448          0.000           0.000           0.000           2               2               0               0               0               
        gen_gpios\[5\].i_sync                                                   56.448          56.448          0.000           0.000           0.000           2               2               0               0               0               56.448          56.448          0.000           0.000           0.000           2               2               0               0               0               
        gen_gpios\[6\].i_sync                                                   56.448          56.448          0.000           0.000           0.000           2               2               0               0               0               56.448          56.448          0.000           0.000           0.000           2               2               0               0               0               
        gen_gpios\[7\].i_sync                                                   56.448          56.448          0.000           0.000           0.000           2               2               0               0               0               56.448          56.448          0.000           0.000           0.000           2               2               0               0               0               
        gen_gpios\[8\].i_sync                                                   56.448          56.448          0.000           0.000           0.000           2               2               0               0               0               56.448          56.448          0.000           0.000           0.000           2               2               0               0               0               
        gen_gpios\[9\].i_sync                                                   56.448          56.448          0.000           0.000           0.000           2               2               0               0               0               56.448          56.448          0.000           0.000           0.000           2               2               0               0               0               
      i_obi_timer                                                               6691.910        6691.910        0.000           0.000           0.000           505             505             0               0               0               6691.910        6691.910        0.000           0.000           0.000           505             505             0               0               0               
      i_soc_ctrl                                                                4067.078        4067.078        0.000           0.000           0.000           280             280             0               0               0               4067.078        4067.078        0.000           0.000           0.000           280             280             0               0               0               
      i_uart                                                                    28064.534       28064.534       0.000           0.000           0.000           1772            1772            0               0               0               27765.360       27765.360       0.000           0.000           0.000           1758            1758            0               0               0               
        i_uart_modem.i_sync_cd                                                  60.682          60.682          0.000           0.000           0.000           3               3               0               0               0               60.682          60.682          0.000           0.000           0.000           3               3               0               0               0               
        i_uart_modem.i_sync_cts                                                 60.682          60.682          0.000           0.000           0.000           3               3               0               0               0               60.682          60.682          0.000           0.000           0.000           3               3               0               0               0               
        i_uart_modem.i_sync_dsr                                                 60.682          60.682          0.000           0.000           0.000           3               3               0               0               0               60.682          60.682          0.000           0.000           0.000           3               3               0               0               0               
        i_uart_modem.i_sync_ri                                                  60.682          60.682          0.000           0.000           0.000           3               3               0               0               0               60.682          60.682          0.000           0.000           0.000           3               3               0               0               0               
        i_uart_rx.i_sync                                                        56.448          56.448          0.000           0.000           0.000           2               2               0               0               0               56.448          56.448          0.000           0.000           0.000           2               2               0               0               0               
    i_rstgen.i_rstgen_bypass.i_tc_clk_mux2_init_no                              16.934          16.934          0.000           0.000           0.000           2               2               0               0               0               16.934          16.934          0.000           0.000           0.000           2               2               0               0               0               
    i_rstgen.i_rstgen_bypass.i_tc_clk_mux2_rst_n                                12.701          12.701          0.000           0.000           0.000           1               1               0               0               0               12.701          12.701          0.000           0.000           0.000           1               1               0               0               0               
    i_rstgen.i_rstgen_bypass.i_tc_clk_mux2_rst_no                               12.701          12.701          0.000           0.000           0.000           1               1               0               0               0               12.701          12.701          0.000           0.000           0.000           1               1               0               0               0               
    i_user                                                                      548174.048      20281.766       527892.282      0.000           0.000           2109            2107            2               0               0               18960.883       18960.883       0.000           0.000           0.000           1795            1795            0               0               0               
      gen_sram_bank\[0\].i_sram_macro.gen_secded.i_sram                         264606.582      660.442         263946.141      0.000           0.000           157             156             1               0               0               264606.582      660.442         263946.141      0.000           0.000           157             156             1               0               0               
      gen_sram_bank\[1\].i_sram_macro.gen_secded.i_sram                         264606.582      660.442         263946.141      0.000           0.000           157             156             1               0               0               264606.582      660.442         263946.141      0.000           0.000           157             156             1               0               0               
