violation type: Metal Spacing
	srcs: net:net8196 net:net7738
	bbox = (1169.2150, 1267.9550) - (1169.4000, 1268.0800) on Layer Metal2
violation type: Metal Spacing
	srcs: net:net8196 net:net7738
	bbox = (1169.2150, 1268.0450) - (1169.3900, 1268.0800) on Layer Metal2
violation type: Metal Spacing
	srcs: net:i_croc_soc/i_croc/i_dmi_jtag/i_dmi_cdc.i_cdc_resp/i_cdc_reset_ctrlr/i_cdc_reset_ctrlr_half_b/i_state_transition_cdc_src/_00_
	bbox = (517.3750, 908.9500) - (517.5450, 908.9850) on Layer Metal1
violation type: Metal Spacing
	srcs: net:i_croc_soc/i_croc/_2331_
	bbox = (1067.9500, 1321.6350) - (1068.1250, 1321.8450) on Layer Metal1
violation type: Metal Spacing
	srcs: net:i_croc_soc/i_croc/_2331_
	bbox = (1067.9500, 1321.6650) - (1068.1250, 1321.8450) on Layer Metal1
violation type: Metal Spacing
	srcs: net:i_croc_soc/i_croc/_2347_
	bbox = (1066.2700, 1328.3550) - (1066.4450, 1328.5650) on Layer Metal1
violation type: Metal Spacing
	srcs: net:i_croc_soc/i_croc/_2347_
	bbox = (1066.2700, 1328.3850) - (1066.4450, 1328.5650) on Layer Metal1
violation type: Metal Spacing
	srcs: net:i_croc_soc/i_croc/i_dmi_jtag/dtmcs_q_6_
	bbox = (444.7150, 929.1100) - (444.8850, 929.1450) on Layer Metal1
violation type: Metal Spacing
	srcs: net:i_croc_soc/i_croc/i_dmi_jtag/i_dmi_cdc.i_cdc_resp/i_cdc_reset_ctrlr/i_cdc_reset_ctrlr_half_a/i_state_transition_cdc_src/_00_
	bbox = (502.2550, 882.0700) - (502.4250, 882.1050) on Layer Metal1
violation type: Metal Spacing
	srcs: net:i_croc_soc/i_croc/i_main_xbar.gen_demux\[1\].i_demux.i_counter.overflow_o
	bbox = (1042.3750, 1144.1500) - (1042.5450, 1144.1850) on Layer Metal1
violation type: Metal Spacing
	srcs: net:i_croc_soc/i_croc/_2335_
	bbox = (1097.3500, 1314.9150) - (1097.5250, 1315.1250) on Layer Metal1
violation type: Metal Spacing
	srcs: net:i_croc_soc/i_croc/_2335_
	bbox = (1097.3500, 1314.9450) - (1097.5250, 1315.1250) on Layer Metal1
violation type: Metal Spacing
	srcs: net:i_croc_soc/i_croc/_2313_
	bbox = (1101.9700, 1314.9150) - (1102.1450, 1315.1250) on Layer Metal1
violation type: Metal Spacing
	srcs: net:i_croc_soc/i_croc/_2313_
	bbox = (1101.9700, 1314.9450) - (1102.1450, 1315.1250) on Layer Metal1
violation type: Metal Spacing
	srcs: net:i_croc_soc/i_croc/_2381_
	bbox = (1110.3700, 1314.9150) - (1110.5450, 1315.1250) on Layer Metal1
violation type: Metal Spacing
	srcs: net:i_croc_soc/i_croc/_2381_
	bbox = (1110.3700, 1314.9450) - (1110.5450, 1315.1250) on Layer Metal1
violation type: Metal Spacing
	srcs: net:i_croc_soc/i_croc/_2350_
	bbox = (1092.3100, 1321.6350) - (1092.4850, 1321.8450) on Layer Metal1
violation type: Metal Spacing
	srcs: net:i_croc_soc/i_croc/_2350_
	bbox = (1092.3100, 1321.6650) - (1092.4850, 1321.8450) on Layer Metal1
violation type: Metal Spacing
	srcs: net:i_croc_soc/i_croc/_1327_
	bbox = (1126.7500, 1314.9150) - (1126.9250, 1315.1250) on Layer Metal1
violation type: Metal Spacing
	srcs: net:i_croc_soc/i_croc/_1327_
	bbox = (1126.7500, 1314.9450) - (1126.9250, 1315.1250) on Layer Metal1
violation type: Metal Spacing
	srcs: net:i_croc_soc/i_croc/_2327_
	bbox = (1121.7100, 1328.3550) - (1121.8850, 1328.5650) on Layer Metal1
violation type: Metal Spacing
	srcs: net:i_croc_soc/i_croc/_2327_
	bbox = (1121.7100, 1328.3850) - (1121.8850, 1328.5650) on Layer Metal1
violation type: Metal Spacing
	srcs: net:i_croc_soc/i_croc/_2310_
	bbox = (1094.8300, 1335.0750) - (1095.0050, 1335.2850) on Layer Metal1
violation type: Metal Spacing
	srcs: net:i_croc_soc/i_croc/_2310_
	bbox = (1094.8300, 1335.1050) - (1095.0050, 1335.2850) on Layer Metal1
violation type: Metal Spacing
	srcs: net:i_croc_soc/i_croc/_2428_
	bbox = (1099.8700, 1335.0750) - (1100.0450, 1335.2850) on Layer Metal1
violation type: Metal Spacing
	srcs: net:i_croc_soc/i_croc/_2428_
	bbox = (1099.8700, 1335.1050) - (1100.0450, 1335.2850) on Layer Metal1
violation type: Metal Spacing
	srcs: net:i_croc_soc/i_croc/_2468_
	bbox = (1107.8500, 1335.0750) - (1108.0250, 1335.2850) on Layer Metal1
violation type: Metal Spacing
	srcs: net:i_croc_soc/i_croc/_2468_
	bbox = (1107.8500, 1335.1050) - (1108.0250, 1335.2850) on Layer Metal1
violation type: Metal Spacing
	srcs: net:i_croc_soc/i_croc/_2390_
	bbox = (1116.2500, 1335.0750) - (1116.4250, 1335.2850) on Layer Metal1
violation type: Metal Spacing
	srcs: net:i_croc_soc/i_croc/_2390_
	bbox = (1116.2500, 1335.1050) - (1116.4250, 1335.2850) on Layer Metal1
violation type: Metal Spacing
	srcs: net:net2712
	bbox = (1542.9700, 1193.9550) - (1543.1450, 1194.1650) on Layer Metal1
violation type: Metal Spacing
	srcs: net:net2712
	bbox = (1542.9700, 1193.9850) - (1543.1450, 1194.1650) on Layer Metal1
